--------- beginning of system
E/        (    0): get oem crc from oem: 0X1bfda72f
--------- beginning of events
I/auditd  (  171): type=2000 audit(0.0:1): initialized
I/auditd  (  171): type=1403 audit(0.0:2): policy loaded auid=4294967295 ses=4294967295
I/auditd  (  187): type=1400 audit(0.0:3): avc: denied { read write } for comm="lcdparamservice" name="oem" dev="tmpfs" ino=1204 scontext=u:r:lcdparamservice:s0 tcontext=u:object_r:device:s0 tclass=chr_file permissive=1
I/auditd  (  187): type=1400 audit(0.0:4): avc: denied { open } for comm="lcdparamservice" path="/dev/oem" dev="tmpfs" ino=1204 scontext=u:r:lcdparamservice:s0 tcontext=u:object_r:device:s0 tclass=chr_file permissive=1
I/auditd  (  187): type=1400 audit(0.0:5): avc: denied { ioctl } for comm="lcdparamservice" path="/dev/oem" dev="tmpfs" ino=1204 ioctlcmd=ee01 scontext=u:r:lcdparamservice:s0 tcontext=u:object_r:device:s0 tclass=chr_file permissive=1
E/DrmService(    0): ----------------running drmservice---------------
E/DrmService(    0): sndata:
E/DrmService(    0): 0 0 0 0
E/DrmService(    0): 0 0 0 0
E/DrmService(    0): get serialno from idb,serialno = 
E/DrmService(    0): drm keybox disable!!
E/DrmService(    0): detect keybox disabled
I/Vold    (  176): Vold 2.1 (the revenge) firing up
E/Vold    (  176): Volume::Volume mDiskVolumeLabel = USB_DISK0
E/Vold    (  176): Volume::Volume mLabel = internal_sd
D/Vold    (  176): Volume internal_sd state changing -1 (Initializing) -> 0 (No-Media)
E/Vold    (  176): label internal_sd addPath /devices/ff0f0000.rksdmmc/mmc_host/mmc
E/Vold    (  176): Volume::Volume mDiskVolumeLabel = USB_DISK0
E/Vold    (  176): Volume::Volume mLabel = external_sd
I/Vold    (  176): Error(call No.1) opening /sys/sd-sdio/rescan in the file of Volume.cpp
D/Vold    (  176): Volume external_sd state changing -1 (Initializing) -> 0 (No-Media)
E/Vold    (  176): label external_sd addPath /devices/ff0c0000.rksdmmc/mmc_host/mmc
E/Vold    (  176): Volume::Volume mDiskVolumeLabel = USB_DISK0
E/Vold    (  176): Volume::Volume mLabel = usb_storage
D/Vold    (  176): Volume usb_storage state changing -1 (Initializing) -> 0 (No-Media)
E/Vold    (  176): label usb_storage addPath /devices/ff580000.usb
E/Vold    (  176): Volume::Volume mDiskVolumeLabel = USB_DISK1
E/Vold    (  176): Volume::Volume mLabel = usb_storage
D/Vold    (  176): Volume usb_storage state changing -1 (Initializing) -> 0 (No-Media)
E/Vold    (  176): label usb_storage addPath /devices/ff500000.usb
E/Vold    (  176): Volume::Volume mDiskVolumeLabel = USB_DISK2
E/Vold    (  176): Volume::Volume mLabel = usb_storage
D/Vold    (  176): Volume usb_storage state changing -1 (Initializing) -> 0 (No-Media)
E/Vold    (  176): label usb_storage addPath /devices/ff540000.usb
E/Vold    (  176): Volume::Volume mDiskVolumeLabel = USB_DISK3
E/Vold    (  176): Volume::Volume mLabel = usb_storage
D/Vold    (  176): Volume usb_storage state changing -1 (Initializing) -> 0 (No-Media)
E/Vold    (  176): label usb_storage addPath /devices/ff540000.usb
E/Vold    (  176): Volume::Volume mDiskVolumeLabel = USB_DISK4
E/Vold    (  176): Volume::Volume mLabel = usb_storage
D/Vold    (  176): Volume usb_storage state changing -1 (Initializing) -> 0 (No-Media)
E/Vold    (  176): label usb_storage addPath /devices/ff540000.usb
E/Vold    (  176): Volume::Volume mDiskVolumeLabel = USB_DISK5
E/Vold    (  176): Volume::Volume mLabel = usb_storage
D/Vold    (  176): Volume usb_storage state changing -1 (Initializing) -> 0 (No-Media)
E/Vold    (  176): label usb_storage addPath /devices/ff540000.usb
E/Vold    (  176): Start Misc devices Manager...
D/Vold    (  176): Vendor path: /sys/bus/usb/devices/1-1/idVendor
D/Vold    (  176): === config_file is: 0000_0000
D/DirectVolume(  176): directvolume DEVPATH = /devices/virtual/block/loop0.
D/DirectVolume(  176): directvolume DEVPATH = /devices/virtual/block/loop0.
D/DirectVolume(  176): directvolume DEVPATH = /devices/virtual/block/loop0.
D/DirectVolume(  176): directvolume DEVPATH = /devices/virtual/block/loop0.
D/DirectVolume(  176): directvolume DEVPATH = /devices/virtual/block/loop0.
D/DirectVolume(  176): directvolume DEVPATH = /devices/virtual/block/loop0.
D/DirectVolume(  176): directvolume DEVPATH = /devices/virtual/block/loop0.
D/DirectVolume(  176): directvolume DEVPATH = /devices/virtual/block/loop0.
W/Vold    (  176): No volumes handled block event for '/devices/virtual/block/loop0'
D/DirectVolume(  176): directvolume DEVPATH = /devices/virtual/block/loop1.
D/DirectVolume(  176): directvolume DEVPATH = /devices/virtual/block/loop1.
D/DirectVolume(  176): directvolume DEVPATH = /devices/virtual/block/loop1.
D/DirectVolume(  176): directvolume DEVPATH = /devices/virtual/block/loop1.
D/DirectVolume(  176): directvolume DEVPATH = /devices/virtual/block/loop1.
D/DirectVolume(  176): directvolume DEVPATH = /devices/virtual/block/loop1.
D/DirectVolume(  176): directvolume DEVPATH = /devices/virtual/block/loop1.
D/DirectVolume(  176): directvolume DEVPATH = /devices/virtual/block/loop1.
W/Vold    (  176): No volumes handled block event for '/devices/virtual/block/loop1'
D/DirectVolume(  176): directvolume DEVPATH = /devices/virtual/block/loop2.
D/DirectVolume(  176): directvolume DEVPATH = /devices/virtual/block/loop2.
D/DirectVolume(  176): directvolume DEVPATH = /devices/virtual/block/loop2.
D/DirectVolume(  176): directvolume DEVPATH = /devices/virtual/block/loop2.
D/DirectVolume(  176): directvolume DEVPATH = /devices/virtual/block/loop2.
D/DirectVolume(  176): directvolume DEVPATH = /devices/virtual/block/loop2.
D/DirectVolume(  176): directvolume DEVPATH = /devices/virtual/block/loop2.
D/DirectVolume(  176): directvolume DEVPATH = /devices/virtual/block/loop2.
W/Vold    (  176): No volumes handled block event for '/devices/virtual/block/loop2'
D/DirectVolume(  176): directvolume DEVPATH = /devices/virtual/block/loop3.
D/DirectVolume(  176): directvolume DEVPATH = /devices/virtual/block/loop3.
D/DirectVolume(  176): directvolume DEVPATH = /devices/virtual/block/loop3.
D/DirectVolume(  176): directvolume DEVPATH = /devices/virtual/block/loop3.
D/DirectVolume(  176): directvolume DEVPATH = /devices/virtual/block/loop3.
D/DirectVolume(  176): directvolume DEVPATH = /devices/virtual/block/loop3.
D/DirectVolume(  176): directvolume DEVPATH = /devices/virtual/block/loop3.
D/DirectVolume(  176): directvolume DEVPATH = /devices/virtual/block/loop3.
W/Vold    (  176): No volumes handled block event for '/devices/virtual/block/loop3'
D/DirectVolume(  176): directvolume DEVPATH = /devices/virtual/block/loop4.
D/DirectVolume(  176): directvolume DEVPATH = /devices/virtual/block/loop4.
D/DirectVolume(  176): directvolume DEVPATH = /devices/virtual/block/loop4.
D/DirectVolume(  176): directvolume DEVPATH = /devices/virtual/block/loop4.
D/DirectVolume(  176): directvolume DEVPATH = /devices/virtual/block/loop4.
D/DirectVolume(  176): directvolume DEVPATH = /devices/virtual/block/loop4.
D/DirectVolume(  176): directvolume DEVPATH = /devices/virtual/block/loop4.
D/DirectVolume(  176): directvolume DEVPATH = /devices/virtual/block/loop4.
W/Vold    (  176): No volumes handled block event for '/devices/virtual/block/loop4'
D/DirectVolume(  176): directvolume DEVPATH = /devices/virtual/block/loop5.
D/DirectVolume(  176): directvolume DEVPATH = /devices/virtual/block/loop5.
D/DirectVolume(  176): directvolume DEVPATH = /devices/virtual/block/loop5.
D/DirectVolume(  176): directvolume DEVPATH = /devices/virtual/block/loop5.
D/DirectVolume(  176): directvolume DEVPATH = /devices/virtual/block/loop5.
D/DirectVolume(  176): directvolume DEVPATH = /devices/virtual/block/loop5.
D/DirectVolume(  176): directvolume DEVPATH = /devices/virtual/block/loop5.
D/DirectVolume(  176): directvolume DEVPATH = /devices/virtual/block/loop5.
W/Vold    (  176): No volumes handled block event for '/devices/virtual/block/loop5'
D/DirectVolume(  176): directvolume DEVPATH = /devices/virtual/block/loop6.
D/DirectVolume(  176): directvolume DEVPATH = /devices/virtual/block/loop6.
D/DirectVolume(  176): directvolume DEVPATH = /devices/virtual/block/loop6.
D/DirectVolume(  176): directvolume DEVPATH = /devices/virtual/block/loop6.
D/DirectVolume(  176): directvolume DEVPATH = /devices/virtual/block/loop6.
D/DirectVolume(  176): directvolume DEVPATH = /devices/virtual/block/loop6.
D/DirectVolume(  176): directvolume DEVPATH = /devices/virtual/block/loop6.
D/DirectVolume(  176): directvolume DEVPATH = /devices/virtual/block/loop6.
W/Vold    (  176): No volumes handled block event for '/devices/virtual/block/loop6'
D/DirectVolume(  176): directvolume DEVPATH = /devices/virtual/block/loop7.
D/DirectVolume(  176): directvolume DEVPATH = /devices/virtual/block/loop7.
D/DirectVolume(  176): directvolume DEVPATH = /devices/virtual/block/loop7.
D/DirectVolume(  176): directvolume DEVPATH = /devices/virtual/block/loop7.
D/DirectVolume(  176): directvolume DEVPATH = /devices/virtual/block/loop7.
D/DirectVolume(  176): directvolume DEVPATH = /devices/virtual/block/loop7.
D/DirectVolume(  176): directvolume DEVPATH = /devices/virtual/block/loop7.
D/DirectVolume(  176): directvolume DEVPATH = /devices/virtual/block/loop7.
W/Vold    (  176): No volumes handled block event for '/devices/virtual/block/loop7'
D/DirectVolume(  176): directvolume DEVPATH = /devices/virtual/block/zram0.
D/DirectVolume(  176): directvolume DEVPATH = /devices/virtual/block/zram0.
D/DirectVolume(  176): directvolume DEVPATH = /devices/virtual/block/zram0.
D/DirectVolume(  176): directvolume DEVPATH = /devices/virtual/block/zram0.
D/DirectVolume(  176): directvolume DEVPATH = /devices/virtual/block/zram0.
D/DirectVolume(  176): directvolume DEVPATH = /devices/virtual/block/zram0.
D/DirectVolume(  176): directvolume DEVPATH = /devices/virtual/block/zram0.
D/DirectVolume(  176): directvolume DEVPATH = /devices/virtual/block/zram0.
W/Vold    (  176): No volumes handled block event for '/devices/virtual/block/zram0'
D/DirectVolume(  176): directvolume DEVPATH = /devices/ff0f0000.rksdmmc/mmc_host/mmc0/mmc0:0001/block/mmcblk0.
W/DirectVolume(  176): Deprecated implied prefix pattern detected, please use '/devices/ff0f0000.rksdmmc/mmc_host/mmc*' instead
D/DirectVolume(  176): DEVTYPE = disk.
D/DirectVolume(  176): getLabel = internal_sd,devtype = disk,getDevPath = (null).
D/DirectVolume(  176): ----handleDiskAdded,mDiskNumParts =16,mDiskMajor=179,mDiskMinor=0
D/DirectVolume(  176): Dv::diskIns - waiting for 16 pending partitions
D/Vold    (  176): Volume internal_sd state changing 0 (No-Media) -> 2 (Pending)
D/Vold    (  176): Device '/devices/ff0f0000.rksdmmc/mmc_host/mmc0/mmc0:0001/block/mmcblk0' event handled by volume internal_sd
D/DirectVolume(  176): directvolume DEVPATH = /devices/ff0f0000.rksdmmc/mmc_host/mmc0/mmc0:0001/block/mmcblk0/mmcblk0p1.
D/DirectVolume(  176): DEVTYPE = partition.
D/DirectVolume(  176): getLabel = internal_sd,devtype = partition,getDevPath = (null).
D/DirectVolume(  176): ---handlePartitionAdded,part_num=1,major=179,minor=1,mDiskMajor=179
D/DirectVolume(  176): Dv:partAdd: part_num = 1, minor = 1
D/DirectVolume(  176): Dv:partAdd: pending 15 disk
D/Vold    (  176): Device '/devices/ff0f0000.rksdmmc/mmc_host/mmc0/mmc0:0001/block/mmcblk0/mmcblk0p1' event handled by volume internal_sd
D/DirectVolume(  176): directvolume DEVPATH = /devices/ff0f0000.rksdmmc/mmc_host/mmc0/mmc0:0001/block/mmcblk0/mmcblk0p2.
D/DirectVolume(  176): DEVTYPE = partition.
D/DirectVolume(  176): getLabel = internal_sd,devtype = partition,getDevPath = (null).
D/DirectVolume(  176): ---handlePartitionAdded,part_num=2,major=179,minor=2,mDiskMajor=179
D/DirectVolume(  176): Dv:partAdd: part_num = 2, minor = 2
D/DirectVolume(  176): Dv:partAdd: pending 14 disk
D/Vold    (  176): Device '/devices/ff0f0000.rksdmmc/mmc_host/mmc0/mmc0:0001/block/mmcblk0/mmcblk0p2' event handled by volume internal_sd
D/DirectVolume(  176): directvolume DEVPATH = /devices/ff0f0000.rksdmmc/mmc_host/mmc0/mmc0:0001/block/mmcblk0/mmcblk0p3.
D/DirectVolume(  176): DEVTYPE = partition.
D/DirectVolume(  176): getLabel = internal_sd,devtype = partition,getDevPath = (null).
D/DirectVolume(  176): ---handlePartitionAdded,part_num=3,major=179,minor=3,mDiskMajor=179
D/DirectVolume(  176): Dv:partAdd: part_num = 3, minor = 3
D/DirectVolume(  176): Dv:partAdd: pending 13 disk
D/Vold    (  176): Device '/devices/ff0f0000.rksdmmc/mmc_host/mmc0/mmc0:0001/block/mmcblk0/mmcblk0p3' event handled by volume internal_sd
D/DirectVolume(  176): directvolume DEVPATH = /devices/ff0f0000.rksdmmc/mmc_host/mmc0/mmc0:0001/block/mmcblk0/mmcblk0p4.
D/DirectVolume(  176): DEVTYPE = partition.
D/DirectVolume(  176): getLabel = internal_sd,devtype = partition,getDevPath = (null).
D/DirectVolume(  176): ---handlePartitionAdded,part_num=4,major=179,minor=4,mDiskMajor=179
D/DirectVolume(  176): Dv:partAdd: part_num = 4, minor = 4
D/DirectVolume(  176): Dv:partAdd: pending 12 disk
D/Vold    (  176): Device '/devices/ff0f0000.rksdmmc/mmc_host/mmc0/mmc0:0001/block/mmcblk0/mmcblk0p4' event handled by volume internal_sd
D/DirectVolume(  176): directvolume DEVPATH = /devices/ff0f0000.rksdmmc/mmc_host/mmc0/mmc0:0001/block/mmcblk0/mmcblk0p5.
D/DirectVolume(  176): DEVTYPE = partition.
D/DirectVolume(  176): getLabel = internal_sd,devtype = partition,getDevPath = (null).
D/DirectVolume(  176): ---handlePartitionAdded,part_num=5,major=179,minor=5,mDiskMajor=179
D/DirectVolume(  176): Dv:partAdd: part_num = 5, minor = 5
D/DirectVolume(  176): Dv:partAdd: pending 11 disk
D/Vold    (  176): Device '/devices/ff0f0000.rksdmmc/mmc_host/mmc0/mmc0:0001/block/mmcblk0/mmcblk0p5' event handled by volume internal_sd
D/DirectVolume(  176): directvolume DEVPATH = /devices/ff0f0000.rksdmmc/mmc_host/mmc0/mmc0:0001/block/mmcblk0/mmcblk0p6.
D/DirectVolume(  176): DEVTYPE = partition.
D/DirectVolume(  176): getLabel = internal_sd,devtype = partition,getDevPath = (null).
D/DirectVolume(  176): ---handlePartitionAdded,part_num=6,major=179,minor=6,mDiskMajor=179
D/DirectVolume(  176): Dv:partAdd: part_num = 6, minor = 6
D/DirectVolume(  176): Dv:partAdd: pending 10 disk
D/Vold    (  176): Device '/devices/ff0f0000.rksdmmc/mmc_host/mmc0/mmc0:0001/block/mmcblk0/mmcblk0p6' event handled by volume internal_sd
D/DirectVolume(  176): directvolume DEVPATH = /devices/ff0f0000.rksdmmc/mmc_host/mmc0/mmc0:0001/block/mmcblk0/mmcblk0p7.
D/DirectVolume(  176): DEVTYPE = partition.
D/DirectVolume(  176): getLabel = internal_sd,devtype = partition,getDevPath = (null).
D/DirectVolume(  176): ---handlePartitionAdded,part_num=7,major=179,minor=7,mDiskMajor=179
D/DirectVolume(  176): Dv:partAdd: part_num = 7, minor = 7
D/DirectVolume(  176): Dv:partAdd: pending 9 disk
D/Vold    (  176): Device '/devices/ff0f0000.rksdmmc/mmc_host/mmc0/mmc0:0001/block/mmcblk0/mmcblk0p7' event handled by volume internal_sd
D/DirectVolume(  176): directvolume DEVPATH = /devices/ff0f0000.rksdmmc/mmc_host/mmc0/mmc0:0001/block/mmcblk0/mmcblk0p8.
D/DirectVolume(  176): DEVTYPE = partition.
D/DirectVolume(  176): getLabel = internal_sd,devtype = partition,getDevPath = (null).
D/DirectVolume(  176): ---handlePartitionAdded,part_num=8,major=179,minor=8,mDiskMajor=179
D/DirectVolume(  176): Dv:partAdd: part_num = 8, minor = 8
D/DirectVolume(  176): Dv:partAdd: pending 8 disk
D/Vold    (  176): Device '/devices/ff0f0000.rksdmmc/mmc_host/mmc0/mmc0:0001/block/mmcblk0/mmcblk0p8' event handled by volume internal_sd
D/DirectVolume(  176): directvolume DEVPATH = /devices/ff0f0000.rksdmmc/mmc_host/mmc0/mmc0:0001/block/mmcblk0/mmcblk0p9.
D/DirectVolume(  176): DEVTYPE = partition.
D/DirectVolume(  176): getLabel = internal_sd,devtype = partition,getDevPath = (null).
D/DirectVolume(  176): ---handlePartitionAdded,part_num=9,major=179,minor=9,mDiskMajor=179
D/DirectVolume(  176): Dv:partAdd: part_num = 9, minor = 9
D/DirectVolume(  176): Dv:partAdd: pending 7 disk
D/Vold    (  176): Device '/devices/ff0f0000.rksdmmc/mmc_host/mmc0/mmc0:0001/block/mmcblk0/mmcblk0p9' event handled by volume internal_sd
D/DirectVolume(  176): directvolume DEVPATH = /devices/ff0f0000.rksdmmc/mmc_host/mmc0/mmc0:0001/block/mmcblk0/mmcblk0p10.
D/DirectVolume(  176): DEVTYPE = partition.
D/DirectVolume(  176): getLabel = internal_sd,devtype = partition,getDevPath = (null).
D/DirectVolume(  176): ---handlePartitionAdded,part_num=10,major=179,minor=10,mDiskMajor=179
D/DirectVolume(  176): Dv:partAdd: part_num = 10, minor = 10
D/DirectVolume(  176): Dv:partAdd: pending 6 disk
D/Vold    (  176): Device '/devices/ff0f0000.rksdmmc/mmc_host/mmc0/mmc0:0001/block/mmcblk0/mmcblk0p10' event handled by volume internal_sd
D/DirectVolume(  176): directvolume DEVPATH = /devices/ff0f0000.rksdmmc/mmc_host/mmc0/mmc0:0001/block/mmcblk0/mmcblk0p11.
D/DirectVolume(  176): DEVTYPE = partition.
D/DirectVolume(  176): getLabel = internal_sd,devtype = partition,getDevPath = (null).
D/DirectVolume(  176): ---handlePartitionAdded,part_num=11,major=179,minor=11,mDiskMajor=179
D/DirectVolume(  176): Dv:partAdd: part_num = 11, minor = 11
D/DirectVolume(  176): Dv:partAdd: pending 5 disk
D/Vold    (  176): Device '/devices/ff0f0000.rksdmmc/mmc_host/mmc0/mmc0:0001/block/mmcblk0/mmcblk0p11' event handled by volume internal_sd
D/DirectVolume(  176): directvolume DEVPATH = /devices/ff0f0000.rksdmmc/mmc_host/mmc0/mmc0:0001/block/mmcblk0/mmcblk0p12.
D/DirectVolume(  176): DEVTYPE = partition.
D/DirectVolume(  176): getLabel = internal_sd,devtype = partition,getDevPath = (null).
D/DirectVolume(  176): ---handlePartitionAdded,part_num=12,major=179,minor=12,mDiskMajor=179
D/DirectVolume(  176): Dv:partAdd: part_num = 12, minor = 12
D/DirectVolume(  176): Dv:partAdd: pending 4 disk
D/Vold    (  176): Device '/devices/ff0f0000.rksdmmc/mmc_host/mmc0/mmc0:0001/block/mmcblk0/mmcblk0p12' event handled by volume internal_sd
D/DirectVolume(  176): directvolume DEVPATH = /devices/ff0f0000.rksdmmc/mmc_host/mmc0/mmc0:0001/block/mmcblk0/mmcblk0p13.
D/DirectVolume(  176): DEVTYPE = partition.
D/DirectVolume(  176): getLabel = internal_sd,devtype = partition,getDevPath = (null).
D/DirectVolume(  176): ---handlePartitionAdded,part_num=13,major=179,minor=13,mDiskMajor=179
D/DirectVolume(  176): Dv:partAdd: part_num = 13, minor = 13
D/DirectVolume(  176): Dv:partAdd: pending 3 disk
D/Vold    (  176): Device '/devices/ff0f0000.rksdmmc/mmc_host/mmc0/mmc0:0001/block/mmcblk0/mmcblk0p13' event handled by volume internal_sd
D/DirectVolume(  176): directvolume DEVPATH = /devices/ff0f0000.rksdmmc/mmc_host/mmc0/mmc0:0001/block/mmcblk0/mmcblk0p14.
D/DirectVolume(  176): DEVTYPE = partition.
D/DirectVolume(  176): getLabel = internal_sd,devtype = partition,getDevPath = (null).
D/DirectVolume(  176): ---handlePartitionAdded,part_num=14,major=179,minor=14,mDiskMajor=179
D/DirectVolume(  176): Dv:partAdd: part_num = 14, minor = 14
D/DirectVolume(  176): Dv:partAdd: pending 2 disk
D/Vold    (  176): Device '/devices/ff0f0000.rksdmmc/mmc_host/mmc0/mmc0:0001/block/mmcblk0/mmcblk0p14' event handled by volume internal_sd
D/DirectVolume(  176): directvolume DEVPATH = /devices/ff0f0000.rksdmmc/mmc_host/mmc0/mmc0:0001/block/mmcblk0/mmcblk0p15.
D/DirectVolume(  176): DEVTYPE = partition.
D/DirectVolume(  176): getLabel = internal_sd,devtype = partition,getDevPath = (null).
D/DirectVolume(  176): ---handlePartitionAdded,part_num=15,major=179,minor=15,mDiskMajor=179
D/DirectVolume(  176): Dv:partAdd: part_num = 15, minor = 15
D/DirectVolume(  176): Dv:partAdd: pending 1 disk
D/Vold    (  176): Device '/devices/ff0f0000.rksdmmc/mmc_host/mmc0/mmc0:0001/block/mmcblk0/mmcblk0p15' event handled by volume internal_sd
D/DirectVolume(  176): directvolume DEVPATH = /devices/ff0f0000.rksdmmc/mmc_host/mmc0/mmc0:0001/block/mmcblk0/mmcblk0p16.
D/DirectVolume(  176): DEVTYPE = partition.
D/DirectVolume(  176): getLabel = internal_sd,devtype = partition,getDevPath = (null).
D/DirectVolume(  176): ---handlePartitionAdded,part_num=16,major=179,minor=16,mDiskMajor=179
D/DirectVolume(  176): Dv:partAdd: part_num = 16, minor = 16
D/DirectVolume(  176): Dv:partAdd: Got all partitions - ready to rock!
D/Vold    (  176): Volume internal_sd state changing 2 (Pending) -> 1 (Idle-Unmounted)
D/Vold    (  176): Device '/devices/ff0f0000.rksdmmc/mmc_host/mmc0/mmc0:0001/block/mmcblk0/mmcblk0p16' event handled by volume internal_sd
I/auditd  (  211): type=1400 audit(0.0:6): avc: denied { setattr } for comm="daemonsu" name="daemonsu" dev="mmcblk0p11" ino=1866 scontext=u:r:init:s0 tcontext=u:object_r:system_file:s0 tclass=file permissive=1
I/auditd  (  295): type=1400 audit(0.0:7): avc: denied { relabelfrom } for comm="toolbox" name="daemonsu" dev="mmcblk0p11" ino=1866 scontext=u:r:init:s0 tcontext=u:object_r:system_file:s0 tclass=file permissive=1
I/auditd  (  295): type=1400 audit(0.0:8): avc: denied { relabelto } for comm="toolbox" name="daemonsu" dev="mmcblk0p11" ino=1866 scontext=u:r:init:s0 tcontext=u:object_r:system_file:s0 tclass=file permissive=1
I/auditd  (  437): type=1400 audit(0.0:9): avc: denied { relabelto } for comm="toolbox" name="tmp-mksh" dev="rootfs" ino=1538 scontext=u:r:init:s0 tcontext=u:object_r:rootfs:s0 tclass=dir permissive=1
I/auditd  (  439): type=1400 audit(0.0:10): avc: denied { create } for comm="toolbox" name="tmp-mksh" scontext=u:r:init:s0 tcontext=u:object_r:rootfs:s0 tclass=file permissive=1
I/auditd  (  439): type=1400 audit(0.0:11): avc: denied { write } for comm="toolbox" path="/tmp-mksh/tmp-mksh" dev="rootfs" ino=1539 scontext=u:r:init:s0 tcontext=u:object_r:rootfs:s0 tclass=file permissive=1
I/auditd  (  442): type=1400 audit(0.0:12): avc: denied { setattr } for comm="toolbox" name="tmp-mksh" dev="rootfs" ino=1539 scontext=u:r:init:s0 tcontext=u:object_r:rootfs:s0 tclass=file permissive=1
I/auditd  (  445): type=1400 audit(0.0:13): avc: denied { relabelto } for comm="toolbox" name="tmp-mksh" dev="rootfs" ino=1539 scontext=u:r:init:s0 tcontext=u:object_r:rootfs:s0 tclass=file permissive=1
I/boot_progress_start(  191): 5577
I/boot_progress_preload_start(  191): 7384
I/InstallerConnection(  501): disconnecting...
I/SystemServer(  501): Entered the Android system server!
I/boot_progress_system_run(  501): 7847
I/SystemServiceManager(  501): Starting com.android.server.pm.Installer
I/Installer(  501): Waiting for installd to be ready.
I/InstallerConnection(  501): connecting...
I/SystemServiceManager(  501): Starting com.android.server.am.ActivityManagerService$Lifecycle
I/ActivityManagerService(  501): Memory class: 192
I/ServiceThread(  501): Enabled StrictMode logging for ActivityManagerService looper.
I/IntentFirewall(  501): Read new rules (A:0 B:0 S:0)
I/ServiceThread(  501): Enabled StrictMode logging for android.ui looper.
I/ServiceThread(  501): Enabled StrictMode logging for android.display looper.
D/AppOps  (  501): AppOpsService published
I/SystemServiceManager(  501): Starting com.android.server.display.DisplayManagerService
I/SystemServiceManager(  501): Starting com.android.server.power.PowerManagerService
I/ServiceThread(  501): Enabled StrictMode logging for PowerManagerService looper.
I/SystemServiceManager(  501): Starting phase 100
I/DisplayManagerService(  501): Display device added: DisplayDeviceInfo{"内置屏幕": uniqueId="local:0", 1920 x 1080, 71.387 fps, supportedRefreshRates [71.387], density 160, 159.89508 x 160.42105 dpi, appVsyncOff 0, presDeadline 15008152, touch INTERNAL, rotation 0, type BUILT_IN, state UNKNOWN, FLAG_DEFAULT_DISPLAY, FLAG_ROTATES_WITH_CONTENT, FLAG_SECURE, FLAG_SUPPORTS_PROTECTED_BUFFERS}
I/SystemServer(  501): Package Manager
I/auditd  (  540): type=1400 audit(0.0:14): avc: denied { setattr } for comm="daemonsu" name="daemonsu" dev="mmcblk0p11" ino=1866 scontext=u:r:init:s0 tcontext=u:object_r:system_file:s0 tclass=file permissive=1
I/auditd  (  544): type=1400 audit(0.0:15): avc: denied { relabelfrom } for comm="toolbox" name="daemonsu" dev="mmcblk0p11" ino=1866 scontext=u:r:init:s0 tcontext=u:object_r:system_file:s0 tclass=file permissive=1
I/auditd  (  544): type=1400 audit(0.0:16): avc: denied { relabelto } for comm="toolbox" name="daemonsu" dev="mmcblk0p11" ino=1866 scontext=u:r:init:s0 tcontext=u:object_r:system_file:s0 tclass=file permissive=1
I/boot_progress_pms_start(  501): 9359
W/SystemConfig(  501): No directory /system/etc/sysconfig, skipping
D/SELinuxMMAC(  501): Using policy file /system/etc/security/mac_permissions.xml
I/boot_progress_pms_system_scan_start(  501): 9588
W/PackageParser(  501): No actions in intent filter at /system/priv-app/Contacts/Contacts.apk Binary XML file line #356
W/PackageParser(  501): No actions in intent filter at /system/priv-app/StressTest/StressTest.apk Binary XML file line #42
W/Vold    (  176): subsystem found in netlink event
D/Vold    (  176): handleEvent   usb, 1
D/Vold    (  176): hzmtestusb BUSNUM = 004, DEVNUM = 003
D/Vold    (  176): == current usb device: 2C7C/0125 ===
W/Vold    (  176): subsystem found in netlink event
D/Vold    (  176): handleEvent   usb, 1
W/Vold    (  176): subsystem found in netlink event
D/Vold    (  176): handleEvent   usb, 1
W/Vold    (  176): subsystem found in netlink event
D/Vold    (  176): handleEvent   usb, 1
W/Vold    (  176): subsystem found in netlink event
D/Vold    (  176): handleEvent   usb, 1
W/Vold    (  176): subsystem found in netlink event
D/Vold    (  176): handleEvent   usb, 1
W/PackageParser(  501): Unknown element under <intent-filter>: android at /system/priv-app/Telecom/Telecom.apk Binary XML file line #232
W/PackageParser(  501): No actions in intent filter at /system/app/Bluetooth/Bluetooth.apk Binary XML file line #209
W/PackageParser(  501): Unknown element under <application>: permission at /system/app/Gallery2/Gallery2.apk Binary XML file line #243
W/PackageParser(  501): Unknown element under <application>: permission at /system/app/Gallery2/Gallery2.apk Binary XML file line #246
I/boot_progress_preload_end(  191): 12574
I/boot_progress_pms_data_scan_start(  501): 12845
I/auditd  (  575): type=1400 audit(0.0:17): avc: denied { write } for comm="sh" name="control" dev="sysfs" ino=17226 scontext=u:r:rild:s0 tcontext=u:object_r:sysfs:s0 tclass=file permissive=1
W/PackageManager(  501): Package com.android.gallery3d desires unavailable shared library com.google.android.media.effects; ignoring!
W/PackageManager(  501): Package com.android.gallery3d desires unavailable shared library com.google.android.media.effects; ignoring!
I/PackageManager(  501): Adjusting ABI for : com.android.providers.settings to armeabi-v7a
I/PackageManager(  501): Adjusting ABI for : com.sharegog.gxt.put to armeabi-v7a
I/PackageManager(  501): Adjusting ABI for : com.sharegog.gxt.laucher to armeabi-v7a
I/PackageManager(  501): Adjusting ABI for : com.android.keychain to armeabi-v7a
I/PackageManager(  501): Adjusting ABI for : com.android.winstart to armeabi-v7a
I/PackageManager(  501): Adjusting ABI for : com.sharegog.gxt.testappfactory to armeabi-v7a
I/PackageManager(  501): Adjusting ABI for : com.android.server.telecom to armeabi-v7a
I/PackageManager(  501): Adjusting ABI for : com.android.location.fused to armeabi-v7a
I/PackageManager(  501): Adjusting ABI for : com.sharegog.gxt.advertplayer to armeabi-v7a
I/PackageManager(  501): Adjusting ABI for : com.android.inputdevices to armeabi-v7a
I/PackageManager(  501): Adjusting ABI for : com.cghs.stresstest to armeabi-v7a
I/PackageManager(  501): Adjusting ABI for : com.sharegog.gxt.serverproxy to armeabi-v7a
I/PackageManager(  501): Adjusting ABI for : com.sharegog.gxt.termmgr to armeabi-v7a
I/boot_progress_pms_scan_end(  501): 14183
I/PackageManager(  501): Time to scan packages: 4.595 seconds
W/PackageManager(  501): Unknown permission android.permission.READ_MEDIA_STORAGE in package com.sharegog.gxt.termmgr
W/PackageManager(  501): Unknown permission com.google.android.googleapps.permission.GOOGLE_AUTH in package com.android.providers.calendar
W/PackageManager(  501): Unknown permission com.google.android.googleapps.permission.GOOGLE_AUTH.cl in package com.android.providers.calendar
W/PackageManager(  501): Not granting permission android.permission.GLOBAL_SEARCH to package com.android.quicksearchbox (protectionLevel=18 flags=0x8be45)
W/PackageManager(  501): Unknown permission com.android.launcher.permission.READ_SETTINGS in package com.android.winstart
W/PackageManager(  501): Not granting permission android.permission.ACCESS_DOWNLOAD_MANAGER to package com.android.browser (protectionLevel=18 flags=0x9be45)
W/PackageManager(  501): Not granting permission android.permission.SEND_DOWNLOAD_COMPLETED_INTENTS to package com.android.browser (protectionLevel=2 flags=0x9be45)
W/PackageManager(  501): Not granting permission android.permission.BIND_WALLPAPER to package com.android.camera2 (protectionLevel=18 flags=0x58bc45)
W/PackageManager(  501): Not granting permission android.permission.BIND_APPWIDGET to package com.android.launcher3 (protectionLevel=18 flags=0x583e45)
W/PackageManager(  501): Unknown permission android.permission.READ_SETTINGS in package com.android.launcher3
W/PackageManager(  501): Unknown permission com.android.launcher.permission.READ_SETTINGS in package com.android.launcher3
W/PackageManager(  501): Unknown permission com.android.launcher.permission.WRITE_SETTINGS in package com.android.launcher3
W/PackageManager(  501): Unknown permission com.android.launcher.permission.READ_SETTINGS in package com.sharegog.gxt.laucher
W/PackageManager(  501): Unknown permission com.android.launcher2.permission.READ_SETTINGS in package com.sharegog.gxt.laucher
W/PackageManager(  501): Unknown permission com.google.android.googleapps.permission.GOOGLE_AUTH.mail in package com.android.calendar
W/PackageManager(  501): Unknown permission android.permission.ACCESS_SUPERUSER in package com.estrongs.android.pop
W/PackageManager(  501): Unknown permission .PERMISSION in package com.estrongs.android.pop
W/PackageManager(  501): Unknown permission android.permission.READ_MEDIA_STORAGE in package com.sharegog.gxt.update
W/PackageManager(  501): Unknown permission com.android.launcher.permission.READ_SETTINGS in package com.android.onetimeinitializer
W/PackageManager(  501): Unknown permission com.android.launcher.permission.WRITE_SETTINGS in package com.android.onetimeinitializer
W/PackageManager(  501): Unknown permission android.permission.SYSTEM_OVERLAY_WINDOW in package com.sharegog.gxt.advertplayer
W/PackageManager(  501): Unknown permission android.permission.READ_MEDIA_STORAGE in package com.android.packageinstaller
W/PackageManager(  501): Not granting permission android.permission.DELETE_PACKAGES to package com.svox.pico (protectionLevel=18 flags=0x8be45)
W/PackageManager(  501): Unknown permission android.permission.NETWORK_PROVIDER in package com.sharegog.gxt.serverproxy
W/PackageManager(  501): Unknown permission com.google.android.gallery3d.permission.PICASA_STORE in package com.android.dreams.phototable
W/PackageManager(  501): Unknown permission com.google.android.googleapps.permission.GOOGLE_AUTH in package com.android.settings
W/PackageManager(  501): Unknown permission com.android.launcher.permission.READ_SETTINGS in package com.android.settings
W/PackageManager(  501): Unknown permission com.android.launcher.permission.WRITE_SETTINGS in package com.android.settings
W/PackageManager(  501): Unknown permission android.permission.WAKE_LOCk in package com.sharegog.gxt.testappfactory
W/PackageManager(  501): Unknown permission android.permission.WRITE_SECONDARY_STORAGE in package com.sharegog.gxt.testappfactory
W/PackageManager(  501): Not granting permission android.permission.DEVICE_POWER to package com.android.deskclock (protectionLevel=2 flags=0x48be45)
W/PackageManager(  501): Unknown permission com.android.launcher.permission.READ_SETTINGS in package com.android.systemui
W/PackageManager(  501): Unknown permission com.android.email.permission.READ_ATTACHMENT in package com.android.exchange
W/PackageManager(  501): Unknown permission com.android.email.permission.ACCESS_PROVIDER in package com.android.exchange
W/PackageManager(  501): Unknown permission com.android.launcher.permission.READ_SETTINGS in package com.DeviceTest
W/PackageManager(  501): Unknown permission com.google.android.gallery3d.permission.GALLERY_PROVIDER in package com.android.bluetooth
W/PackageManager(  501): Unknown permission android.permission.MMS_SEND_OUTBOX_MSG in package com.android.bluetooth
W/PackageManager(  501): Unknown permission rockchip.permission.FULL_SCREEN in package android.rk.RockVideoPlayer
W/PackageManager(  501): Unknown permission android.permission.RAISED_THREAD_PRIORITY in package android.rk.RockVideoPlayer
W/PackageManager(  501): Unknown permission android.permission.FULL_SCREEN in package android.rk.RockVideoPlayer
W/PackageManager(  501): Unknown permission archos.permission.FULL_SCREEN in package android.rk.RockVideoPlayer
I/boot_progress_pms_ready(  501): 14237
I/SystemServer(  501): User Service
I/SystemServiceManager(  501): Starting com.android.server.lights.LightsService
I/SystemServiceManager(  501): Starting com.android.server.BatteryService
I/BatteryStatsImpl(  501): Resetting battery stats: level=100 status=4 dischargeLevel=100 lowAmount=0 highAmount=0
I/SystemServiceManager(  501): Starting com.android.server.usage.UsageStatsService
I/SystemServiceManager(  501): Starting com.android.server.webkit.WebViewUpdateService
I/SystemServer(  501): Reading configuration...
I/SystemServer(  501): Scheduling Policy
I/SystemServiceManager(  501): Starting com.android.server.telecom.TelecomLoaderService
I/SystemServer(  501): Telephony Registry
I/battery_status(  501): [4,1,0,0,]
I/battery_level(  501): [100,0,0]
I/SystemServer(  501): Entropy Mixer
I/EntropyMixer(  501): Writing entropy...
I/SystemServer(  501): Account Manager
I/SystemServer(  501): Start SimStateChange Service
W/ActivityManagerService(  501): Unable to start service Intent { cmp=com.android.contacts/.SimStateChangedService } U=0: not found
I/SystemServer(  501): Content Manager
I/SystemServer(  501): System Content Providers
I/SystemServer(  501): Vibrator Service
I/SystemServer(  501): Consumer IR Service
I/SystemServiceManager(  501): Starting com.android.server.AlarmManagerService
D/AlarmManager(  501):  Failed while trying resolve alarm filter file, not exists
I/SystemServer(  501): Init Watchdog
I/SystemServer(  501): Input Manager
I/InputManager(  501): Initializing input manager, mUseDevInputEventForAudioJack=false
I/SystemServer(  501): Window Manager
I/WindowManagerService(  501): No existing display settings /data/system/display_settings.xml; starting empty
I/wm_stack_created(  501): [0,0,0,0,0]
I/InputManager(  501): Starting input manager
I/SystemServer(  501): Bluetooth Manager Service
--------- beginning of main
D/EventHub(  501): No input device configuration file found for device 'rk29-keypad'.
D/BluetoothManagerService(  501): Loading stored name and address
D/BluetoothManagerService(  501): Stored bluetooth Name=rk3288,Address=22:22:34:8B:0A:68
I/SystemServer(  501): Input Method Service
W/EventHub(  501): Unable to disable kernel key repeat for /dev/input/event0: Function not implemented
I/EventHub(  501): New device: id=1, fd=82, path='/dev/input/event0', name='rk29-keypad', classes=0x401, configuration='', keyLayout='/system/usr/keylayout/rk29-keypad.kl', keyCharacterMap='/system/usr/keychars/Generic.kcm', builtinKeyboard=true, wakeMechanism=EPOLLWAKEUP, usingClockIoctl=true
W/InputMethodManagerService(  501): Couldn't create dir.: /data/system/inputmethod
I/InputReader(  501): Device added: id=-1, name='Virtual', sources=0x00000301
I/InputReader(  501): Device added: id=0, name='rk29-keypad', sources=0x00002103
I/SystemServer(  501): Accessibility Manager
I/configuration_changed(  501): -2147443208
I/ActivityManagerService(  501): Config changes=80009df8 {1.0 multiwindowflag=DISABLE dualscreenflag=DISABLE ?mcc?mnc zh_CN ?layoutDir sw1080dp w1920dp h1080dp 160dpi xlrg long land ?uimode ?night -touch -keyb/v/h -nav/h s.2}
D/DisplayManager(  501): getDisplayInfo: displayId=0, info=DisplayInfo{"内置屏幕", uniqueId "local:0", app 1920 x 1080, real 1920 x 1080, largest app 1920 x 1080, smallest app 1920 x 1080, 71.387 fps, supportedRefreshRates [71.387], rotation 0, density 160 (159.89508 x 160.42105) dpi, layerStack 0, appVsyncOff 0, presDeadline 15008152, type BUILT_IN, state UNKNOWN, FLAG_SECURE, FLAG_SUPPORTS_PROTECTED_BUFFERS}
D/DisplayManager(  501): getDisplayInfo: displayId=0, info=DisplayInfo{"内置屏幕", uniqueId "local:0", app 1920 x 1080, real 1920 x 1080, largest app 1920 x 1080, smallest app 1920 x 1080, 71.387 fps, supportedRefreshRates [71.387], rotation 0, density 160 (159.89508 x 160.42105) dpi, layerStack 0, appVsyncOff 0, presDeadline 15008152, type BUILT_IN, state UNKNOWN, FLAG_SECURE, FLAG_SUPPORTS_PROTECTED_BUFFERS}
I/InputReader(  501): Reconfiguring input devices.  changes=0x00000004
D/ActivityManagerService(  501): ---------clean the all task
D/ActivityManagerService(  501): ---------Move Home To Top & CLEAN THE ALL TASK
D/DisplayManager(  501): onDisplayEvent: displayId=0, event=2
I/configuration_changed(  501): 1024
I/ActivityManagerService(  501): Config changes=400 {1.0 multiwindowflag=DISABLE dualscreenflag=DISABLE ?mcc?mnc zh_CN ?layoutDir sw1080dp w1920dp h1007dp 160dpi xlrg long land ?uimode ?night -touch -keyb/v/h -nav/h s.3}
D/DisplayManager(  501): getDisplayInfo: displayId=0, info=DisplayInfo{"内置屏幕", uniqueId "local:0", app 1920 x 1080, real 1920 x 1080, largest app 1920 x 1920, smallest app 1080 x 1080, 71.387 fps, supportedRefreshRates [71.387], rotation 0, density 160 (159.89508 x 160.42105) dpi, layerStack 0, appVsyncOff 0, presDeadline 15008152, type BUILT_IN, state UNKNOWN, FLAG_SECURE, FLAG_SUPPORTS_PROTECTED_BUFFERS}
D/DisplayManager(  501): getDisplayInfo: displayId=0, info=DisplayInfo{"内置屏幕", uniqueId "local:0", app 1920 x 1080, real 1920 x 1080, largest app 1920 x 1920, smallest app 1080 x 1080, 71.387 fps, supportedRefreshRates [71.387], rotation 0, density 160 (159.89508 x 160.42105) dpi, layerStack 0, appVsyncOff 0, presDeadline 15008152, type BUILT_IN, state UNKNOWN, FLAG_SECURE, FLAG_SUPPORTS_PROTECTED_BUFFERS}
I/SystemServer(  501): Mount Service
D/MountService(  501): got storage path: /storage/sdcard0 description: SD卡 primary: true removable: true emulated: true mtpReserve: 100 allowMassStorage: false maxFileSize: 0
D/MountService(  501): ---getMaxSupportedUsers,we has UMS,ignore emulated storage---
D/MountService(  501): got storage path: /mnt/internal_sd description: NAND FLASH primary: false removable: true emulated: false mtpReserve: 100 allowMassStorage: true maxFileSize: 0
D/MountService(  501): ---getMaxSupportedUsers,we has UMS,force NAND FLASH to primary storage---
D/MountService(  501): addVolumeLocked() StorageVolume:
D/MountService(  501):     mStorageId=0 mPath=/mnt/internal_sd mDescriptionId=17041221 mPrimary=true 
D/MountService(  501):     mRemovable=true mEmulated=false mMtpReserveSpace=100 
D/MountService(  501):     mAllowMassStorage=true mMaxFileSize=0 mOwner=null mUuid=null 
D/MountService(  501):     mUserLabel=null mState=null 
D/MountService(  501): got storage path: /mnt/external_sd description: SD卡 primary: false removable: true emulated: false mtpReserve: 100 allowMassStorage: true maxFileSize: 0
D/MountService(  501): addVolumeLocked() StorageVolume:
D/MountService(  501):     mStorageId=0 mPath=/mnt/external_sd mDescriptionId=17040808 mPrimary=false 
D/MountService(  501):     mRemovable=true mEmulated=false mMtpReserveSpace=100 
D/MountService(  501):     mAllowMassStorage=true mMaxFileSize=0 mOwner=null mUuid=null 
D/MountService(  501):     mUserLabel=null mState=null 
D/MountService(  501): got storage path: /mnt/usb_storage/USB_DISK0 description: USB storage 0 primary: false removable: true emulated: false mtpReserve: 100 allowMassStorage: true maxFileSize: 0
D/MountService(  501): addVolumeLocked() StorageVolume:
D/MountService(  501):     mStorageId=0 mPath=/mnt/usb_storage/USB_DISK0 mDescriptionId=17041125 
D/MountService(  501):     mPrimary=false mRemovable=true mEmulated=false mMtpReserveSpace=100 
D/MountService(  501):     mAllowMassStorage=true mMaxFileSize=0 mOwner=null mUuid=null 
D/MountService(  501):     mUserLabel=null mState=null 
D/MountService(  501): got storage path: /mnt/usb_storage/USB_DISK1 description: USB storage 1 primary: false removable: true emulated: false mtpReserve: 100 allowMassStorage: true maxFileSize: 0
D/MountService(  501): addVolumeLocked() StorageVolume:
D/MountService(  501):     mStorageId=0 mPath=/mnt/usb_storage/USB_DISK1 mDescriptionId=17041126 
D/MountService(  501):     mPrimary=false mRemovable=true mEmulated=false mMtpReserveSpace=100 
D/MountService(  501):     mAllowMassStorage=true mMaxFileSize=0 mOwner=null mUuid=null 
D/MountService(  501):     mUserLabel=null mState=null 
D/MountService(  501): got storage path: /mnt/usb_storage/USB_DISK2 description: USB storage 2 primary: false removable: true emulated: false mtpReserve: 100 allowMassStorage: true maxFileSize: 0
D/MountService(  501): addVolumeLocked() StorageVolume:
D/MountService(  501):     mStorageId=0 mPath=/mnt/usb_storage/USB_DISK2 mDescriptionId=17041127 
D/MountService(  501):     mPrimary=false mRemovable=true mEmulated=false mMtpReserveSpace=100 
D/MountService(  501):     mAllowMassStorage=true mMaxFileSize=0 mOwner=null mUuid=null 
D/MountService(  501):     mUserLabel=null mState=null 
D/MountService(  501): got storage path: /mnt/usb_storage/USB_DISK3 description: USB storage 3 primary: false removable: true emulated: false mtpReserve: 100 allowMassStorage: true maxFileSize: 0
D/MountService(  501): addVolumeLocked() StorageVolume:
D/MountService(  501):     mStorageId=0 mPath=/mnt/usb_storage/USB_DISK3 mDescriptionId=17041128 
D/MountService(  501):     mPrimary=false mRemovable=true mEmulated=false mMtpReserveSpace=100 
D/MountService(  501):     mAllowMassStorage=true mMaxFileSize=0 mOwner=null mUuid=null 
D/MountService(  501):     mUserLabel=null mState=null 
D/MountService(  501): got storage path: /mnt/usb_storage/USB_DISK4 description: USB storage 4 primary: false removable: true emulated: false mtpReserve: 100 allowMassStorage: true maxFileSize: 0
D/MountService(  501): addVolumeLocked() StorageVolume:
D/MountService(  501):     mStorageId=0 mPath=/mnt/usb_storage/USB_DISK4 mDescriptionId=17041129 
D/MountService(  501):     mPrimary=false mRemovable=true mEmulated=false mMtpReserveSpace=100 
D/MountService(  501):     mAllowMassStorage=true mMaxFileSize=0 mOwner=null mUuid=null 
D/MountService(  501):     mUserLabel=null mState=null 
D/MountService(  501): got storage path: /mnt/usb_storage/USB_DISK5 description: USB storage 5 primary: false removable: true emulated: false mtpReserve: 100 allowMassStorage: true maxFileSize: 0
D/MountService(  501): addVolumeLocked() StorageVolume:
D/MountService(  501):     mStorageId=0 mPath=/mnt/usb_storage/USB_DISK5 mDescriptionId=17041130 
D/MountService(  501):     mPrimary=false mRemovable=true mEmulated=false mMtpReserveSpace=100 
D/MountService(  501):     mAllowMassStorage=true mMaxFileSize=0 mOwner=null mUuid=null 
D/MountService(  501):     mUserLabel=null mState=null 
D/VoldCmdListener(  176): volume list broadcast
D/Vold    (  176): listVolumes :internal_sd /mnt/internal_sd 1
D/Vold    (  176): listVolumes :external_sd /mnt/external_sd 0
D/Vold    (  176): listVolumes :usb_storage /mnt/usb_storage/USB_DISK0 0
D/Vold    (  176): listVolumes :usb_storage /mnt/usb_storage/USB_DISK1 0
D/Vold    (  176): listVolumes :usb_storage /mnt/usb_storage/USB_DISK2 0
D/Vold    (  176): listVolumes :usb_storage /mnt/usb_storage/USB_DISK3 0
D/Vold    (  176): listVolumes :usb_storage /mnt/usb_storage/USB_DISK4 0
D/Vold    (  176): listVolumes :usb_storage /mnt/usb_storage/USB_DISK5 0
I/SystemServer(  501): LockSettingsService
I/MountService(  501): /mnt/internal_sdUpdating valid state unmounted   st 1
D/MountService(  501): volume state changed for /mnt/internal_sd (mounted -> unmounted)
I/PackageManager(  501): Updating external media status from unmounted to unmounted
I/MountService(  501): /mnt/external_sdUpdating valid state removed   st 0
D/MountService(  501): volume state changed for /mnt/external_sd (unmounted -> removed)
I/MountService(  501): /mnt/usb_storage/USB_DISK0Updating valid state removed   st 0
D/MountService(  501): volume state changed for /mnt/usb_storage/USB_DISK0 (unmounted -> removed)
I/MountService(  501): /mnt/usb_storage/USB_DISK1Updating valid state removed   st 0
D/MountService(  501): volume state changed for /mnt/usb_storage/USB_DISK1 (unmounted -> removed)
I/MountService(  501): /mnt/usb_storage/USB_DISK2Updating valid state removed   st 0
D/MountService(  501): volume state changed for /mnt/usb_storage/USB_DISK2 (unmounted -> removed)
I/MountService(  501): /mnt/usb_storage/USB_DISK3Updating valid state removed   st 0
D/MountService(  501): volume state changed for /mnt/usb_storage/USB_DISK3 (unmounted -> removed)
I/MountService(  501): /mnt/usb_storage/USB_DISK4Updating valid state removed   st 0
D/MountService(  501): volume state changed for /mnt/usb_storage/USB_DISK4 (unmounted -> removed)
I/MountService(  501): /mnt/usb_storage/USB_DISK5Updating valid state removed   st 0
D/MountService(  501): volume state changed for /mnt/usb_storage/USB_DISK5 (unmounted -> removed)
I/SystemServiceManager(  501): Starting com.android.server.devicepolicy.DevicePolicyManagerService$Lifecycle
D/VoldCmdListener(  176): cryptfs getfield SystemLocale
W/MountService(  501): getSecureContainerList() called when storage not mounted
D/VoldCmdListener(  176): asec list
I/PackageManager(  501): No secure containers found
W/PackageManager(  501): Unknown permission android.permission.READ_MEDIA_STORAGE in package com.sharegog.gxt.termmgr
W/PackageManager(  501): Unknown permission com.google.android.googleapps.permission.GOOGLE_AUTH in package com.android.providers.calendar
W/PackageManager(  501): Unknown permission com.google.android.googleapps.permission.GOOGLE_AUTH.cl in package com.android.providers.calendar
W/PackageManager(  501): Not granting permission android.permission.GLOBAL_SEARCH to package com.android.quicksearchbox (protectionLevel=18 flags=0x8be45)
W/PackageManager(  501): Unknown permission com.android.launcher.permission.READ_SETTINGS in package com.android.winstart
W/PackageManager(  501): Not granting permission android.permission.ACCESS_DOWNLOAD_MANAGER to package com.android.browser (protectionLevel=18 flags=0x9be45)
W/PackageManager(  501): Not granting permission android.permission.SEND_DOWNLOAD_COMPLETED_INTENTS to package com.android.browser (protectionLevel=2 flags=0x9be45)
W/PackageManager(  501): Not granting permission android.permission.BIND_WALLPAPER to package com.android.camera2 (protectionLevel=18 flags=0x58bc45)
W/PackageManager(  501): Not granting permission android.permission.BIND_APPWIDGET to package com.android.launcher3 (protectionLevel=18 flags=0x583e45)
W/PackageManager(  501): Unknown permission android.permission.READ_SETTINGS in package com.android.launcher3
W/PackageManager(  501): Unknown permission com.android.launcher.permission.READ_SETTINGS in package com.android.launcher3
W/PackageManager(  501): Unknown permission com.android.launcher.permission.WRITE_SETTINGS in package com.android.launcher3
W/PackageManager(  501): Unknown permission com.android.launcher.permission.READ_SETTINGS in package com.sharegog.gxt.laucher
W/PackageManager(  501): Unknown permission com.android.launcher2.permission.READ_SETTINGS in package com.sharegog.gxt.laucher
W/PackageManager(  501): Unknown permission com.google.android.googleapps.permission.GOOGLE_AUTH.mail in package com.android.calendar
W/PackageManager(  501): Unknown permission android.permission.ACCESS_SUPERUSER in package com.estrongs.android.pop
W/PackageManager(  501): Unknown permission .PERMISSION in package com.estrongs.android.pop
W/PackageManager(  501): Unknown permission android.permission.READ_MEDIA_STORAGE in package com.sharegog.gxt.update
W/PackageManager(  501): Unknown permission com.android.launcher.permission.READ_SETTINGS in package com.android.onetimeinitializer
W/PackageManager(  501): Unknown permission com.android.launcher.permission.WRITE_SETTINGS in package com.android.onetimeinitializer
W/PackageManager(  501): Unknown permission android.permission.SYSTEM_OVERLAY_WINDOW in package com.sharegog.gxt.advertplayer
W/PackageManager(  501): Unknown permission android.permission.READ_MEDIA_STORAGE in package com.android.packageinstaller
W/PackageManager(  501): Not granting permission android.permission.DELETE_PACKAGES to package com.svox.pico (protectionLevel=18 flags=0x8be45)
W/PackageManager(  501): Unknown permission android.permission.NETWORK_PROVIDER in package com.sharegog.gxt.serverproxy
W/PackageManager(  501): Unknown permission com.google.android.gallery3d.permission.PICASA_STORE in package com.android.dreams.phototable
W/PackageManager(  501): Unknown permission com.google.android.googleapps.permission.GOOGLE_AUTH in package com.android.settings
W/PackageManager(  501): Unknown permission com.android.launcher.permission.READ_SETTINGS in package com.android.settings
W/PackageManager(  501): Unknown permission com.android.launcher.permission.WRITE_SETTINGS in package com.android.settings
