D/CameraHal(  183): ParserVCMInfo(278): VCMVdd(NC) min(0) max(0)
D/CameraHal(  183): ParserVCMInfo(270): VCMGpioPwdn(NC) active(0) 
D/CameraHal(  183): ParserVCMInfo(274): VCMGpioPower(NC) active(0) 
D/CameraHal(  183): ParserVCMInfo(294): start current(20) rated current(80) vcm max(100)  step mode(13)  drv max(100) 
D/CameraHal(  183): ParserFlashInfo(308): FlashName(Internal)
D/CameraHal(  183): ParserFlashInfo(311): FlashI2cBusNum(0)
D/CameraHal(  183): ParserFlashInfo(314): FlashI2cAddrByte(0)
D/CameraHal(  183): ParserFlashInfo(317): FlashI2cRate(0)
D/CameraHal(  183): ParserFlashInfo(320): FlashTrigger(NC) active(0) 
D/CameraHal(  183): ParserFlashInfo(324): FlashEn(NC) active(0) 
D/CameraHal(  183): ParserFlashInfo(331): FlashLuminance(0)
D/CameraHal(  183): ParserFlashInfo(334): FlashColorTemp(0)
D/CameraHal(  183): StartElementHandler(760): HDR(1)! 
D/CameraHal(  183): StartElementHandler(764): ZSL(1)! 
D/CameraHal(  183): StartElementHandler(768): zoom(1)! 
D/CameraHal(  183): StartElementHandler(796): Continue_SnapShot(1)! 
D/CameraHal(  183): StartElementHandler(799): InterpolationRes(0)! 
D/CameraHal(  183): StartElementHandler(790): PreviewSize(0x0)! 
D/CameraHal(  183): StartElementHandler(786): face detect config(0),max face num is (0)! 
D/CameraHal(  183): ParserDVConfig(601):  DV_QCIF(qcif) resolution(176x144) fps(10) support(1)
D/CameraHal(  183): ParserDVConfig(613):  DV_QVGA(qvga) resolution(320x240) fps(10) support(1)
D/CameraHal(  183): ParserDVConfig(625):  DV_CIF(cif) resolution(352x288) fps(10) support(1)
D/CameraHal(  183): ParserDVConfig(637):  DV_VGA(480p) resolution(640x480) fps(10) support(0)
D/CameraHal(  183): ParserDVConfig(649):  DV_480P(480p) resolution(720x480) fps(10) support(0)
D/CameraHal(  183): ParserDVConfig(673):  DV_720P(720p) resolution(1280x720) fps(10) support(1)
D/CameraHal(  183): ParserDVConfig(685):  DV_1080P(1080p) resolution(1920x1080) fps(10) support(1)
D/CameraHal(  183): ParserSensorInfo(46): SensorName(OV5648)
D/CameraHal(  183): ParserSensorInfo(49): lensName(CHT-842B-MD)
D/CameraHal(  183): ParserSensorInfo(51): SensorDevID(CAMSYS_DEVID_SENSOR_1B)
D/CameraHal(  183): ParserSensorInfo(62): SensorDevID(33554432)
D/CameraHal(  183): ParserSensorInfo(64): SensorHostDevID(CAMSYS_DEVID_MARVIN)
D/CameraHal(  183): ParserSensorInfo(79): Sensori2cBusNum(3)
D/CameraHal(  183): ParserSensorInfo(82): SensorI2cAddrByte(2)
D/CameraHal(  183): ParserSensorInfo(85): SensorI2cRate(100000)
D/CameraHal(  183): ParserSensorInfo(88): SensorMclk(24000000)
D/CameraHal(  183): ParserSensorInfo(91): SensorAvdd(NC) min(0) max(0)
D/CameraHal(  183): ParserSensorInfo(96): SensorDovdd(NC) min(18000000) max(18000000)
D/CameraHal(  183): ParserSensorInfo(101): SensorDvdd(NC) min(0) max(0)
D/CameraHal(  183): ParserSensorInfo(106): SensorGpioPwdn(RK30_PIN2_PB7) active(0) 
D/CameraHal(  183): ParserSensorInfo(110): SensorGpioRst(NC) active(0) 
D/CameraHal(  183): ParserSensorInfo(114): SensorGpioPwen(RK30_PIN0_PC1) active(1) 
D/CameraHal(  183): ParserSensorInfo(118): SensorFacing(back) 
D/CameraHal(  183): ParserSensorInfo(127): SensorInterface(MIPI) 
D/CameraHal(  183): ParserSensorInfo(140): SensorMirrorFlip(0) 
D/CameraHal(  183): ParserSensorInfo(146): SensorOrientation(0) 
D/CameraHal(  183): ParserSensorInfo(143): SensorPowerupSequence(1234) 
D/CameraHal(  183): ParserSensorInfo(240): SensorFovParemeter fov_h(60.0)(60.000000) fov_v(60.0)(60.000000)  
D/CameraHal(  183): ParserSensorInfo(243): SensorAWB_Frame_Skip fps(15) 
D/CameraHal(  183): ParserSensorInfo(214): SensorPhy: MIPI  lane: 2  phyindex: 1  fmt: 0x2b
D/CameraHal(  183): ParserVCMInfo(255): VCMDrvName(BuiltInSensor)
D/CameraHal(  183): ParserVCMInfo(258): VCMName(NC)
D/CameraHal(  183): ParserVCMInfo(261): VCMI2cBusNum(3)
D/CameraHal(  183): ParserVCMInfo(264): VCMI2cAddrByte(0)
D/CameraHal(  183): ParserVCMInfo(267): VCMI2cRate(0)
D/CameraHal(  183): ParserVCMInfo(278): VCMVdd(NC) min(0) max(0)
D/CameraHal(  183): ParserVCMInfo(270): VCMGpioPwdn(NC) active(0) 
D/CameraHal(  183): ParserVCMInfo(274): VCMGpioPower(NC) active(0) 
D/CameraHal(  183): ParserVCMInfo(294): start current(0) rated current(100) vcm max(100)  step mode(4)  drv max(100) 
D/CameraHal(  183): ParserFlashInfo(308): FlashName(Internal)
D/CameraHal(  183): ParserFlashInfo(311): FlashI2cBusNum(0)
D/CameraHal(  183): ParserFlashInfo(314): FlashI2cAddrByte(0)
D/CameraHal(  183): ParserFlashInfo(317): FlashI2cRate(0)
D/CameraHal(  183): ParserFlashInfo(320): FlashTrigger(NC) active(0) 
D/CameraHal(  183): ParserFlashInfo(324): FlashEn(NC) active(0) 
D/CameraHal(  183): ParserFlashInfo(331): FlashLuminance(0)
D/CameraHal(  183): ParserFlashInfo(334): FlashColorTemp(0)
D/CameraHal(  183): StartElementHandler(760): HDR(1)! 
D/CameraHal(  183): StartElementHandler(764): ZSL(1)! 
D/CameraHal(  183): StartElementHandler(768): zoom(1)! 
D/CameraHal(  183): StartElementHandler(796): Continue_SnapShot(1)! 
D/CameraHal(  183): StartElementHandler(799): InterpolationRes(0)! 
D/CameraHal(  183): StartElementHandler(790): PreviewSize(0x0)! 
D/CameraHal(  183): StartElementHandler(786): face detect config(0),max face num is (1)! 
D/CameraHal(  183): StartElementHandler(776): cproc support 1(contrast:1.100000,saturation:1.000000,hue:0.000000,brightness:0)! 
D/CameraHal(  183): ParserDVConfig(601):  DV_QCIF(qcif) resolution(176x144) fps(10) support(1)
D/CameraHal(  183): ParserDVConfig(613):  DV_QVGA(qvga) resolution(320x240) fps(10) support(1)
D/CameraHal(  183): ParserDVConfig(625):  DV_CIF(cif) resolution(352x288) fps(10) support(1)
D/CameraHal(  183): ParserDVConfig(637):  DV_VGA(480p) resolution(640x480) fps(10) support(0)
D/CameraHal(  183): ParserDVConfig(649):  DV_480P(480p) resolution(720x480) fps(10) support(0)
D/CameraHal(  183): ParserDVConfig(673):  DV_720P(720p) resolution(1280x720) fps(10) support(1)
D/CameraHal(  183): ParserDVConfig(685):  DV_1080P(1080p) resolution(1920x1080) fps(10) support(1)
D/CameraHal(  183): ParserSensorInfo(46): SensorName(GC2145_CIF)
D/CameraHal(  183): ParserSensorInfo(51): SensorDevID(CAMSYS_DEVID_SENSOR_1A)
D/CameraHal(  183): ParserSensorInfo(62): SensorDevID(16777216)
D/CameraHal(  183): ParserSensorInfo(64): SensorHostDevID(CAMSYS_DEVID_MARVIN)
D/CameraHal(  183): ParserSensorInfo(79): Sensori2cBusNum(3)
D/CameraHal(  183): ParserSensorInfo(82): SensorI2cAddrByte(2)
D/CameraHal(  183): ParserSensorInfo(85): SensorI2cRate(100000)
D/CameraHal(  183): ParserSensorInfo(88): SensorMclk(24000000)
D/CameraHal(  183): ParserSensorInfo(91): SensorAvdd(NC) min(0) max(0)
D/CameraHal(  183): ParserSensorInfo(96): SensorDovdd(NC) min(18000000) max(18000000)
D/CameraHal(  183): ParserSensorInfo(101): SensorDvdd(NC) min(0) max(0)
D/CameraHal(  183): ParserSensorInfo(106): SensorGpioPwdn(RK30_PIN2_PB7) active(1) 
D/CameraHal(  183): ParserSensorInfo(110): SensorGpioRst(NC) active(0) 
D/CameraHal(  183): ParserSensorInfo(114): SensorGpioPwen(RK30_PIN0_PC1) active(1) 
D/CameraHal(  183): ParserSensorInfo(118): SensorFacing(front) 
D/CameraHal(  183): ParserSensorInfo(127): SensorInterface(CCIR601) 
D/CameraHal(  183): ParserSensorInfo(140): SensorMirrorFlip(0) 
D/CameraHal(  183): ParserSensorInfo(146): SensorOrientation(0) 
D/CameraHal(  183): ParserSensorInfo(143): SensorPowerupSequence(1234) 
D/CameraHal(  183): ParserSensorInfo(240): SensorFovParemeter fov_h(60.0)(60.000000) fov_v(60.0)(60.000000)  
D/CameraHal(  183): ParserSensorInfo(243): SensorAWB_Frame_Skip fps(15) 
D/CameraHal(  183): ParserSensorInfo(230): SensorPhy: CIF sensor_d0_to_cif_d: 2  cifnum: 0  fmt: 0x2b
D/CameraHal(  183): ParserVCMInfo(255): VCMDrvName(NC)
D/CameraHal(  183): ParserVCMInfo(258): VCMName(NC)
D/CameraHal(  183): ParserVCMInfo(261): VCMI2cBusNum(0)
D/CameraHal(  183): ParserVCMInfo(264): VCMI2cAddrByte(0)
D/CameraHal(  183): ParserVCMInfo(267): VCMI2cRate(0)
D/CameraHal(  183): ParserVCMInfo(278): VCMVdd(NC) min(0) max(0)
D/CameraHal(  183): ParserVCMInfo(270): VCMGpioPwdn(NC) active(0) 
D/CameraHal(  183): ParserVCMInfo(274): VCMGpioPower(NC) active(0) 
D/CameraHal(  183): ParserVCMInfo(294): start current(20) rated current(80) vcm max(100)  step mode(13)  drv max(100) 
D/CameraHal(  183): ParserFlashInfo(308): FlashName(NC)
D/CameraHal(  183): ParserFlashInfo(311): FlashI2cBusNum(0)
D/CameraHal(  183): ParserFlashInfo(314): FlashI2cAddrByte(0)
D/CameraHal(  183): ParserFlashInfo(317): FlashI2cRate(0)
D/CameraHal(  183): ParserFlashInfo(320): FlashTrigger(NC) active(1) 
D/CameraHal(  183): ParserFlashInfo(324): FlashEn(NC) active(1) 
D/CameraHal(  183): ParserFlashInfo(331): FlashLuminance(0)
D/CameraHal(  183): ParserFlashInfo(334): FlashColorTemp(0)
D/CameraHal(  183): StartElementHandler(760): HDR(1)! 
D/CameraHal(  183): StartElementHandler(764): ZSL(1)! 
D/CameraHal(  183): StartElementHandler(768): zoom(1)! 
D/CameraHal(  183): StartElementHandler(796): Continue_SnapShot(1)! 
D/CameraHal(  183): StartElementHandler(799): InterpolationRes(0)! 
D/CameraHal(  183): StartElementHandler(790): PreviewSize(800x600)! 
D/CameraHal(  183): StartElementHandler(786): face detect config(0),max face num is (0)! 
D/CameraHal(  183): ParserDVConfig(601):  DV_QCIF(qcif) resolution(176x144) fps(10) support(1)
D/CameraHal(  183): ParserDVConfig(613):  DV_QVGA(qvga) resolution(320x240) fps(10) support(1)
D/CameraHal(  183): ParserDVConfig(625):  DV_CIF(cif) resolution(352x288) fps(10) support(1)
D/CameraHal(  183): ParserDVConfig(637):  DV_VGA(480p) resolution(640x480) fps(10) support(1)
D/CameraHal(  183): ParserDVConfig(649):  DV_480P(480p) resolution(720x480) fps(10) support(0)
D/CameraHal(  183): ParserDVConfig(673):  DV_720P(720p) resolution(1280x720) fps(10) support(0)
D/CameraHal(  183): ParserDVConfig(685):  DV_1080P(1080p) resolution(1920x1080) fps(10) support(0)
D/CameraHal(  183): ParserSensorInfo(46): SensorName(OV2659)
D/CameraHal(  183): ParserSensorInfo(51): SensorDevID(CAMSYS_DEVID_SENSOR_1A)
D/CameraHal(  183): ParserSensorInfo(62): SensorDevID(16777216)
D/CameraHal(  183): ParserSensorInfo(64): SensorHostDevID(CAMSYS_DEVID_MARVIN)
D/CameraHal(  183): ParserSensorInfo(79): Sensori2cBusNum(3)
D/CameraHal(  183): ParserSensorInfo(82): SensorI2cAddrByte(2)
D/CameraHal(  183): ParserSensorInfo(85): SensorI2cRate(100000)
D/CameraHal(  183): ParserSensorInfo(88): SensorMclk(24000000)
D/CameraHal(  183): ParserSensorInfo(91): SensorAvdd(NC) min(0) max(0)
D/CameraHal(  183): ParserSensorInfo(96): SensorDovdd(NC) min(18000000) max(18000000)
D/CameraHal(  183): ParserSensorInfo(101): SensorDvdd(NC) min(0) max(0)
D/CameraHal(  183): ParserSensorInfo(106): SensorGpioPwdn(RK30_PIN2_PB6) active(1) 
D/CameraHal(  183): ParserSensorInfo(110): SensorGpioRst(NC) active(0) 
D/CameraHal(  183): ParserSensorInfo(114): SensorGpioPwen(RK30_PIN0_PC1) active(1) 
D/CameraHal(  183): ParserSensorInfo(118): SensorFacing(front) 
D/CameraHal(  183): ParserSensorInfo(127): SensorInterface(CCIR601) 
D/CameraHal(  183): ParserSensorInfo(140): SensorMirrorFlip(0) 
D/CameraHal(  183): ParserSensorInfo(146): SensorOrientation(0) 
D/CameraHal(  183): ParserSensorInfo(143): SensorPowerupSequence(1234) 
D/CameraHal(  183): ParserSensorInfo(240): SensorFovParemeter fov_h(60.0)(60.000000) fov_v(60.0)(60.000000)  
D/CameraHal(  183): ParserSensorInfo(243): SensorAWB_Frame_Skip fps(15) 
D/CameraHal(  183): ParserSensorInfo(230): SensorPhy: CIF sensor_d0_to_cif_d: 0  cifnum: 0  fmt: 0x2b
D/CameraHal(  183): ParserVCMInfo(255): VCMDrvName(NC)
D/CameraHal(  183): ParserVCMInfo(258): VCMName(NC)
D/CameraHal(  183): ParserVCMInfo(261): VCMI2cBusNum(0)
D/CameraHal(  183): ParserVCMInfo(264): VCMI2cAddrByte(0)
D/CameraHal(  183): ParserVCMInfo(267): VCMI2cRate(0)
D/CameraHal(  183): ParserVCMInfo(278): VCMVdd(NC) min(0) max(0)
D/CameraHal(  183): ParserVCMInfo(270): VCMGpioPwdn(NC) active(0) 
D/CameraHal(  183): ParserVCMInfo(274): VCMGpioPower(NC) active(0) 
D/CameraHal(  183): ParserVCMInfo(294): start current(20) rated current(80) vcm max(100)  step mode(13)  drv max(100) 
D/CameraHal(  183): ParserFlashInfo(308): FlashName(NC)
D/CameraHal(  183): ParserFlashInfo(311): FlashI2cBusNum(0)
D/CameraHal(  183): ParserFlashInfo(314): FlashI2cAddrByte(0)
D/CameraHal(  183): ParserFlashInfo(317): FlashI2cRate(0)
D/CameraHal(  183): ParserFlashInfo(320): FlashTrigger(NC) active(1) 
D/CameraHal(  183): ParserFlashInfo(324): FlashEn(NC) active(1) 
D/CameraHal(  183): ParserFlashInfo(331): FlashLuminance(0)
D/CameraHal(  183): ParserFlashInfo(334): FlashColorTemp(0)
D/CameraHal(  183): StartElementHandler(760): HDR(1)! 
D/CameraHal(  183): StartElementHandler(764): ZSL(1)! 
D/CameraHal(  183): StartElementHandler(768): zoom(1)! 
D/CameraHal(  183): StartElementHandler(796): Continue_SnapShot(1)! 
D/CameraHal(  183): StartElementHandler(799): InterpolationRes(0)! 
D/CameraHal(  183): StartElementHandler(790): PreviewSize(800x600)! 
D/CameraHal(  183): StartElementHandler(786): face detect config(0),max face num is (0)! 
D/CameraHal(  183): ParserDVConfig(601):  DV_QCIF(qcif) resolution(176x144) fps(10) support(1)
D/CameraHal(  183): ParserDVConfig(613):  DV_QVGA(qvga) resolution(320x240) fps(10) support(1)
D/CameraHal(  183): ParserDVConfig(625):  DV_CIF(cif) resolution(352x288) fps(10) support(1)
D/CameraHal(  183): ParserDVConfig(637):  DV_VGA(480p) resolution(640x480) fps(10) support(1)
D/CameraHal(  183): ParserDVConfig(649):  DV_480P(480p) resolution(720x480) fps(10) support(0)
D/CameraHal(  183): ParserDVConfig(673):  DV_720P(720p) resolution(1280x720) fps(10) support(0)
D/CameraHal(  183): ParserDVConfig(685):  DV_1080P(1080p) resolution(1920x1080) fps(10) support(0)
D/CameraHal(  183): ParserSensorInfo(46): SensorName(GS8604)
D/CameraHal(  183): ParserSensorInfo(49): lensName(9569A2)
D/CameraHal(  183): ParserSensorInfo(51): SensorDevID(CAMSYS_DEVID_SENSOR_1B)
D/CameraHal(  183): ParserSensorInfo(62): SensorDevID(33554432)
D/CameraHal(  183): ParserSensorInfo(64): SensorHostDevID(CAMSYS_DEVID_MARVIN)
D/CameraHal(  183): ParserSensorInfo(79): Sensori2cBusNum(3)
D/CameraHal(  183): ParserSensorInfo(82): SensorI2cAddrByte(2)
D/CameraHal(  183): ParserSensorInfo(85): SensorI2cRate(100000)
D/CameraHal(  183): ParserSensorInfo(88): SensorMclk(24000000)
D/CameraHal(  183): ParserSensorInfo(91): SensorAvdd(NC) min(0) max(0)
D/CameraHal(  183): ParserSensorInfo(96): SensorDovdd(NC) min(18000000) max(18000000)
D/CameraHal(  183): ParserSensorInfo(101): SensorDvdd(NC) min(0) max(0)
D/CameraHal(  183): ParserSensorInfo(106): SensorGpioPwdn(RK30_PIN2_PB7) active(0) 
D/CameraHal(  183): ParserSensorInfo(110): SensorGpioRst(NC) active(0) 
D/CameraHal(  183): ParserSensorInfo(114): SensorGpioPwen(RK30_PIN0_PC1) active(1) 
D/CameraHal(  183): ParserSensorInfo(118): SensorFacing(back) 
D/CameraHal(  183): ParserSensorInfo(127): SensorInterface(MIPI) 
D/CameraHal(  183): ParserSensorInfo(140): SensorMirrorFlip(0) 
D/CameraHal(  183): ParserSensorInfo(146): SensorOrientation(0) 
D/CameraHal(  183): ParserSensorInfo(143): SensorPowerupSequence(1234) 
D/CameraHal(  183): ParserSensorInfo(240): SensorFovParemeter fov_h(60.0)(60.000000) fov_v(60.0)(60.000000)  
D/CameraHal(  183): ParserSensorInfo(243): SensorAWB_Frame_Skip fps(15) 
D/CameraHal(  183): ParserSensorInfo(214): SensorPhy: MIPI  lane: 2  phyindex: 1  fmt: 0x2b
D/CameraHal(  183): ParserVCMInfo(255): VCMDrvName(BuiltInSensor)
D/CameraHal(  183): ParserVCMInfo(258): VCMName(NC)
D/CameraHal(  183): ParserVCMInfo(261): VCMI2cBusNum(3)
D/CameraHal(  183): ParserVCMInfo(264): VCMI2cAddrByte(0)
D/CameraHal(  183): ParserVCMInfo(267): VCMI2cRate(0)
D/CameraHal(  183): ParserVCMInfo(278): VCMVdd(NC) min(0) max(0)
D/CameraHal(  183): ParserVCMInfo(270): VCMGpioPwdn(NC) active(0) 
D/CameraHal(  183): ParserVCMInfo(274): VCMGpioPower(NC) active(0) 
D/CameraHal(  183): ParserVCMInfo(294): start current(0) rated current(100) vcm max(100)  step mode(4)  drv max(100) 
D/CameraHal(  183): ParserFlashInfo(308): FlashName(Internal)
D/CameraHal(  183): ParserFlashInfo(311): FlashI2cBusNum(0)
D/CameraHal(  183): ParserFlashInfo(314): FlashI2cAddrByte(0)
D/CameraHal(  183): ParserFlashInfo(317): FlashI2cRate(0)
D/CameraHal(  183): ParserFlashInfo(320): FlashTrigger(NC) active(0) 
D/CameraHal(  183): ParserFlashInfo(324): FlashEn(NC) active(0) 
D/CameraHal(  183): ParserFlashInfo(331): FlashLuminance(0)
D/CameraHal(  183): ParserFlashInfo(334): FlashColorTemp(0)
D/CameraHal(  183): StartElementHandler(760): HDR(1)! 
D/CameraHal(  183): StartElementHandler(764): ZSL(1)! 
D/CameraHal(  183): StartElementHandler(768): zoom(1)! 
D/CameraHal(  183): StartElementHandler(796): Continue_SnapShot(1)! 
D/CameraHal(  183): StartElementHandler(799): InterpolationRes(0)! 
D/CameraHal(  183): StartElementHandler(790): PreviewSize(0x0)! 
D/CameraHal(  183): StartElementHandler(786): face detect config(1),max face num is (1)! 
D/CameraHal(  183): StartElementHandler(776): cproc support 0(contrast:1.100000,saturation:1.000000,hue:0.000000,brightness:0)! 
D/CameraHal(  183): StartElementHandler(781): Gammaout support 0(mGamma:1.000000,mOffSet:0)! 
D/CameraHal(  183): ParserDVConfig(601):  DV_QCIF(qcif) resolution(176x144) fps(10) support(1)
D/CameraHal(  183): ParserDVConfig(613):  DV_QVGA(qvga) resolution(320x240) fps(10) support(1)
D/CameraHal(  183): ParserDVConfig(625):  DV_CIF(cif) resolution(352x288) fps(10) support(1)
D/CameraHal(  183): ParserDVConfig(637):  DV_VGA(480p) resolution(640x480) fps(10) support(0)
D/CameraHal(  183): ParserDVConfig(649):  DV_480P(480p) resolution(720x480) fps(10) support(0)
D/CameraHal(  183): ParserDVConfig(673):  DV_720P(720p) resolution(1280x720) fps(10) support(1)
D/CameraHal(  183): ParserDVConfig(685):  DV_1080P(1080p) resolution(1920x1080) fps(10) support(1)
D/CameraHal(  183): ParserSensorInfo(46): SensorName(IMX214)
D/CameraHal(  183): ParserSensorInfo(49): lensName(50013A7)
D/CameraHal(  183): ParserSensorInfo(51): SensorDevID(CAMSYS_DEVID_SENSOR_1B)
D/CameraHal(  183): ParserSensorInfo(62): SensorDevID(33554432)
D/CameraHal(  183): ParserSensorInfo(64): SensorHostDevID(CAMSYS_DEVID_MARVIN)
D/CameraHal(  183): ParserSensorInfo(79): Sensori2cBusNum(3)
D/CameraHal(  183): ParserSensorInfo(82): SensorI2cAddrByte(2)
D/CameraHal(  183): ParserSensorInfo(85): SensorI2cRate(100000)
D/CameraHal(  183): ParserSensorInfo(88): SensorMclk(24000000)
D/CameraHal(  183): ParserSensorInfo(91): SensorAvdd(NC) min(0) max(0)
D/CameraHal(  183): ParserSensorInfo(96): SensorDovdd(NC) min(18000000) max(18000000)
D/CameraHal(  183): ParserSensorInfo(101): SensorDvdd(NC) min(0) max(0)
D/CameraHal(  183): ParserSensorInfo(106): SensorGpioPwdn(RK30_PIN2_PB7) active(0) 
D/CameraHal(  183): ParserSensorInfo(110): SensorGpioRst(NC) active(0) 
D/CameraHal(  183): ParserSensorInfo(114): SensorGpioPwen(RK30_PIN0_PC1) active(1) 
D/CameraHal(  183): ParserSensorInfo(118): SensorFacing(back) 
D/CameraHal(  183): ParserSensorInfo(127): SensorInterface(MIPI) 
D/CameraHal(  183): ParserSensorInfo(140): SensorMirrorFlip(0) 
D/CameraHal(  183): ParserSensorInfo(146): SensorOrientation(0) 
D/CameraHal(  183): ParserSensorInfo(143): SensorPowerupSequence(1234) 
D/CameraHal(  183): ParserSensorInfo(240): SensorFovParemeter fov_h(60.0)(60.000000) fov_v(60.0)(60.000000)  
D/CameraHal(  183): ParserSensorInfo(243): SensorAWB_Frame_Skip fps(15) 
D/CameraHal(  183): ParserSensorInfo(214): SensorPhy: MIPI  lane: 2  phyindex: 1  fmt: 0x2b
D/CameraHal(  183): ParserVCMInfo(255): VCMDrvName(BuiltInSensor)
D/CameraHal(  183): ParserVCMInfo(258): VCMName(NC)
D/CameraHal(  183): ParserVCMInfo(261): VCMI2cBusNum(3)
D/CameraHal(  183): ParserVCMInfo(264): VCMI2cAddrByte(0)
D/CameraHal(  183): ParserVCMInfo(267): VCMI2cRate(0)
D/CameraHal(  183): ParserVCMInfo(278): VCMVdd(NC) min(0) max(0)
D/CameraHal(  183): ParserVCMInfo(270): VCMGpioPwdn(NC) active(0) 
D/CameraHal(  183): ParserVCMInfo(274): VCMGpioPower(NC) active(0) 
D/CameraHal(  183): ParserVCMInfo(294): start current(0) rated current(100) vcm max(100)  step mode(4)  drv max(100) 
D/CameraHal(  183): ParserFlashInfo(308): FlashName(Internal)
D/CameraHal(  183): ParserFlashInfo(311): FlashI2cBusNum(0)
D/CameraHal(  183): ParserFlashInfo(314): FlashI2cAddrByte(0)
D/CameraHal(  183): ParserFlashInfo(317): FlashI2cRate(0)
D/CameraHal(  183): ParserFlashInfo(320): FlashTrigger(NC) active(0) 
D/CameraHal(  183): ParserFlashInfo(324): FlashEn(NC) active(0) 
D/CameraHal(  183): ParserFlashInfo(331): FlashLuminance(0)
D/CameraHal(  183): ParserFlashInfo(334): FlashColorTemp(0)
D/CameraHal(  183): StartElementHandler(760): HDR(1)! 
D/CameraHal(  183): StartElementHandler(764): ZSL(1)! 
D/CameraHal(  183): StartElementHandler(768): zoom(1)! 
D/CameraHal(  183): StartElementHandler(796): Continue_SnapShot(1)! 
D/CameraHal(  183): StartElementHandler(799): InterpolationRes(0)! 
D/CameraHal(  183): StartElementHandler(790): PreviewSize(0x0)! 
D/CameraHal(  183): StartElementHandler(786): face detect config(1),max face num is (1)! 
D/CameraHal(  183): StartElementHandler(776): cproc support 0(contrast:1.100000,saturation:1.000000,hue:0.000000,brightness:0)! 
D/CameraHal(  183): StartElementHandler(781): Gammaout support 0(mGamma:1.000000,mOffSet:0)! 
D/CameraHal(  183): ParserDVConfig(601):  DV_QCIF(qcif) resolution(176x144) fps(10) support(1)
D/CameraHal(  183): ParserDVConfig(613):  DV_QVGA(qvga) resolution(320x240) fps(10) support(1)
D/CameraHal(  183): ParserDVConfig(625):  DV_CIF(cif) resolution(352x288) fps(10) support(1)
D/CameraHal(  183): ParserDVConfig(637):  DV_VGA(480p) resolution(640x480) fps(10) support(0)
D/CameraHal(  183): ParserDVConfig(649):  DV_480P(480p) resolution(720x480) fps(10) support(0)
D/CameraHal(  183): ParserDVConfig(673):  DV_720P(720p) resolution(1280x720) fps(10) support(1)
D/CameraHal(  183): ParserDVConfig(685):  DV_1080P(1080p) resolution(1920x1080) fps(10) support(1)
D/CameraHal(  183): ParserSensorInfo(46): SensorName(TC358749XBG)
D/CameraHal(  183): ParserSensorInfo(51): SensorDevID(CAMSYS_DEVID_SENSOR_1B)
D/CameraHal(  183): ParserSensorInfo(62): SensorDevID(33554432)
D/CameraHal(  183): ParserSensorInfo(64): SensorHostDevID(CAMSYS_DEVID_MARVIN)
D/CameraHal(  183): ParserSensorInfo(79): Sensori2cBusNum(3)
D/CameraHal(  183): ParserSensorInfo(82): SensorI2cAddrByte(2)
D/CameraHal(  183): ParserSensorInfo(85): SensorI2cRate(100000)
D/CameraHal(  183): ParserSensorInfo(88): SensorMclk(27000000)
D/CameraHal(  183): ParserSensorInfo(91): SensorAvdd(NC) min(0) max(0)
D/CameraHal(  183): ParserSensorInfo(96): SensorDovdd(NC) min(18000000) max(18000000)
D/CameraHal(  183): ParserSensorInfo(101): SensorDvdd(NC) min(0) max(0)
D/CameraHal(  183): ParserSensorInfo(106): SensorGpioPwdn(RK30_PIN2_PB7) active(0) 
D/CameraHal(  183): ParserSensorInfo(110): SensorGpioRst(NC) active(0) 
D/CameraHal(  183): ParserSensorInfo(114): SensorGpioPwen(RK30_PIN0_PC1) active(1) 
D/CameraHal(  183): ParserSensorInfo(118): SensorFacing(back) 
D/CameraHal(  183): ParserSensorInfo(127): SensorInterface(MIPI) 
D/CameraHal(  183): ParserSensorInfo(140): SensorMirrorFlip(0) 
D/CameraHal(  183): ParserSensorInfo(146): SensorOrientation(0) 
D/CameraHal(  183): ParserSensorInfo(143): SensorPowerupSequence(1234) 
D/CameraHal(  183): ParserSensorInfo(240): SensorFovParemeter fov_h(60.0)(60.000000) fov_v(60.0)(60.000000)  
D/CameraHal(  183): ParserSensorInfo(243): SensorAWB_Frame_Skip fps(0) 
D/CameraHal(  183): ParserSensorInfo(214): SensorPhy: MIPI  lane: 4  phyindex: 1  fmt: 0x1e
D/DCT     (  935): [0]handleMessage msg={ when=-123ms what=270337 obj=android.os.AsyncResult@23a82b0f target=com.android.internal.telephony.dataconnection.DcTracker }
D/DCT     (  935): [0]onRadioAvailable
D/DCT     (  935): [0]isDataAllowed getRecordsLoaded=true
D/DCT     (  935): [ApnContext:mms] getApnSetting: apnSetting=null
D/PhoneFactory(  935): getPhone:- phoneId != DEFAULT_PHONE_ID return sProxyPhones[phoneId] phoneId=0 phone=Handler (com.android.internal.telephony.PhoneProxy) {35955629}
D/DCT     (  935): [0]isDataAllowed getRecordsLoaded=true
D/DCT     (  935): [ApnContext:cbs] getApnSetting: apnSetting=null
D/PhoneFactory(  935): getPhone:- phoneId != DEFAULT_PHONE_ID return sProxyPhones[phoneId] phoneId=0 phone=Handler (com.android.internal.telephony.PhoneProxy) {35955629}
D/DCT     (  935): [0]isDataAllowed getRecordsLoaded=true
D/DCT     (  935): [ApnContext:fota] getApnSetting: apnSetting=null
D/PhoneFactory(  935): getPhone:- phoneId != DEFAULT_PHONE_ID return sProxyPhones[phoneId] phoneId=0 phone=Handler (com.android.internal.telephony.PhoneProxy) {35955629}
D/DCT     (  935): [0]isDataAllowed getRecordsLoaded=true
D/DCT     (  935): [ApnContext:supl] getApnSetting: apnSetting=null
D/PhoneFactory(  935): getPhone:- phoneId != DEFAULT_PHONE_ID return sProxyPhones[phoneId] phoneId=0 phone=Handler (com.android.internal.telephony.PhoneProxy) {35955629}
D/DCT     (  935): [ApnContext:emergency] getApnSetting: apnSetting=null
D/PhoneFactory(  935): getPhone:- phoneId != DEFAULT_PHONE_ID return sProxyPhones[phoneId] phoneId=0 phone=Handler (com.android.internal.telephony.PhoneProxy) {35955629}
D/DCT     (  935): [0]isDataAllowed getRecordsLoaded=true
D/DCT     (  935): [ApnContext:dun] getApnSetting: apnSetting=null
D/PhoneFactory(  935): getPhone:- phoneId != DEFAULT_PHONE_ID return sProxyPhones[phoneId] phoneId=0 phone=Handler (com.android.internal.telephony.PhoneProxy) {35955629}
D/DCT     (  935): [0]isDataAllowed getRecordsLoaded=true
D/DCT     (  935): [ApnContext:hipri] getApnSetting: apnSetting=null
D/PhoneFactory(  935): getPhone:- phoneId != DEFAULT_PHONE_ID return sProxyPhones[phoneId] phoneId=0 phone=Handler (com.android.internal.telephony.PhoneProxy) {35955629}
D/DCT     (  935): [0]isDataAllowed getRecordsLoaded=true
D/DCT     (  935): [ApnContext:ims] getApnSetting: apnSetting=null
D/PhoneFactory(  935): getPhone:- phoneId != DEFAULT_PHONE_ID return sProxyPhones[phoneId] phoneId=0 phone=Handler (com.android.internal.telephony.PhoneProxy) {35955629}
D/DCT     (  935): [0]overall state is CONNECTING
D/DCT     (  935): [0]cleanUpConnection: apn context is null
D/DCT     (  935): [0]handleMessage msg={ when=-136ms what=270352 obj=android.os.AsyncResult@853179c target=com.android.internal.telephony.dataconnection.DcTracker }
D/DCT     (  935): [0]onDataConnectionAttached
D/DCT     (  935): [0]overall state is CONNECTING
D/DCT     (  935): [0]isDataAllowed getRecordsLoaded=true
D/DisplayManager(  910): getDisplayInfo: displayId=0, info=DisplayInfo{"内置屏幕", uniqueId "local:0", app 1920 x 1080, real 1920 x 1080, largest app 1920 x 1847, smallest app 1080 x 1007, 71.387 fps, supportedRefreshRates [71.387], rotation 0, density 160 (159.89508 x 160.42105) dpi, layerStack 0, appVsyncOff 0, presDeadline 15008152, type BUILT_IN, state ON, FLAG_SECURE, FLAG_SUPPORTS_PROTECTED_BUFFERS}
D/DCT     (  935): [ApnContext:mms] getApnSetting: apnSetting=null
E/CameraHal(  183): WARNING: OV8825 soft reset by i2c failed!, please check follow information:
E/CameraHal(  183):     Slave_addr: 0x6c 0x0
E/CameraHal(  183):     Soft reset reg: 0x103  val: 0x1
E/CameraHal(  183):     Power/PowerDown/Reset/Mclk/I2cBus
D/PhoneFactory(  935): getPhone:- phoneId != DEFAULT_PHONE_ID return sProxyPhones[phoneId] phoneId=0 phone=Handler (com.android.internal.telephony.PhoneProxy) {35955629}
D/DisplayManager(  910): getDisplayInfo: displayId=0, info=DisplayInfo{"内置屏幕", uniqueId "local:0", app 1920 x 1080, real 1920 x 1080, largest app 1920 x 1847, smallest app 1080 x 1007, 71.387 fps, supportedRefreshRates [71.387], rotation 0, density 160 (159.89508 x 160.42105) dpi, layerStack 0, appVsyncOff 0, presDeadline 15008152, type BUILT_IN, state ON, FLAG_SECURE, FLAG_SUPPORTS_PROTECTED_BUFFERS}
D/use-Rlog/RLOG-RIL PPPD(  181): chat 40 <-- 
D/use-Rlog/RLOG-RIL PPPD(  181): +CGREG: 2,1,"24A4","2C56C0D",7
D/use-Rlog/RLOG-RIL PPPD(  181): 
D/use-Rlog/RLOG-RIL PPPD(  181): OK
I/notification_cancel_all(  501): [10004,702,com.android.providers.downloads,0,0,64,9,NULL]
E/CameraHal(  183): OV8825 device register failed!
D/CameraHal(  183): 
D/CameraHal(  183): 
D/CameraHal(  183): 
D/CameraHal(  183):  CamSys_Head.h Version Check:
D/CameraHal(  183):     Kernel camsys_head.h: v0.11.0
D/CameraHal(  183):     Kernel camsys_drv :   v0.32.0
D/CameraHal(  183):     CameraHal camsys_head.h : v0.11.0
D/CameraHal(  183): 
D/CameraHal(  183): 
D/CameraHal(  183): 
I/pppd    ( 1207): pppd options in effect:
I/pppd    ( 1207): debug		# (from command line)
I/pppd    ( 1207): nodetach		# (from command line)
I/pppd    ( 1207): dump		# (from command line)
I/pppd    ( 1207): /dev/ttyUSB3		# (from command line)
I/pppd    ( 1207): 115200		# (from command line)
I/pppd    ( 1207): nolock		# (from command line)
I/pppd    ( 1207): connect ''/system/bin/chat -s -v ABORT BUSY ABORT \"NO CARRIER\" ABORT \"NO DIALTONE\" ABORT ERROR ABORT \"NO ANSWER\" TIMEOUT 40 \"\" ATD*99***1# CONNECT''		# (from command line)
I/pppd    ( 1207): nocrtscts		# (from command line)
I/pppd    ( 1207): modem		# (from command line)
I/pppd    ( 1207): hide-password		# (from command line)
I/pppd    ( 1207): novj		# (from command line)
I/pppd    ( 1207): novjccomp		# (from command line)
I/pppd    ( 1207): ipcp-accept-local		# (from command line)
I/pppd    ( 1207): ipcp-accept-remote		# (from command line)
I/pppd    ( 1207): noipdefault		# (from command line)
I/pppd    ( 1207): ipcp-max-failure 30		# (from command line)
I/pppd    ( 1207): defaultroute		# (from command line)
I/pppd    ( 1207): usepeerdns		# (from command line)
I/pppd    ( 1207): noccp		# (from command line)
I/pppd    ( 1207): pppd 2.4.3 started by root, uid 0
E/CameraHal(  183): WARNING: OV8820 soft reset by i2c failed!, please check follow information:
E/CameraHal(  183):     Slave_addr: 0x6c 0x0
E/CameraHal(  183):     Soft reset reg: 0x103  val: 0x1
E/CameraHal(  183):     Power/PowerDown/Reset/Mclk/I2cBus
E/CameraHal(  183): OV8820 device register failed!
D/CameraHal(  183): 
D/CameraHal(  183): 
D/CameraHal(  183): 
D/CameraHal(  183):  CamSys_Head.h Version Check:
D/CameraHal(  183):     Kernel camsys_head.h: v0.11.0
D/CameraHal(  183):     Kernel camsys_drv :   v0.32.0
D/CameraHal(  183):     CameraHal camsys_head.h : v0.11.0
D/CameraHal(  183): 
D/CameraHal(  183): 
D/CameraHal(  183): 
I/am_proc_start(  501): [0,1208,10005,com.android.externalstorage,broadcast,com.android.externalstorage/.MountReceiver]
I/ActivityManagerService(  501): Start proc 1208:com.android.externalstorage/u0a5 for broadcast com.android.externalstorage/.MountReceiver
D/DCT     (  935): [0]isDataAllowed getRecordsLoaded=true
D/DCT     (  935): [ApnContext:cbs] getApnSetting: apnSetting=null
D/PhoneFactory(  935): getPhone:- phoneId != DEFAULT_PHONE_ID return sProxyPhones[phoneId] phoneId=0 phone=Handler (com.android.internal.telephony.PhoneProxy) {35955629}
D/DCT     (  935): [0]isDataAllowed getRecordsLoaded=true
D/DCT     (  935): [ApnContext:fota] getApnSetting: apnSetting=null
D/PhoneFactory(  935): getPhone:- phoneId != DEFAULT_PHONE_ID return sProxyPhones[phoneId] phoneId=0 phone=Handler (com.android.internal.telephony.PhoneProxy) {35955629}
D/DCT     (  935): [0]isDataAllowed getRecordsLoaded=true
D/DCT     (  935): [ApnContext:supl] getApnSetting: apnSetting=null
D/PhoneFactory(  935): getPhone:- phoneId != DEFAULT_PHONE_ID return sProxyPhones[phoneId] phoneId=0 phone=Handler (com.android.internal.telephony.PhoneProxy) {35955629}
E/CameraHal(  183): WARNING: OV8856 soft reset by i2c failed!, please check follow information:
E/CameraHal(  183):     Slave_addr: 0x6c 0x20
E/CameraHal(  183):     Soft reset reg: 0x103  val: 0x1
E/CameraHal(  183):     Power/PowerDown/Reset/Mclk/I2cBus
D/DCT     (  935): [ApnContext:emergency] getApnSetting: apnSetting=null
D/PhoneFactory(  935): getPhone:- phoneId != DEFAULT_PHONE_ID return sProxyPhones[phoneId] phoneId=0 phone=Handler (com.android.internal.telephony.PhoneProxy) {35955629}
D/DCT     (  935): [0]isDataAllowed getRecordsLoaded=true
D/DCT     (  935): [ApnContext:dun] getApnSetting: apnSetting=null
D/PhoneFactory(  935): getPhone:- phoneId != DEFAULT_PHONE_ID return sProxyPhones[phoneId] phoneId=0 phone=Handler (com.android.internal.telephony.PhoneProxy) {35955629}
D/DCT     (  935): [0]isDataAllowed getRecordsLoaded=true
D/DCT     (  935): [ApnContext:hipri] getApnSetting: apnSetting=null
D/PhoneFactory(  935): getPhone:- phoneId != DEFAULT_PHONE_ID return sProxyPhones[phoneId] phoneId=0 phone=Handler (com.android.internal.telephony.PhoneProxy) {35955629}
E/CameraHal(  183): OV8856 device register failed!
D/CameraHal(  183): 
D/CameraHal(  183): 
D/CameraHal(  183): 
D/CameraHal(  183):  CamSys_Head.h Version Check:
D/CameraHal(  183):     Kernel camsys_head.h: v0.11.0
D/CameraHal(  183):     Kernel camsys_drv :   v0.32.0
D/CameraHal(  183):     CameraHal camsys_head.h : v0.11.0
D/CameraHal(  183): 
D/CameraHal(  183): 
D/CameraHal(  183): 
I/am_proc_bound(  501): [0,1208,com.android.externalstorage]
D/DCT     (  935): [0]isDataAllowed getRecordsLoaded=true
D/DCT     (  935): [ApnContext:ims] getApnSetting: apnSetting=null
D/PhoneFactory(  935): getPhone:- phoneId != DEFAULT_PHONE_ID return sProxyPhones[phoneId] phoneId=0 phone=Handler (com.android.internal.telephony.PhoneProxy) {35955629}
E/CameraHal(  183): WARNING: OV8858 soft reset by i2c failed!, please check follow information:
E/CameraHal(  183):     Slave_addr: 0x6c 0x20
E/CameraHal(  183):     Soft reset reg: 0x103  val: 0x1
E/CameraHal(  183):     Power/PowerDown/Reset/Mclk/I2cBus
E/CameraHal(  183): OV8858 device register failed!
D/CameraHal(  183): 
D/CameraHal(  183): 
D/CameraHal(  183): 
D/CameraHal(  183):  CamSys_Head.h Version Check:
D/CameraHal(  183):     Kernel camsys_head.h: v0.11.0
D/CameraHal(  183):     Kernel camsys_drv :   v0.32.0
D/CameraHal(  183):     CameraHal camsys_head.h : v0.11.0
D/CameraHal(  183): 
D/CameraHal(  183): 
D/CameraHal(  183): 
E/CameraHal(  183): WARNING: OV13850 soft reset by i2c failed!, please check follow information:
E/CameraHal(  183):     Slave_addr: 0x20 0x6c
E/CameraHal(  183):     Soft reset reg: 0x103  val: 0x1
E/CameraHal(  183):     Power/PowerDown/Reset/Mclk/I2cBus
E/CameraHal(  183): OV13850 device register failed!
D/CameraHal(  183): 
D/CameraHal(  183): 
D/CameraHal(  183): 
D/CameraHal(  183):  CamSys_Head.h Version Check:
D/CameraHal(  183):     Kernel camsys_head.h: v0.11.0
D/CameraHal(  183):     Kernel camsys_drv :   v0.32.0
D/CameraHal(  183):     CameraHal camsys_head.h : v0.11.0
D/CameraHal(  183): 
D/CameraHal(  183): 
D/CameraHal(  183): 
E/CameraHal(  183): WARNING: OV5648 soft reset by i2c failed!, please check follow information:
E/CameraHal(  183):     Slave_addr: 0x6c 0x6c
E/CameraHal(  183):     Soft reset reg: 0x103  val: 0x1
E/CameraHal(  183):     Power/PowerDown/Reset/Mclk/I2cBus
E/CameraHal(  183): OV5648 device register failed!
D/CameraHal(  183): 
D/CameraHal(  183): 
D/CameraHal(  183): 
D/CameraHal(  183):  CamSys_Head.h Version Check:
D/CameraHal(  183):     Kernel camsys_head.h: v0.11.0
D/CameraHal(  183):     Kernel camsys_drv :   v0.32.0
D/CameraHal(  183):     CameraHal camsys_head.h : v0.11.0
D/CameraHal(  183): 
D/CameraHal(  183): 
D/CameraHal(  183): 
E/CameraHal(  183): WARNING: GC2145_CIF soft reset by i2c failed!, please check follow information:
E/CameraHal(  183):     Slave_addr: 0x78 0x0
E/CameraHal(  183):     Soft reset reg: 0xfe  val: 0x80
E/CameraHal(  183):     Power/PowerDown/Reset/Mclk/I2cBus
E/CameraHal(  183): GC2145_CIF device register failed!
D/CameraHal(  183): 
D/CameraHal(  183): 
D/CameraHal(  183): 
D/CameraHal(  183):  CamSys_Head.h Version Check:
D/CameraHal(  183):     Kernel camsys_head.h: v0.11.0
D/CameraHal(  183):     Kernel camsys_drv :   v0.32.0
D/CameraHal(  183):     CameraHal camsys_head.h : v0.11.0
D/CameraHal(  183): 
D/CameraHal(  183): 
D/CameraHal(  183): 
D/DisplayManager( 1208): getDisplayInfo: displayId=0, info=DisplayInfo{"内置屏幕", uniqueId "local:0", app 1920 x 1080, real 1920 x 1080, largest app 1920 x 1847, smallest app 1080 x 1007, 71.387 fps, supportedRefreshRates [71.387], rotation 0, density 160 (159.89508 x 160.42105) dpi, layerStack 0, appVsyncOff 0, presDeadline 15008152, type BUILT_IN, state ON, FLAG_SECURE, FLAG_SUPPORTS_PROTECTED_BUFFERS}
D/DCT     (  935): [0]setupDataOnConnectableApns: dataAttached
D/DCT     (  935): [0]setupDataOnConnectableApns: apnContext {mApnType=emergency mState=IDLE mWaitingApns={null} mWaitingApnsPermanentFailureCountDown=0 mApnSetting={null} mReason=SinglePdnArbitration mDataEnabled=false mDependencyMet=true}
D/DCT     (  935): [0]setupDataOnConnectableApns: apnContext {mApnType=hipri mState=IDLE mWaitingApns={null} mWaitingApnsPermanentFailureCountDown=0 mApnSetting={null} mReason=SinglePdnArbitration mDataEnabled=false mDependencyMet=true}
D/DCT     (  935): [0]setupDataOnConnectableApns: apnContext {mApnType=supl mState=IDLE mWaitingApns={null} mWaitingApnsPermanentFailureCountDown=0 mApnSetting={null} mReason=SinglePdnArbitration mDataEnabled=false mDependencyMet=true}
D/DCT     (  935): [0]setupDataOnConnectableApns: apnContext {mApnType=mms mState=IDLE mWaitingApns={null} mWaitingApnsPermanentFailureCountDown=0 mApnSetting={null} mReason=SinglePdnArbitration mDataEnabled=false mDependencyMet=false}
D/DCT     (  935): [0]setupDataOnConnectableApns: apnContext {mApnType=dun mState=IDLE mWaitingApns={null} mWaitingApnsPermanentFailureCountDown=0 mApnSetting={null} mReason=SinglePdnArbitration mDataEnabled=false mDependencyMet=true}
D/DCT     (  935): [0]setupDataOnConnectableApns: apnContext {mApnType=fota mState=IDLE mWaitingApns={null} mWaitingApnsPermanentFailureCountDown=0 mApnSetting={null} mReason=SinglePdnArbitration mDataEnabled=false mDependencyMet=true}
D/DCT     (  935): [0]setupDataOnConnectableApns: apnContext {mApnType=ims mState=IDLE mWaitingApns={null} mWaitingApnsPermanentFailureCountDown=0 mApnSetting={null} mReason=SinglePdnArbitration mDataEnabled=false mDependencyMet=true}
D/DCT     (  935): [0]setupDataOnConnectableApns: apnContext {mApnType=default mState=CONNECTING mWaitingApns={[[ApnSettingV3] cmiot, 1443, 46004, cmiot, , , , , , -1, *, IP, IP, true, 0, 0, false, 0, 0, 0, 0, , ]} mWaitingApnsPermanentFailureCountDown=1 mApnSetting={[ApnSettingV3] cmiot, 1443, 46004, cmiot, , , , , , -1, *, IP, IP, true, 0, 0, false, 0, 0, 0, 0, , } mReason=SinglePdnArbitration mDataEnabled=true mDependencyMet=true}
D/DCT     (  935): [0]setupDataOnConnectableApns: apnContext {mApnType=cbs mState=IDLE mWaitingApns={null} mWaitingApnsPermanentFailureCountDown=0 mApnSetting={null} mReason=SinglePdnArbitration mDataEnabled=false mDependencyMet=true}
D/DCT     (  935): [0]handleMessage msg={ when=-253ms what=270348 obj=android.os.AsyncResult@3b3ac5a5 target=com.android.internal.telephony.dataconnection.DcTracker }
D/DCT     (  935): [0]onRoamingOff
D/DCT     (  935): [0]getDataOnRoamingEnabled: phoneSubId=2 isDataRoamingEnabled=true
D/DCT     (  935): [0]notifyDataConnection: reason=roamingOff
D/DCT     (  935): [0]notifyDataConnection: type:default
D/DisplayManager( 1208): getDisplayInfo: displayId=0, info=DisplayInfo{"内置屏幕", uniqueId "local:0", app 1920 x 1080, real 1920 x 1080, largest app 1920 x 1847, smallest app 1080 x 1007, 71.387 fps, supportedRefreshRates [71.387], rotation 0, density 160 (159.89508 x 160.42105) dpi, layerStack 0, appVsyncOff 0, presDeadline 15008152, type BUILT_IN, state ON, FLAG_SECURE, FLAG_SUPPORTS_PROTECTED_BUFFERS}
D/DCT     (  935): [0]isDataAllowed getRecordsLoaded=true
D/DCT     (  935): [ApnContext:default] getApnSetting: apnSetting=[ApnSettingV3] cmiot, 1443, 46004, cmiot, , , , , , -1, *, IP, IP, true, 0, 0, false, 0, 0, 0, 0, , 
D/PhoneFactory(  935): getPhone:- phoneId != DEFAULT_PHONE_ID return sProxyPhones[phoneId] phoneId=0 phone=Handler (com.android.internal.telephony.PhoneProxy) {35955629}
D/DCT     (  935): [0]isDataAllowed getRecordsLoaded=true
D/DCT     (  935): [ApnContext:mms] getApnSetting: apnSetting=null
D/DisplayManager( 1208): getDisplayInfo: displayId=0, info=DisplayInfo{"内置屏幕", uniqueId "local:0", app 1920 x 1080, real 1920 x 1080, largest app 1920 x 1847, smallest app 1080 x 1007, 71.387 fps, supportedRefreshRates [71.387], rotation 0, density 160 (159.89508 x 160.42105) dpi, layerStack 0, appVsyncOff 0, presDeadline 15008152, type BUILT_IN, state ON, FLAG_SECURE, FLAG_SUPPORTS_PROTECTED_BUFFERS}
D/PhoneFactory(  935): getPhone:- phoneId != DEFAULT_PHONE_ID return sProxyPhones[phoneId] phoneId=0 phone=Handler (com.android.internal.telephony.PhoneProxy) {35955629}
E/CameraHal(  183): WARNING: OV2659 soft reset by i2c failed!, please check follow information:
E/CameraHal(  183):     Slave_addr: 0x60 0x0
E/CameraHal(  183):     Soft reset reg: 0x103  val: 0x1
E/CameraHal(  183):     Power/PowerDown/Reset/Mclk/I2cBus
D/DisplayManager( 1208): getDisplayInfo: displayId=0, info=DisplayInfo{"内置屏幕", uniqueId "local:0", app 1920 x 1080, real 1920 x 1080, largest app 1920 x 1847, smallest app 1080 x 1007, 71.387 fps, supportedRefreshRates [71.387], rotation 0, density 160 (159.89508 x 160.42105) dpi, layerStack 0, appVsyncOff 0, presDeadline 15008152, type BUILT_IN, state ON, FLAG_SECURE, FLAG_SUPPORTS_PROTECTED_BUFFERS}
D/DCT     (  935): [0]isDataAllowed getRecordsLoaded=true
D/DCT     (  935): [ApnContext:cbs] getApnSetting: apnSetting=null
D/PhoneFactory(  935): getPhone:- phoneId != DEFAULT_PHONE_ID return sProxyPhones[phoneId] phoneId=0 phone=Handler (com.android.internal.telephony.PhoneProxy) {35955629}
D/DCT     (  935): [0]isDataAllowed getRecordsLoaded=true
E/CameraHal(  183): OV2659 device register failed!
D/DCT     (  935): [ApnContext:fota] getApnSetting: apnSetting=null
E/CameraHal(  183): OpenAndRegistOneSensor can't open the specified driver(/system/lib/hw/libisp_isi_drv_GS8604.so)
E/CameraHal(  183): dlopen err:dlopen failed: library "/system/lib/hw/libisp_isi_drv_GS8604.so" not found.
E/CameraHal(  183): OpenAndRegistOneSensor can't open the specified driver(/system/lib/hw/libisp_isi_drv_IMX214.so)
E/CameraHal(  183): dlopen err:dlopen failed: library "/system/lib/hw/libisp_isi_drv_IMX214.so" not found.
D/PhoneFactory(  935): getPhone:- phoneId != DEFAULT_PHONE_ID return sProxyPhones[phoneId] phoneId=0 phone=Handler (com.android.internal.telephony.PhoneProxy) {35955629}
D/CameraHal(  183): 
D/CameraHal(  183): 
D/CameraHal(  183): 
D/CameraHal(  183):  CamSys_Head.h Version Check:
D/CameraHal(  183):     Kernel camsys_head.h: v0.11.0
D/CameraHal(  183):     Kernel camsys_drv :   v0.32.0
D/CameraHal(  183):     CameraHal camsys_head.h : v0.11.0
D/CameraHal(  183): 
D/CameraHal(  183): 
D/CameraHal(  183): 
D/DCT     (  935): [0]isDataAllowed getRecordsLoaded=true
D/DCT     (  935): [ApnContext:supl] getApnSetting: apnSetting=null
D/PhoneFactory(  935): getPhone:- phoneId != DEFAULT_PHONE_ID return sProxyPhones[phoneId] phoneId=0 phone=Handler (com.android.internal.telephony.PhoneProxy) {35955629}
D/DCT     (  935): [ApnContext:emergency] getApnSetting: apnSetting=null
D/PhoneFactory(  935): getPhone:- phoneId != DEFAULT_PHONE_ID return sProxyPhones[phoneId] phoneId=0 phone=Handler (com.android.internal.telephony.PhoneProxy) {35955629}
D/DCT     (  935): [0]isDataAllowed getRecordsLoaded=true
D/DCT     (  935): [ApnContext:dun] getApnSetting: apnSetting=null
D/PhoneFactory(  935): getPhone:- phoneId != DEFAULT_PHONE_ID return sProxyPhones[phoneId] phoneId=0 phone=Handler (com.android.internal.telephony.PhoneProxy) {35955629}
D/DCT     (  935): [0]isDataAllowed getRecordsLoaded=true
D/DCT     (  935): [ApnContext:hipri] getApnSetting: apnSetting=null
D/PhoneFactory(  935): getPhone:- phoneId != DEFAULT_PHONE_ID return sProxyPhones[phoneId] phoneId=0 phone=Handler (com.android.internal.telephony.PhoneProxy) {35955629}
D/DCT     (  935): [0]isDataAllowed getRecordsLoaded=true
D/DCT     (  935): [ApnContext:ims] getApnSetting: apnSetting=null
D/PhoneFactory(  935): getPhone:- phoneId != DEFAULT_PHONE_ID return sProxyPhones[phoneId] phoneId=0 phone=Handler (com.android.internal.telephony.PhoneProxy) {35955629}
D/DCT     (  935): [0]handleMessage msg={ when=-269ms what=270377 obj=android.os.AsyncResult@22dc9d7a target=com.android.internal.telephony.dataconnection.DcTracker }
D/DCT     (  935): [0]setupDataOnConnectableApns: nwTypeChanged
D/DCT     (  935): [0]setupDataOnConnectableApns: apnContext {mApnType=emergency mState=IDLE mWaitingApns={null} mWaitingApnsPermanentFailureCountDown=0 mApnSetting={null} mReason=SinglePdnArbitration mDataEnabled=false mDependencyMet=true}
D/DCT     (  935): [0]setupDataOnConnectableApns: apnContext {mApnType=hipri mState=IDLE mWaitingApns={null} mWaitingApnsPermanentFailureCountDown=0 mApnSetting={null} mReason=SinglePdnArbitration mDataEnabled=false mDependencyMet=true}
D/DCT     (  935): [0]setupDataOnConnectableApns: apnContext {mApnType=supl mState=IDLE mWaitingApns={null} mWaitingApnsPermanentFailureCountDown=0 mApnSetting={null} mReason=SinglePdnArbitration mDataEnabled=false mDependencyMet=true}
D/DCT     (  935): [0]setupDataOnConnectableApns: apnContext {mApnType=mms mState=IDLE mWaitingApns={null} mWaitingApnsPermanentFailureCountDown=0 mApnSetting={null} mReason=SinglePdnArbitration mDataEnabled=false mDependencyMet=false}
D/DCT     (  935): [0]setupDataOnConnectableApns: apnContext {mApnType=dun mState=IDLE mWaitingApns={null} mWaitingApnsPermanentFailureCountDown=0 mApnSetting={null} mReason=SinglePdnArbitration mDataEnabled=false mDependencyMet=true}
D/DCT     (  935): [0]setupDataOnConnectableApns: apnContext {mApnType=fota mState=IDLE mWaitingApns={null} mWaitingApnsPermanentFailureCountDown=0 mApnSetting={null} mReason=SinglePdnArbitration mDataEnabled=false mDependencyMet=true}
D/DCT     (  935): [0]setupDataOnConnectableApns: apnContext {mApnType=ims mState=IDLE mWaitingApns={null} mWaitingApnsPermanentFailureCountDown=0 mApnSetting={null} mReason=SinglePdnArbitration mDataEnabled=false mDependencyMet=true}
D/DCT     (  935): [0]setupDataOnConnectableApns: apnContext {mApnType=default mState=CONNECTING mWaitingApns={[[ApnSettingV3] cmiot, 1443, 46004, cmiot, , , , , , -1, *, IP, IP, true, 0, 0, false, 0, 0, 0, 0, , ]} mWaitingApnsPermanentFailureCountDown=1 mApnSetting={[ApnSettingV3] cmiot, 1443, 46004, cmiot, , , , , , -1, *, IP, IP, true, 0, 0, false, 0, 0, 0, 0, , } mReason=SinglePdnArbitration mDataEnabled=true mDependencyMet=true}
D/DCT     (  935): [0]setupDataOnConnectableApns: apnContext {mApnType=cbs mState=IDLE mWaitingApns={null} mWaitingApnsPermanentFailureCountDown=0 mApnSetting={null} mReason=SinglePdnArbitration mDataEnabled=false mDependencyMet=true}
D/DCT     (  935): [0]handleMessage msg={ when=-269ms what=270377 obj=android.os.AsyncResult@1646692b target=com.android.internal.telephony.dataconnection.DcTracker }
D/DCT     (  935): [0]setupDataOnConnectableApns: nwTypeChanged
D/DCT     (  935): [0]setupDataOnConnectableApns: apnContext {mApnType=emergency mState=IDLE mWaitingApns={null} mWaitingApnsPermanentFailureCountDown=0 mApnSetting={null} mReason=SinglePdnArbitration mDataEnabled=false mDependencyMet=true}
D/DCT     (  935): [0]setupDataOnConnectableApns: apnContext {mApnType=hipri mState=IDLE mWaitingApns={null} mWaitingApnsPermanentFailureCountDown=0 mApnSetting={null} mReason=SinglePdnArbitration mDataEnabled=false mDependencyMet=true}
D/DCT     (  935): [0]setupDataOnConnectableApns: apnContext {mApnType=supl mState=IDLE mWaitingApns={null} mWaitingApnsPermanentFailureCountDown=0 mApnSetting={null} mReason=SinglePdnArbitration mDataEnabled=false mDependencyMet=true}
D/DCT     (  935): [0]setupDataOnConnectableApns: apnContext {mApnType=mms mState=IDLE mWaitingApns={null} mWaitingApnsPermanentFailureCountDown=0 mApnSetting={null} mReason=SinglePdnArbitration mDataEnabled=false mDependencyMet=false}
D/DCT     (  935): [0]setupDataOnConnectableApns: apnContext {mApnType=dun mState=IDLE mWaitingApns={null} mWaitingApnsPermanentFailureCountDown=0 mApnSetting={null} mReason=SinglePdnArbitration mDataEnabled=false mDependencyMet=true}
D/DCT     (  935): [0]setupDataOnConnectableApns: apnContext {mApnType=fota mState=IDLE mWaitingApns={null} mWaitingApnsPermanentFailureCountDown=0 mApnSetting={null} mReason=SinglePdnArbitration mDataEnabled=false mDependencyMet=true}
D/DCT     (  935): [0]setupDataOnConnectableApns: apnContext {mApnType=ims mState=IDLE mWaitingApns={null} mWaitingApnsPermanentFailureCountDown=0 mApnSetting={null} mReason=SinglePdnArbitration mDataEnabled=false mDependencyMet=true}
D/DCT     (  935): [0]setupDataOnConnectableApns: apnContext {mApnType=default mState=CONNECTING mWaitingApns={[[ApnSettingV3] cmiot, 1443, 46004, cmiot, , , , , , -1, *, IP, IP, true, 0, 0, false, 0, 0, 0, 0, , ]} mWaitingApnsPermanentFailureCountDown=1 mApnSetting={[ApnSettingV3] cmiot, 1443, 46004, cmiot, , , , , , -1, *, IP, IP, true, 0, 0, false, 0, 0, 0, 0, , } mReason=SinglePdnArbitration mDataEnabled=true mDependencyMet=true}
D/DCT     (  935): [0]setupDataOnConnectableApns: apnContext {mApnType=cbs mState=IDLE mWaitingApns={null} mWaitingApnsPermanentFailureCountDown=0 mApnSetting={null} mReason=SinglePdnArbitration mDataEnabled=false mDependencyMet=true}
D/DCT     (  935): [0]handleMessage msg={ when=-263ms what=270337 obj=android.os.AsyncResult@32481188 target=com.android.internal.telephony.dataconnection.DcTracker }
