D/TelephonyManager(  501): getTelephonyProperty: return propVal='46004' phoneId=0 property='gsm.sim.operator.numeric' defaultVal='' prop=46004
D/GpsLocationProvider(  501): SIM MCC/MNC is available: 46004
D/GpsLocationProvider(  501): Reset GPS properties, previous size = 5
D/GpsLocationProvider(  501): GpsParamsResource: SUPL_HOST=supl.google.com
D/GpsLocationProvider(  501): GpsParamsResource: SUPL_PORT=7275
D/GpsLocationProvider(  501): GpsParamsResource: NTP_SERVER=north-america.pool.ntp.org
D/GpsLocationProvider(  501): GpsParamsResource: SUPL_VER=0x20000
D/GpsLocationProvider(  501): GpsParamsResource: SUPL_MODE=1
W/GpsLocationProvider(  501): Could not open GPS configuration file /etc/gps.conf
D/GpsLocationProvider(  501): GPS properties reloaded, size = 5
E/GpsLocationProvider(  501): no AGPS interface in set_agps_server
E/GpsLocationProvider(  501): no GPS configuration interface in configuraiton_update
D/GpsLocationProvider(  501): final config = #Mon Nov 01 11:53:35 GMT+08:00 2021
D/GpsLocationProvider(  501): SUPL_VER=0x20000
D/GpsLocationProvider(  501): SUPL_HOST=supl.google.com
D/GpsLocationProvider(  501): NTP_SERVER=north-america.pool.ntp.org
D/GpsLocationProvider(  501): SUPL_PORT=7275
D/GpsLocationProvider(  501): SUPL_MODE=1
D/SIMRecords(  935): [SIMRecords] onAllRecordsLoaded set mcc imsi=460049897403965
D/TelephonyManager(  935): setTelephonyProperty: success phoneId=0 property=gsm.sim.operator.iso-country value: cn propVal=cn
D/VolumeUI(  678): Registering volume controller
D/GsmSST  (  935): [GsmSST] SubscriptionListener.onSubscriptionInfoChanged
D/SubscriptionController(  935): [getSubId]- mSlotIdToSubIdMap.size == 0, return DummySubIds slotIdx=0
D/SubscriptionController(  935): getDummySubIds: slotIdx=0 return 1 DummySubIds with each subId=0
D/DCT     (  935): [0]SubscriptionListener.onSubscriptionInfoChanged
D/SubscriptionController(  935): [getSubId]- mSlotIdToSubIdMap.size == 0, return DummySubIds slotIdx=0
D/SubscriptionController(  935): getDummySubIds: slotIdx=0 return 1 DummySubIds with each subId=0
D/DisplayManager(  967): getDisplayInfo: displayId=0, info=DisplayInfo{"内置屏幕", uniqueId "local:0", app 1920 x 1080, real 1920 x 1080, largest app 1920 x 1847, smallest app 1080 x 1007, 71.387 fps, supportedRefreshRates [71.387], rotation 0, density 160 (159.89508 x 160.42105) dpi, layerStack 0, appVsyncOff 0, presDeadline 15008152, type BUILT_IN, state ON, FLAG_SECURE, FLAG_SUPPORTS_PROTECTED_BUFFERS}
D/ViewRootImpl(  967): 1920<<<<<< BACK FROM relayoutWM.LayoutParams{(0,0)(fillxfill)mPosX=0mPosY=0mHScale=1.0mVScale=1.0 align=UNDEFINE taskId=63 sim=#120 ty=1 fl=#81910100 fmt=-2 wanim=0x10303e5 vsysui=0x600 surfaceInsets=Rect(0, 0 - 0, 0) needsMenuKey=2packageName=com.android.launcher3token=android.os.BinderProxy@2d91b7b}
D/DCT     (  935): [0]getDataEnabled: getIntWithSubId retVal=true
D/DctController(  935): onSubInfoReady mPhoneNum=1
D/SubscriptionController(  935): [getSubId]- mSlotIdToSubIdMap.size == 0, return DummySubIds slotIdx=0
D/SubscriptionController(  935): getDummySubIds: slotIdx=0 return 1 DummySubIds with each subId=0
D/DisplayManager(  967): getDisplayInfo: displayId=0, info=DisplayInfo{"内置屏幕", uniqueId "local:0", app 1920 x 1080, real 1920 x 1080, largest app 1920 x 1847, smallest app 1080 x 1007, 71.387 fps, supportedRefreshRates [71.387], rotation 0, density 160 (159.89508 x 160.42105) dpi, layerStack 0, appVsyncOff 0, presDeadline 15008152, type BUILT_IN, state ON, FLAG_SECURE, FLAG_SUPPORTS_PROTECTED_BUFFERS}
D/DctController(  935): onSubInfoReady handle pending requests subId=0
D/SubscriptionController(  935): [getSubId]- mSlotIdToSubIdMap.size == 0, return DummySubIds slotIdx=0
D/SubscriptionController(  935): getDummySubIds: slotIdx=0 return 1 DummySubIds with each subId=0
D/DctController(  935): [TNF 0]evalPendingRequest, pending request size is 0
D/DctController(  935): processRequests
D/DisplayManager(  967): getDisplayInfo: displayId=0, info=DisplayInfo{"内置屏幕", uniqueId "local:0", app 1920 x 1080, real 1920 x 1080, largest app 1920 x 1847, smallest app 1080 x 1007, 71.387 fps, supportedRefreshRates [71.387], rotation 0, density 160 (159.89508 x 160.42105) dpi, layerStack 0, appVsyncOff 0, presDeadline 15008152, type BUILT_IN, state ON, FLAG_SECURE, FLAG_SUPPORTS_PROTECTED_BUFFERS}
D/SubscriptionController(  935): [getSubId]- mSlotIdToSubIdMap.size == 0, return DummySubIds slotIdx=0
D/SubscriptionController(  935): getDummySubIds: slotIdx=0 return 1 DummySubIds with each subId=0
D/GSMPhone(  935): [GSMPhone] updateCurrentCarrierInProvider: mSubId = 0 currentDds = 0 operatorNumeric = null
D/DisplayManager(  967): getDisplayInfo: displayId=0, info=DisplayInfo{"内置屏幕", uniqueId "local:0", app 1920 x 1080, real 1920 x 1080, largest app 1920 x 1847, smallest app 1080 x 1007, 71.387 fps, supportedRefreshRates [71.387], rotation 0, density 160 (159.89508 x 160.42105) dpi, layerStack 0, appVsyncOff 0, presDeadline 15008152, type BUILT_IN, state ON, FLAG_SECURE, FLAG_SUPPORTS_PROTECTED_BUFFERS}
D/DisplayManager(  967): getDisplayInfo: displayId=0, info=DisplayInfo{"内置屏幕", uniqueId "local:0", app 1920 x 1080, real 1920 x 1080, largest app 1920 x 1847, smallest app 1080 x 1007, 71.387 fps, supportedRefreshRates [71.387], rotation 0, density 160 (159.89508 x 160.42105) dpi, layerStack 0, appVsyncOff 0, presDeadline 15008152, type BUILT_IN, state ON, FLAG_SECURE, FLAG_SUPPORTS_PROTECTED_BUFFERS}
D/DisplayManager(  967): getDisplayInfo: displayId=0, info=DisplayInfo{"内置屏幕", uniqueId "local:0", app 1920 x 1080, real 1920 x 1080, largest app 1920 x 1847, smallest app 1080 x 1007, 71.387 fps, supportedRefreshRates [71.387], rotation 0, density 160 (159.89508 x 160.42105) dpi, layerStack 0, appVsyncOff 0, presDeadline 15008152, type BUILT_IN, state ON, FLAG_SECURE, FLAG_SUPPORTS_PROTECTED_BUFFERS}
D/SubscriptionController(  935): [getActiveSubInfoList]+
D/SubscriptionController(  935): sim_state is :READY
D/SubscriptionController(  935): selection:sim_id>=0 null
I/Launcher.Model(  967): not binding apps: no Launcher activity
D/DCT     (  935): [0]initApnContexts: E
D/DCT     (  935): [0]initApnContexts: skipping unknown type=1
D/DCT     (  935): [0]initApnContexts: apnContext={mApnType=default mState=IDLE mWaitingApns={null} mWaitingApnsPermanentFailureCountDown=0 mApnSetting={null} mReason=dataEnabled mDataEnabled=false mDependencyMet=true}
D/DCT     (  935): [0]initApnContexts: apnContext={mApnType=mms mState=IDLE mWaitingApns={null} mWaitingApnsPermanentFailureCountDown=0 mApnSetting={null} mReason=dataEnabled mDataEnabled=false mDependencyMet=false}
D/DCT     (  935): [0]initApnContexts: apnContext={mApnType=supl mState=IDLE mWaitingApns={null} mWaitingApnsPermanentFailureCountDown=0 mApnSetting={null} mReason=dataEnabled mDataEnabled=false mDependencyMet=true}
D/DCT     (  935): [0]initApnContexts: apnContext={mApnType=dun mState=IDLE mWaitingApns={null} mWaitingApnsPermanentFailureCountDown=0 mApnSetting={null} mReason=dataEnabled mDataEnabled=false mDependencyMet=true}
D/DCT     (  935): [0]initApnContexts: apnContext={mApnType=hipri mState=IDLE mWaitingApns={null} mWaitingApnsPermanentFailureCountDown=0 mApnSetting={null} mReason=dataEnabled mDataEnabled=false mDependencyMet=true}
D/DCT     (  935): [0]initApnContexts: apnContext={mApnType=fota mState=IDLE mWaitingApns={null} mWaitingApnsPermanentFailureCountDown=0 mApnSetting={null} mReason=dataEnabled mDataEnabled=false mDependencyMet=true}
D/DCT     (  935): [0]initApnContexts: apnContext={mApnType=ims mState=IDLE mWaitingApns={null} mWaitingApnsPermanentFailureCountDown=0 mApnSetting={null} mReason=dataEnabled mDataEnabled=false mDependencyMet=true}
D/DCT     (  935): [0]initApnContexts: apnContext={mApnType=cbs mState=IDLE mWaitingApns={null} mWaitingApnsPermanentFailureCountDown=0 mApnSetting={null} mReason=dataEnabled mDataEnabled=false mDependencyMet=true}
D/DCT     (  935): [0]initApnContexts: skipping unknown type=7
D/DCT     (  935): [0]initApnContexts: skipping unknown type=9
D/DCT     (  935): [0]initApnContexts: apnContext={mApnType=emergency mState=IDLE mWaitingApns={null} mWaitingApnsPermanentFailureCountDown=0 mApnSetting={null} mReason=dataEnabled mDataEnabled=false mDependencyMet=true}
D/DCT     (  935): [0]initApnContexts: X mApnContexts={default={mApnType=default mState=IDLE mWaitingApns={null} mWaitingApnsPermanentFailureCountDown=0 mApnSetting={null} mReason=dataEnabled mDataEnabled=false mDependencyMet=true}, mms={mApnType=mms mState=IDLE mWaitingApns={null} mWaitingApnsPermanentFailureCountDown=0 mApnSetting={null} mReason=dataEnabled mDataEnabled=false mDependencyMet=false}, cbs={mApnType=cbs mState=IDLE mWaitingApns={null} mWaitingApnsPermanentFailureCountDown=0 mApnSetting={null} mReason=dataEnabled mDataEnabled=false mDependencyMet=true}, fota={mApnType=fota mState=IDLE mWaitingApns={null} mWaitingApnsPermanentFailureCountDown=0 mApnSetting={null} mReason=dataEnabled mDataEnabled=false mDependencyMet=true}, supl={mApnType=supl mState=IDLE mWaitingApns={null} mWaitingApnsPermanentFailureCountDown=0 mApnSetting={null} mReason=dataEnabled mDataEnabled=false mDependencyMet=true}, emergency={mApnType=emergency mState=IDLE mWaitingApns={null} mWaitingApnsPermanentFailureCountDown=0 mApnSetting={null} mReason=dataEnabled mDataEnabled=false mDependencyMet=true}, dun={mApnType=dun mState=IDLE mWaitingApns={null} mWaitingApnsPermanentFailureCountDown=0 mApnSetting={null} mReason=dataEnabled mDataEnabled=false mDependencyMet=true}, hipri={mApnType=hipri mState=IDLE mWaitingApns={null} mWaitingApnsPermanentFailureCountDown=0 mApnSetting={null} mReason=dataEnabled mDataEnabled=false mDependencyMet=true}, ims={mApnType=ims mState=IDLE mWaitingApns={null} mWaitingApnsPermanentFailureCountDown=0 mApnSetting={null} mReason=dataEnabled mDataEnabled=false mDependencyMet=true}}
D/SubscriptionController(  935): [getActiveSubInfoList]- no info return
I/Telephony(  935): PstnIncomingCallNotifier: Unregistering: Handler (com.android.internal.telephony.gsm.GSMPhone) {1d8c5dae}
E/PhoneBase(  935): Error! unregisterForCallWaiting() in PhoneBase should not be called, CDMAPhone inactive.
D/SubscriptionController(  935): [getSubId]- mSlotIdToSubIdMap.size == 0, return DummySubIds slotIdx=0
D/SubscriptionController(  935): getDummySubIds: slotIdx=0 return 1 DummySubIds with each subId=0
D/SubscriptionController(  935): [getSubId]- mSlotIdToSubIdMap.size == 0, return DummySubIds slotIdx=0
D/SubscriptionController(  935): getDummySubIds: slotIdx=0 return 1 DummySubIds with each subId=0
D/SubscriptionController(  935): [getSubId]- mSlotIdToSubIdMap.size == 0, return DummySubIds slotIdx=0
D/SubscriptionController(  935): getDummySubIds: slotIdx=0 return 1 DummySubIds with each subId=0
D/SubscriptionController(  935): [getPhoneId]- no sims, returning default phoneId=0
D/SubscriptionManager(  935): [getPhoneId]- fail
D/TelephonyManager(  935): getTelephonyProperty: return propVal='null' phoneId=-1 property='gsm.operator.alpha' defaultVal='' prop=CHINA MOBILE
W/ResourceType(  967): ResTable_typeSpec entry count inconsistent: given 1, previously 1238
D/TelephonyProvider(  935): dbh.onOpen: ok, queried table=siminfo
D/TelephonyProvider(  935): dbh.onOpen: ok, queried table=carriers
I/notification_cancel(  501): [10012,678,com.android.systemui,100,low_battery,-1,0,64,8,NULL]
E/memtrack( 1161): Couldn't load memtrack module (No such file or directory)
E/android.os.Debug( 1161): failed to load memtrack module: -2
I/Telephony(  935): PstnIncomingCallNotifier: Registering: Handler (com.android.internal.telephony.gsm.GSMPhone) {1d8c5dae}
E/PhoneBase(  935): Error! registerForCallWaiting() in PhoneBase should not be called, CDMAPhone inactive.
I/notification_cancel(  501): [10012,678,com.android.systemui,100,low_battery,-1,0,64,8,NULL]
D/DisplayManager(  967): getDisplayInfo: displayId=0, info=DisplayInfo{"内置屏幕", uniqueId "local:0", app 1920 x 1080, real 1920 x 1080, largest app 1920 x 1847, smallest app 1080 x 1007, 71.387 fps, supportedRefreshRates [71.387], rotation 0, density 160 (159.89508 x 160.42105) dpi, layerStack 0, appVsyncOff 0, presDeadline 15008152, type BUILT_IN, state ON, FLAG_SECURE, FLAG_SUPPORTS_PROTECTED_BUFFERS}
D/CAT     (  935): CatService: handleMessage[20]
D/SubscriptionController(  935): [getSubId]- mSlotIdToSubIdMap.size == 0, return DummySubIds slotIdx=0
D/SubscriptionController(  935): getDummySubIds: slotIdx=0 return 1 DummySubIds with each subId=0
D/GSMPhone(  935): [GSMPhone] updateCurrentCarrierInProvider: mSubId = 0 currentDds = 0 operatorNumeric = 46004
D/SubscriptionController(  935): [getSubId]- mSlotIdToSubIdMap.size == 0, return DummySubIds slotIdx=0
D/SubscriptionController(  935): getDummySubIds: slotIdx=0 return 1 DummySubIds with each subId=0
D/WifiService(  501): New client listening to asynchronous messages
D/DisplayManager(  967): getDisplayInfo: displayId=0, info=DisplayInfo{"内置屏幕", uniqueId "local:0", app 1920 x 1080, real 1920 x 1080, largest app 1920 x 1847, smallest app 1080 x 1007, 71.387 fps, supportedRefreshRates [71.387], rotation 0, density 160 (159.89508 x 160.42105) dpi, layerStack 0, appVsyncOff 0, presDeadline 15008152, type BUILT_IN, state ON, FLAG_SECURE, FLAG_SUPPORTS_PROTECTED_BUFFERS}
D/PhoneWindow(  967): DecorView - SCREEN_WEITH = 1920 - SCREE_HEIGHT = 1080
D/Launcher.Model(  967): 11683562 - loadWorkspaceScreensDb()
D/Launcher.Model(  967): 11683562 -   screens: 
D/Launcher.Model(  967): 11683562 -   sBgWorkspaceScreens: 
D/TelephonyManager(  935): setTelephonyProperty: success phoneId=0 property=gsm.current.phone-type value: 1 propVal=1
D/GSMPhone(  935): [GSMPhone] GSMPhone: constructor: sub = 0
D/TelephonyManager(  935): setTelephonyProperty: success phoneId=0 property=gsm.current.phone-type value: 1 propVal=1
I/PhoneFactory(  935): Creating Phone with type = 1 sub = 0
D/Launcher(  967): 11683562 - bindAddScreens()
D/Launcher(  967): 11683562 -   orderedScreenIds: 
D/Launcher.Workspace(  967): 11683562 - addExtraEmptyScreen()
D/Launcher.Workspace(  967): 11683562 - insertNewWorkspaceScreen(): -201 at index: 0
D/TelephonyManager(  935): getTelephonyProperty: return propVal='null' phoneId=0 property='telephony.sms.send' defaultVal='false' prop=
E/RIL_ImsSms(  935): getFormat should never be called from here!
D/SMSDispatcher(  935): SMSDispatcher: ctor mSmsCapable=false format=unknown mSmsSendDisabled=true
D/RIL_ImsSms(  935): ImsSMSDispatcher created
D/PhoneBase(  935): Voicemail count retrieval for subscriberId = null current subscriberId = 460049897403965
D/SubscriptionController(  935): [getSubId]- mSlotIdToSubIdMap.size == 0, return DummySubIds slotIdx=0
D/SubscriptionController(  935): getDummySubIds: slotIdx=0 return 1 DummySubIds with each subId=0
D/GSMPhone(  935): updateVoiceMail countVoiceMessages = 0 subId 0
D/TelephonyManager(  935): getTelephonyProperty: return propVal='null' phoneId=0 property='telephony.sms.send' defaultVal='false' prop=
D/SMSDispatcher(  935): SMSDispatcher: ctor mSmsCapable=false format=3gpp2 mSmsSendDisabled=true
D/CdmaSMSDispatcher(  935): CdmaSMSDispatcher created
D/GsmSST  (  935): [GsmSST] EVENT_SIM_RECORDS_LOADED: what=16
D/SubscriptionController(  935): [getPhoneId] asked for default subId=-1
D/SubscriptionController(  935): [getPhoneId]- invalid subId return=-1
D/PhoneProxy(  935): [PhoneProxy] updatePhoneObject: radioTechnology=14
D/SIMRecords(  935): [SIMRecords] getServiceProviderName: no brandOverride
D/SIMRecords(  935): [SIMRecords] getServiceProviderName: providerName=null
D/SIMRecords(  935): [SIMRecords] getServiceProviderName: no brandOverride
D/SIMRecords(  935): [SIMRecords] getServiceProviderName: providerName=null
D/DCT     (  935): [0]handleMessage msg={ when=-74ms what=270338 obj=android.os.AsyncResult@664037d target=com.android.internal.telephony.dataconnection.DcTracker }
D/DCT     (  935): [0]onRecordsLoaded: createAllApnList
D/DCT     (  935): [0]createAllApnList: selection=numeric = '46004'
D/SubscriptionController(  935): [getActiveSubInfoList]+
D/SubscriptionController(  935): sim_state is :READY
D/SubscriptionController(  935): selection:sim_id>=0 null
D/AndroidRuntime( 1161): Calling main entry com.android.commands.pm.Pm
D/SubscriptionController(  935): [getActiveSubInfoList]- no info return
D/SubscriptionController(  935): [getSubId]- mSlotIdToSubIdMap.size == 0, return DummySubIds slotIdx=0
D/SubscriptionController(  935): getDummySubIds: slotIdx=0 return 1 DummySubIds with each subId=0
D/SubscriptionController(  935): [getPhoneId]- no sims, returning default phoneId=0
D/PhoneFactory(  935): getPhone:- phoneId != DEFAULT_PHONE_ID return sProxyPhones[phoneId] phoneId=0 phone=Handler (com.android.internal.telephony.PhoneProxy) {35955629}
D/DCT     (  935): [0]createApnList: X result=[[ApnSettingV3] China Mobile CMMTM, 1104, 46004, CMIOTCZZJAL.JS, , , , , , -1, default | supl, IP, IP, true, 0, 0, false, 0, 0, 0, 0, , , [ApnSettingV3] cmiot, 1443, 46004, cmiot, , , , , , -1, *, IP, IP, true, 0, 0, false, 0, 0, 0, 0, , ]
D/SubscriptionController(  935): [getSubId]- mSlotIdToSubIdMap.size == 0, return DummySubIds slotIdx=0
D/SubscriptionController(  935): getDummySubIds: slotIdx=0 return 1 DummySubIds with each subId=0
D/TelephonyProvider(  935): subIdString = 0 subId = 0
D/BluetoothManagerService(  501): Message: 20
D/BluetoothManagerService(  501): Added callback: android.bluetooth.IBluetoothManagerCallback$Stub$Proxy@25eb83dd:true
D/BluetoothAdapter(  678): 306359981: getState() :  mService = null. Returning STATE_OFF
D/BluetoothAdapter(  678): 306359981: getState() :  mService = null. Returning STATE_OFF
D/TelephonyProvider(  935): subIdString = 2 subId = 2
I/art     ( 1161): System.exit called, status: 0
I/AndroidRuntime( 1161): VM exiting with result code 0.
I/am_proc_start(  501): [0,1087,10053,com.android.smspush,service,com.android.smspush/.WapPushManager]
I/ActivityManagerService(  501): Start proc 1087:com.android.smspush/u0a53 for service com.android.smspush/.WapPushManager
V/WAP PUSH(  935): bindService() for wappush manager succeeded
D/TelephonyManager(  935): getTelephonyProperty: return propVal='null' phoneId=0 property='telephony.sms.receive' defaultVal='false' prop=
D/GsmInboundSmsHandler(  935): created InboundSmsHandler
D/BluetoothManagerService(  501): Message: 30
V/WAP PUSH(  935): bindService() for wappush manager succeeded
D/TelephonyManager(  935): getTelephonyProperty: return propVal='null' phoneId=0 property='telephony.sms.receive' defaultVal='false' prop=
D/CdmaInboundSmsHandler(  935): created InboundSmsHandler
D/DCT     (  935): [0]getPreferredApn: mRequestedApnType=default cursor=android.content.ContentResolver$CursorWrapperInner@2153c272 cursor.count=1
D/DCT     (  935): [0]getPreferredApn: apnSetting=[ApnSettingV3] China Mobile CMMTM, 1104, 46004, CMIOTCZZJAL.JS, , , , , , -1, default | supl, IP, IP, true, 0, 0, false, 0, 0, 0, 0, , 
D/DCT     (  935): [0]getPreferredApn: apnSetting=[ApnSettingV3] cmiot, 1443, 46004, cmiot, , , , , , -1, *, IP, IP, true, 0, 0, false, 0, 0, 0, 0, , 
D/DCT     (  935): [0]getPreferredApn: X found apnSetting[ApnSettingV3] cmiot, 1443, 46004, cmiot, , , , , , -1, *, IP, IP, true, 0, 0, false, 0, 0, 0, 0, , 
D/TelephonyManager(  935): getTelephonyProperty: return propVal='null' phoneId=0 property='telephony.sms.send' defaultVal='false' prop=
D/SMSDispatcher(  935): SMSDispatcher: ctor mSmsCapable=false format=3gpp mSmsSendDisabled=true
D/GsmSMSDispatcher(  935): GsmSMSDispatcher created
D/BluetoothManagerService(  501): Message: 30
D/IccCardProxy(  935): ctor: ci=com.android.internal.telephony.RIL@208d585f phoneId=0
D/CdmaSSM (  935): subscriptionSource from settings: 1
D/CdmaSSM (  935): cdmaSSM constructor: 1
D/IccCardProxy(  935): update icc_operator_numeric=
D/TelephonyManager(  935): setTelephonyProperty: success phoneId=0 property=gsm.sim.operator.numeric value:  propVal=
D/DCT     (  935): [0]createAllApnList: mPreferredApn=[ApnSettingV3] cmiot, 1443, 46004, cmiot, , , , , , -1, *, IP, IP, true, 0, 0, false, 0, 0, 0, 0, , 
D/DCT     (  935): [0]createAllApnList: X mAllApnSettings=[[ApnSettingV3] China Mobile CMMTM, 1104, 46004, CMIOTCZZJAL.JS, , , , , , -1, default | supl, IP, IP, true, 0, 0, false, 0, 0, 0, 0, , , [ApnSettingV3] cmiot, 1443, 46004, cmiot, , , , , , -1, *, IP, IP, true, 0, 0, false, 0, 0, 0, 0, , ]
D/DCT     (  935): [0]setDataProfilesAsNeeded
D/DCT     (  935): [0]setInitialApn: E mPreferredApn=[ApnSettingV3] cmiot, 1443, 46004, cmiot, , , , , , -1, *, IP, IP, true, 0, 0, false, 0, 0, 0, 0, , 
D/DCT     (  935): [0]setInitialApn: firstApnSetting=[ApnSettingV3] China Mobile CMMTM, 1104, 46004, CMIOTCZZJAL.JS, , , , , , -1, default | supl, IP, IP, true, 0, 0, false, 0, 0, 0, 0, , 
E/BluetoothA2dpSink(  678): Could not bind to Bluetooth A2DP Service with Intent { act=android.bluetooth.IBluetoothA2dpSink }
D/DCT     (  935): [0]setInitialApn: defaultApnSetting=[ApnSettingV3] China Mobile CMMTM, 1104, 46004, CMIOTCZZJAL.JS, , , , , , -1, default | supl, IP, IP, true, 0, 0, false, 0, 0, 0, 0, , 
D/DCT     (  935): [0]setInitialAttachApn: using mPreferredApn
D/DCT     (  935): [0]setInitialAttachApn: X selected Apn=[ApnSettingV3] cmiot, 1443, 46004, cmiot, , , , , , -1, *, IP, IP, true, 0, 0, false, 0, 0, 0, 0, , 
D/RILJ    (  935): Set RIL_REQUEST_SET_INITIAL_ATTACH_APN [SUB0]
D/RILJ    (  935): [3704]> RIL_REQUEST_SET_INITIAL_ATTACH_APN, apn:cmiot, protocol:IP, authType:-1, username:, password: [SUB0]
D/TelephonyManager(  935): setTelephonyProperty: success phoneId=0 property=gsm.sim.operator.iso-country value:  propVal=
D/TelephonyManager(  935): setTelephonyProperty: success phoneId=0 property=gsm.sim.operator.alpha value:  propVal=
E/IccCardProxy(  935): setExternalState: set mPhoneId=0 mExternalState=NOT_READY
D/TelephonyManager(  935): setTelephonyProperty: success phoneId=0 property=gsm.sim.state value: NOT_READY propVal=NOT_READY
D/BluetoothManagerService(  501): Message: 30
D/DCT     (  935): [0]onRecordsLoaded: notifying data availability
D/SubscriptionController(  935): [getSubId]- mSlotIdToSubIdMap.size == 0, return DummySubIds slotIdx=0
D/SubscriptionController(  935): getDummySubIds: slotIdx=0 return 1 DummySubIds with each subId=0
D/use-Rlog/RLOG-RIL RILC(  181): onRequest: RIL_REQUEST_SET_INITIAL_ATTACH_APN datalen=20
D/use-Rlog/RLOG-RIL ATC(  181): AT> AT+CGDCONT=1,"IP","cmiot"
D/DCT     (  935): [0]isDataAllowed getRecordsLoaded=true
D/SubscriptionController(  935): [getSubId]- mSlotIdToSubIdMap.size == 0, return DummySubIds slotIdx=0
D/SubscriptionController(  935): getDummySubIds: slotIdx=0 return 1 DummySubIds with each subId=0
E/BluetoothAvrcpController(  678): Could not bind to Bluetooth AVRCP Controller Service with Intent { act=android.bluetooth.IBluetoothAvrcpController }
D/IccCardProxy(  935): broadcastIccStateChangedIntent intent ACTION_SIM_STATE_CHANGED value=NOT_READY reason=null for mPhoneId=0
D/DCT     (  935): [ApnContext:mms] getApnSetting: apnSetting=null
D/SubscriptionController(  935): [getPhoneId]- no sims, returning default phoneId=0
D/PhoneFactory(  935): getPhone:- phoneId != DEFAULT_PHONE_ID return sProxyPhones[phoneId] phoneId=0 phone=Handler (com.android.internal.telephony.PhoneProxy) {35955629}
D/SmsBroadcastUndelivered(  935): scanning raw table for undelivered messages
D/IccCardProxy(  935): Setting radio tech UMTS
D/TelephonyManager(  935): getLteOnCdmaMode=0 curVal=0 product_type='' lteOnCdmaProductType=''
D/IccCardProxy(  935): updateQuietMode: 3GPP subscription -> newQuietMode=false
D/IccCardProxy(  935): updateQuietMode: no changes don't setExternalState
D/IccCardProxy(  935): updateQuietMode: QuietMode is false (app_type=1 isLteOnCdmaMode=false cdmaSource=-1)
D/GpsLocationProvider(  501): received SIM realted action: 
D/SubscriptionController(  935): [getPhoneId]- no sims, returning default phoneId=0
D/ProxyController(  935): Constructor - Enter
D/BluetoothManagerService(  501): Message: 30
D/DctController(  935): makeDctController: new DctController phones.length=1
D/BluetoothManagerService(  501): Trying to bind to profile: 1, while Bluetooth was disabled
D/DctController(  935): DctController(): phones.length=1
D/use-Rlog/RLOG-RIL ATC(  181): AT< OK
D/RILC    (  181): RequestComplete, RIL_SOCKET_1
E/RILC    (  181): Send Response to RIL_SOCKET_1
D/RILJ    (  935): [3704]< RIL_REQUEST_SET_INITIAL_ATTACH_APN  [SUB0]
D/SubscriptionController(  935): [getSubId]- mSlotIdToSubIdMap.size == 0, return DummySubIds slotIdx=0
D/SubscriptionController(  935): getDummySubIds: slotIdx=0 return 1 DummySubIds with each subId=0
I/am_proc_bound(  501): [0,1087,com.android.smspush]
D/BluetoothManagerService(  501): Message: 30
D/DCT     (  935): [0]isDataAllowed getRecordsLoaded=true
D/DCT     (  935): [ApnContext:cbs] getApnSetting: apnSetting=null
E/BluetoothHeadsetClient(  678): Could not bind to Bluetooth Headset Client Service with Intent { act=android.bluetooth.IBluetoothHeadsetClient }
D/SubscriptionController(  935): [getPhoneId]- no sims, returning default phoneId=0
D/PhoneFactory(  935): getPhone:- phoneId != DEFAULT_PHONE_ID return sProxyPhones[phoneId] phoneId=0 phone=Handler (com.android.internal.telephony.PhoneProxy) {35955629}
D/SubscriptionController(  935): [getPhoneId]- no sims, returning default phoneId=0
D/BluetoothManagerService(  501): Message: 30
D/SubscriptionController(  935): [getSubId]- mSlotIdToSubIdMap.size == 0, return DummySubIds slotIdx=0
D/SubscriptionController(  935): getDummySubIds: slotIdx=0 return 1 DummySubIds with each subId=0
D/DCT     (  935): [0]isDataAllowed getRecordsLoaded=true
D/DCT     (  935): [ApnContext:fota] getApnSetting: apnSetting=null
D/BluetoothMap(  678): Create BluetoothMap proxy object
D/SubscriptionController(  935): [getPhoneId]- no sims, returning default phoneId=0
D/PhoneFactory(  935): getPhone:- phoneId != DEFAULT_PHONE_ID return sProxyPhones[phoneId] phoneId=0 phone=Handler (com.android.internal.telephony.PhoneProxy) {35955629}
D/BluetoothManagerService(  501): Message: 30
E/BluetoothMap(  678): Could not bind to Bluetooth MAP Service with Intent { act=android.bluetooth.IBluetoothMap }
D/SubscriptionController(  935): [getPhoneId]- no sims, returning default phoneId=0
D/BluetoothManagerService(  501): Message: 30
D/SubscriptionController(  935): [getSubId]- mSlotIdToSubIdMap.size == 0, return DummySubIds slotIdx=0
D/SubscriptionController(  935): getDummySubIds: slotIdx=0 return 1 DummySubIds with each subId=0
D/DisplayManager( 1087): getDisplayInfo: displayId=0, info=DisplayInfo{"内置屏幕", uniqueId "local:0", app 1920 x 1080, real 1920 x 1080, largest app 1920 x 1847, smallest app 1080 x 1007, 71.387 fps, supportedRefreshRates [71.387], rotation 0, density 160 (159.89508 x 160.42105) dpi, layerStack 0, appVsyncOff 0, presDeadline 15008152, type BUILT_IN, state ON, FLAG_SECURE, FLAG_SUPPORTS_PROTECTED_BUFFERS}
D/DCT     (  935): [0]isDataAllowed getRecordsLoaded=true
D/DcSwitchSM(  935): [DcSwitchStateMachine-0] DcSwitchState constructor E
D/DcSwitchSM(  935): [DcSwitchStateMachine-0] DcSwitchState constructor X
D/DcSwitchSM(  935): [DcSwitchStateMachine-0] IdleState: enter
E/DcSwitchStateMachine-0(  935): DctController is not ready
D/DCT     (  935): [ApnContext:supl] getApnSetting: apnSetting=null
D/EthernetNetworkFactory(  501): updateInterface: eth0 link down
D/SubscriptionController(  935): [getPhoneId]- no sims, returning default phoneId=0
D/EthernetNetworkFactoryExt(  501): interfaceLinkStateChanged: iface = eth0, up = false
D/PhoneFactory(  935): getPhone:- phoneId != DEFAULT_PHONE_ID return sProxyPhones[phoneId] phoneId=0 phone=Handler (com.android.internal.telephony.PhoneProxy) {35955629}
D/SubscriptionController(  935): [getPhoneId]- no sims, returning default phoneId=0
D/SubscriptionController(  935): [getSubId]- mSlotIdToSubIdMap.size == 0, return DummySubIds slotIdx=0
D/SubscriptionController(  935): getDummySubIds: slotIdx=0 return 1 DummySubIds with each subId=0
D/DCT     (  935): [ApnContext:emergency] getApnSetting: apnSetting=null
D/SubscriptionController(  935): [getPhoneId]- no sims, returning default phoneId=0
D/PhoneFactory(  935): getPhone:- phoneId != DEFAULT_PHONE_ID return sProxyPhones[phoneId] phoneId=0 phone=Handler (com.android.internal.telephony.PhoneProxy) {35955629}
D/SubscriptionController(  935): [getPhoneId]- no sims, returning default phoneId=0
D/SubscriptionController(  935): [getSubId]- mSlotIdToSubIdMap.size == 0, return DummySubIds slotIdx=0
D/SubscriptionController(  935): getDummySubIds: slotIdx=0 return 1 DummySubIds with each subId=0
D/DCT     (  935): [0]isDataAllowed getRecordsLoaded=true
D/DCT     (  935): [ApnContext:dun] getApnSetting: apnSetting=null
D/SubscriptionController(  935): [getPhoneId]- no sims, returning default phoneId=0
D/PhoneFactory(  935): getPhone:- phoneId != DEFAULT_PHONE_ID return sProxyPhones[phoneId] phoneId=0 phone=Handler (com.android.internal.telephony.PhoneProxy) {35955629}
D/ConnectivityService(  501): listenForNetwork for NetworkRequest [ id=2, legacyType=-1, [] ]
D/SubscriptionController(  935): [getPhoneId]- no sims, returning default phoneId=0
D/DctController(  935): DctController(phones): Connect success: 0
D/DctController(  935): updatePhoneBaseForIndex for phone index=0
D/DctController(  935): unregister TelephonyNetworkFactory for phone index=0
D/SubscriptionController(  935): [getSubId]- mSlotIdToSubIdMap.size == 0, return DummySubIds slotIdx=0
D/SubscriptionController(  935): getDummySubIds: slotIdx=0 return 1 DummySubIds with each subId=0
E/ConnectivityService(  501): Failed to find Messenger in unregisterNetworkFactory
D/DCT     (  935): [0]isDataAllowed getRecordsLoaded=true
D/DCT     (  935): [ApnContext:hipri] getApnSetting: apnSetting=null
D/TelephonyManager(  501): getSimOperatorNumeric(): default subId=0
D/DisplayManager( 1087): getDisplayInfo: displayId=0, info=DisplayInfo{"内置屏幕", uniqueId "local:0", app 1920 x 1080, real 1920 x 1080, largest app 1920 x 1847, smallest app 1080 x 1007, 71.387 fps, supportedRefreshRates [71.387], rotation 0, density 160 (159.89508 x 160.42105) dpi, layerStack 0, appVsyncOff 0, presDeadline 15008152, type BUILT_IN, state ON, FLAG_SECURE, FLAG_SUPPORTS_PROTECTED_BUFFERS}
D/SubscriptionController(  935): [getSubId]- mSlotIdToSubIdMap.size == 0, return DummySubIds slotIdx=0
D/SubscriptionController(  935): getDummySubIds: slotIdx=0 return 1 DummySubIds with each subId=0
D/DctController(  935): [TNF 0]NetworkCapabilities: [ Transports: CELLULAR Capabilities: MMS&SUPL&DUN&FOTA&IMS&CBS&IA&RCS&XCAP&EIMS&INTERNET&NOT_RESTRICTED&TRUSTED&NOT_VPN]
D/ConnectivityService(  501): Got NetworkFactory Messenger for Telephony
D/SubscriptionController(  935): [getPhoneId]- no sims, returning default phoneId=0
D/PhoneFactory(  935): getPhone:- phoneId != DEFAULT_PHONE_ID return sProxyPhones[phoneId] phoneId=0 phone=Handler (com.android.internal.telephony.PhoneProxy) {35955629}
D/SubscriptionController(  935): [getPhoneId]- no sims, returning default phoneId=0
D/TelephonyRegistry(  501): listen oscl: hasNotifySubscriptionInfoChangedOccurred==false no callback
D/SubscriptionController(  935): [getSubId]- mSlotIdToSubIdMap.size == 0, return DummySubIds slotIdx=0
D/SubscriptionController(  935): getDummySubIds: slotIdx=0 return 1 DummySubIds with each subId=0
D/DCT     (  935): [0]isDataAllowed getRecordsLoaded=true
D/DisplayManager( 1087): getDisplayInfo: displayId=0, info=DisplayInfo{"内置屏幕", uniqueId "local:0", app 1920 x 1080, real 1920 x 1080, largest app 1920 x 1847, smallest app 1080 x 1007, 71.387 fps, supportedRefreshRates [71.387], rotation 0, density 160 (159.89508 x 160.42105) dpi, layerStack 0, appVsyncOff 0, presDeadline 15008152, type BUILT_IN, state ON, FLAG_SECURE, FLAG_SUPPORTS_PROTECTED_BUFFERS}
D/DCT     (  935): [ApnContext:ims] getApnSetting: apnSetting=null
D/DctController(  935): makeDctController: X sDctController=Handler (com.android.internal.telephony.dataconnection.DctController) {3c7bbb44}
D/SubscriptionController(  935): [getPhoneId]- no sims, returning default phoneId=0
D/PhoneFactory(  935): getPhone:- phoneId != DEFAULT_PHONE_ID return sProxyPhones[phoneId] phoneId=0 phone=Handler (com.android.internal.telephony.PhoneProxy) {35955629}
D/DisplayManager( 1087): getDisplayInfo: displayId=0, info=DisplayInfo{"内置屏幕", uniqueId "local:0", app 1920 x 1080, real 1920 x 1080, largest app 1920 x 1847, smallest app 1080 x 1007, 71.387 fps, supportedRefreshRates [71.387], rotation 0, density 160 (159.89508 x 160.42105) dpi, layerStack 0, appVsyncOff 0, presDeadline 15008152, type BUILT_IN, state ON, FLAG_SECURE, FLAG_SUPPORTS_PROTECTED_BUFFERS}
D/SubscriptionController(  935): [getPhoneId]- no sims, returning default phoneId=0
D/ProxyController(  935): clearTransaction
D/ProxyController(  935): clearTransaction: phoneId=0 status=IDLE
D/ProxyController(  935): Constructor - Exit
D/DCT     (  935): [0]setupDataOnConnectableApns: simLoaded
D/DCT     (  935): [0]setupDataOnConnectableApns: apnContext {mApnType=emergency mState=IDLE mWaitingApns={null} mWaitingApnsPermanentFailureCountDown=0 mApnSetting={null} mReason=dataEnabled mDataEnabled=false mDependencyMet=true}
D/DCT     (  935): [0]setupDataOnConnectableApns: apnContext {mApnType=hipri mState=IDLE mWaitingApns={null} mWaitingApnsPermanentFailureCountDown=0 mApnSetting={null} mReason=dataEnabled mDataEnabled=false mDependencyMet=true}
D/DCT     (  935): [0]setupDataOnConnectableApns: apnContext {mApnType=supl mState=IDLE mWaitingApns={null} mWaitingApnsPermanentFailureCountDown=0 mApnSetting={null} mReason=dataEnabled mDataEnabled=false mDependencyMet=true}
D/DCT     (  935): [0]setupDataOnConnectableApns: apnContext {mApnType=mms mState=IDLE mWaitingApns={null} mWaitingApnsPermanentFailureCountDown=0 mApnSetting={null} mReason=dataEnabled mDataEnabled=false mDependencyMet=false}
D/DCT     (  935): [0]setupDataOnConnectableApns: apnContext {mApnType=dun mState=IDLE mWaitingApns={null} mWaitingApnsPermanentFailureCountDown=0 mApnSetting={null} mReason=dataEnabled mDataEnabled=false mDependencyMet=true}
I/PhoneFactory(  935): defaultSmsApplication: NONE
D/DCT     (  935): [0]setupDataOnConnectableApns: apnContext {mApnType=fota mState=IDLE mWaitingApns={null} mWaitingApnsPermanentFailureCountDown=0 mApnSetting={null} mReason=dataEnabled mDataEnabled=false mDependencyMet=true}
D/DCT     (  935): [0]setupDataOnConnectableApns: apnContext {mApnType=ims mState=IDLE mWaitingApns={null} mWaitingApnsPermanentFailureCountDown=0 mApnSetting={null} mReason=dataEnabled mDataEnabled=false mDependencyMet=true}
D/DCT     (  935): [0]setupDataOnConnectableApns: apnContext {mApnType=default mState=IDLE mWaitingApns={null} mWaitingApnsPermanentFailureCountDown=0 mApnSetting={null} mReason=dataEnabled mDataEnabled=true mDependencyMet=true}
D/DCT     (  935): [0]setupDataOnConnectableApns: isConnectable() call trySetupData
D/DCT     (  935): [0]trySetupData for type:default due to simLoaded apnContext={mApnType=default mState=IDLE mWaitingApns={null} mWaitingApnsPermanentFailureCountDown=0 mApnSetting={null} mReason=simLoaded mDataEnabled=true mDependencyMet=true}
D/DCT     (  935): [0]trySetupData with mIsPsRestricted=false
D/DCT     (  935): [0]isDataAllowed getRecordsLoaded=true
D/DCT     (  935): [0]isDataAllowed getRecordsLoaded=true
D/DCT     (  935): [0]isEmergency: result=false
D/DCT     (  935): [0]buildWaitingApns: E requestedApnType=default
D/DCT     (  935): [0]buildWaitingApns: usePreferred=true canSetPreferApn=true mPreferredApn=[ApnSettingV3] cmiot, 1443, 46004, cmiot, , , , , , -1, *, IP, IP, true, 0, 0, false, 0, 0, 0, 0, ,  operator=46004 radioTech=14 IccRecords r=SimRecords: mDestroyed=false mContext=com.android.phone.PhoneGlobals@3cc55312 mCi=com.android.internal.telephony.RIL@208d585f mFh=Handler (com.android.internal.telephony.uicc.SIMFileHandler) {11400ae3} mParentApp=com.android.internal.telephony.uicc.UiccCardApplication@2a27fce0 recordsLoadedRegistrants=android.os.RegistrantList@17531b99 mImsiReadyRegistrants=android.os.RegistrantList@32218e5e mRecordsEventsRegistrants=android.os.RegistrantList@c5e723f mNewSmsRegistrants=android.os.RegistrantList@26c0070c mNetworkSelectionModeAutomaticRegistrants=android.os.RegistrantList@130d855 recordsToLoad=0 adnCache=Handler (com.android.internal.telephony.uicc.AdnRecordCache) {a74326a} recordsRequested=true iccid=89860478102040433965 msisdnTag= voiceMailNum=null voiceMailTag=null newVoiceMailNum=null newVoiceMailTag=null isVoiceMailFixed=false mImsi=460049897403965 mncLength=2 mailboxIndex=0 spn=null mVmConfigcom.android.internal.telephony.uicc.VoiceMailConstants@2d1f35b mSpnOverride=mSpnOverride callForwardingEnabled=false spnState=IDLE mCphsInfo=null mCspPlmnEnabled=true efMWIS=null efCPHS_MWI=null mEfCff=null mEfCfis=null getOperatorNumeric=46004
D/DCT     (  935): [0]buildWaitingApns: Preferred APN:46004:46004:[ApnSettingV3] cmiot, 1443, 46004, cmiot, , , , , , -1, *, IP, IP, true, 0, 0, false, 0, 0, 0, 0, , 
D/DCT     (  935): [0]buildWaitingApns: X added preferred apnList=[[ApnSettingV3] cmiot, 1443, 46004, cmiot, , , , , , -1, *, IP, IP, true, 0, 0, false, 0, 0, 0, 0, , ]
D/DCT     (  935): [0]trySetupData: Create from mAllApnSettings : [[ApnSettingV3] China Mobile CMMTM, 1104, 46004, CMIOTCZZJAL.JS, , , , , , -1, default | supl, IP, IP, true, 0, 0, false, 0, 0, 0, 0, , ][[ApnSettingV3] cmiot, 1443, 46004, cmiot, , , , , , -1, *, IP, IP, true, 0, 0, false, 0, 0, 0, 0, , ]
D/DCT     (  935): [0]trySetupData: call setupData, waitingApns : [[ApnSettingV3] cmiot, 1443, 46004, cmiot, , , , , , -1, *, IP, IP, true, 0, 0, false, 0, 0, 0, 0, , ]
I/PhoneFactory(  935): Creating SubInfoRecordUpdater 
D/SubscriptionController(  935): [getPhoneId]- no sims, returning default phoneId=0
D/DCT     (  935): [0]setupData: apnContext={mApnType=default mState=IDLE mWaitingApns={[[ApnSettingV3] cmiot, 1443, 46004, cmiot, , , , , , -1, *, IP, IP, true, 0, 0, false, 0, 0, 0, 0, , ]} mWaitingApnsPermanentFailureCountDown=1 mApnSetting={null} mReason=simLoaded mDataEnabled=true mDependencyMet=true}
D/DCT     (  935): [0]checkForCompatibleConnectedApnContext: apnContext={mApnType=default mState=IDLE mWaitingApns={[[ApnSettingV3] cmiot, 1443, 46004, cmiot, , , , , , -1, *, IP, IP, true, 0, 0, false, 0, 0, 0, 0, , ]} mWaitingApnsPermanentFailureCountDown=1 mApnSetting={null} mReason=simLoaded mDataEnabled=true mDependencyMet=true}
D/DCT     (  935): [0]curDcac: null
D/DCT     (  935): [0]curDcac: null
D/DCT     (  935): [0]curDcac: null
D/DCT     (  935): [0]curDcac: null
D/DCT     (  935): [0]curDcac: null
D/DCT     (  935): [0]curDcac: null
D/DCT     (  935): [0]curDcac: null
D/DCT     (  935): [0]curDcac: null
D/DCT     (  935): [0]curDcac: null
D/DCT     (  935): [0]checkForCompatibleConnectedApnContext: NO conn apnContext={mApnType=default mState=IDLE mWaitingApns={[[ApnSettingV3] cmiot, 1443, 46004, cmiot, , , , , , -1, *, IP, IP, true, 0, 0, false, 0, 0, 0, 0, , ]} mWaitingApnsPermanentFailureCountDown=1 mApnSetting={null} mReason=simLoaded mDataEnabled=true mDependencyMet=true}
D/DCT     (  935): [0]isOnlySingleDcAllowed(14): true
D/SubscriptionInfoUpdater(  935): Constructor invoked
D/DCT     (  935): [0]cleanUpAllConnections: tearDown=true reason=SinglePdnArbitration
D/DCT     (  935): [0]cleanUpConnection: E tearDown=true reason=SinglePdnArbitration apnContext={mApnType=default mState=IDLE mWaitingApns={[[ApnSettingV3] cmiot, 1443, 46004, cmiot, , , , , , -1, *, IP, IP, true, 0, 0, false, 0, 0, 0, 0, , ]} mWaitingApnsPermanentFailureCountDown=1 mApnSetting={null} mReason=SinglePdnArbitration mDataEnabled=true mDependencyMet=true}
D/DCT     (  935): [0]cleanUpConnection: X tearDown=true reason=SinglePdnArbitration apnContext={mApnType=default mState=IDLE mWaitingApns={[[ApnSettingV3] cmiot, 1443, 46004, cmiot, , , , , , -1, *, IP, IP, true, 0, 0, false, 0, 0, 0, 0, , ]} mWaitingApnsPermanentFailureCountDown=1 mApnSetting={null} mReason=SinglePdnArbitration mDataEnabled=true mDependencyMet=true} dcac=null
D/DCT     (  935): [0]cleanUpConnection: E tearDown=true reason=SinglePdnArbitration apnContext={mApnType=mms mState=IDLE mWaitingApns={null} mWaitingApnsPermanentFailureCountDown=0 mApnSetting={null} mReason=SinglePdnArbitration mDataEnabled=false mDependencyMet=false}
D/DCT     (  935): [0]cleanUpConnection: X tearDown=true reason=SinglePdnArbitration apnContext={mApnType=mms mState=IDLE mWaitingApns={null} mWaitingApnsPermanentFailureCountDown=0 mApnSetting={null} mReason=SinglePdnArbitration mDataEnabled=false mDependencyMet=false} dcac=null
D/DCT     (  935): [0]cleanUpConnection: E tearDown=true reason=SinglePdnArbitration apnContext={mApnType=cbs mState=IDLE mWaitingApns={null} mWaitingApnsPermanentFailureCountDown=0 mApnSetting={null} mReason=SinglePdnArbitration mDataEnabled=false mDependencyMet=true}
D/DCT     (  935): [0]cleanUpConnection: X tearDown=true reason=SinglePdnArbitration apnContext={mApnType=cbs mState=IDLE mWaitingApns={null} mWaitingApnsPermanentFailureCountDown=0 mApnSetting={null} mReason=SinglePdnArbitration mDataEnabled=false mDependencyMet=true} dcac=null
D/DCT     (  935): [0]cleanUpConnection: E tearDown=true reason=SinglePdnArbitration apnContext={mApnType=fota mState=IDLE mWaitingApns={null} mWaitingApnsPermanentFailureCountDown=0 mApnSetting={null} mReason=SinglePdnArbitration mDataEnabled=false mDependencyMet=true}
D/DCT     (  935): [0]cleanUpConnection: X tearDown=true reason=SinglePdnArbitration apnContext={mApnType=fota mState=IDLE mWaitingApns={null} mWaitingApnsPermanentFailureCountDown=0 mApnSetting={null} mReason=SinglePdnArbitration mDataEnabled=false mDependencyMet=true} dcac=null
D/DCT     (  935): [0]cleanUpConnection: E tearDown=true reason=SinglePdnArbitration apnContext={mApnType=supl mState=IDLE mWaitingApns={null} mWaitingApnsPermanentFailureCountDown=0 mApnSetting={null} mReason=SinglePdnArbitration mDataEnabled=false mDependencyMet=true}
D/DCT     (  935): [0]cleanUpConnection: X tearDown=true reason=SinglePdnArbitration apnContext={mApnType=supl mState=IDLE mWaitingApns={null} mWaitingApnsPermanentFailureCountDown=0 mApnSetting={null} mReason=SinglePdnArbitration mDataEnabled=false mDependencyMet=true} dcac=null
D/DCT     (  935): [0]cleanUpConnection: E tearDown=true reason=SinglePdnArbitration apnContext={mApnType=emergency mState=IDLE mWaitingApns={null} mWaitingApnsPermanentFailureCountDown=0 mApnSetting={null} mReason=SinglePdnArbitration mDataEnabled=false mDependencyMet=true}
D/DCT     (  935): [0]cleanUpConnection: X tearDown=true reason=SinglePdnArbitration apnContext={mApnType=emergency mState=IDLE mWaitingApns={null} mWaitingApnsPermanentFailureCountDown=0 mApnSetting={null} mReason=SinglePdnArbitration mDataEnabled=false mDependencyMet=true} dcac=null
D/DCT     (  935): [0]cleanUpConnection: E tearDown=true reason=SinglePdnArbitration apnContext={mApnType=dun mState=IDLE mWaitingApns={null} mWaitingApnsPermanentFailureCountDown=0 mApnSetting={null} mReason=SinglePdnArbitration mDataEnabled=false mDependencyMet=true}
D/DCT     (  935): [0]cleanUpConnection: X tearDown=true reason=SinglePdnArbitration apnContext={mApnType=dun mState=IDLE mWaitingApns={null} mWaitingApnsPermanentFailureCountDown=0 mApnSetting={null} mReason=SinglePdnArbitration mDataEnabled=false mDependencyMet=true} dcac=null
D/DCT     (  935): [0]cleanUpConnection: E tearDown=true reason=SinglePdnArbitration apnContext={mApnType=hipri mState=IDLE mWaitingApns={null} mWaitingApnsPermanentFailureCountDown=0 mApnSetting={null} mReason=SinglePdnArbitration mDataEnabled=false mDependencyMet=true}
D/DCT     (  935): [0]cleanUpConnection: X tearDown=true reason=SinglePdnArbitration apnContext={mApnType=hipri mState=IDLE mWaitingApns={null} mWaitingApnsPermanentFailureCountDown=0 mApnSetting={null} mReason=SinglePdnArbitration mDataEnabled=false mDependencyMet=true} dcac=null
D/DCT     (  935): [0]cleanUpConnection: E tearDown=true reason=SinglePdnArbitration apnContext={mApnType=ims mState=IDLE mWaitingApns={null} mWaitingApnsPermanentFailureCountDown=0 mApnSetting={null} mReason=SinglePdnArbitration mDataEnabled=false mDependencyMet=true}
D/DCT     (  935): [0]cleanUpConnection: X tearDown=true reason=SinglePdnArbitration apnContext={mApnType=ims mState=IDLE mWaitingApns={null} mWaitingApnsPermanentFailureCountDown=0 mApnSetting={null} mReason=SinglePdnArbitration mDataEnabled=false mDependencyMet=true} dcac=null
D/DCT     (  935): [0]stopNetStatPoll
D/SubscriptionController(  935): [getSubId]- mSlotIdToSubIdMap.size == 0, return DummySubIds slotIdx=0
D/SubscriptionController(  935): getDummySubIds: slotIdx=0 return 1 DummySubIds with each subId=0
D/SubscriptionController(  935): [getPhoneId]- no sims, returning default phoneId=0
D/DCT     (  935): [0]stopDataStallAlarm: current tag=17933 mDataStallAlarmIntent=null
D/DCT     (  935): [0]cleanUpConnection: mDisconnectPendingCount = 0
D/DCT     (  935): [0]notifyDataDisconnectComplete
D/DCT     (  935): [0]setupData: Single pdp. Continue setting up data call.
D/DCT     (  935): [0]findFreeDataConnection: NO free DataConnection
D/DCT     (  935): [0]createDataConnection E
D/DC-1    (  935): DataConnection constructor E
D/DC-1    (  935): [dcRac] DcRetryAlarmController: register for intent action=com.android.internal.telephony.dataconnection.DataConnection.DC-1.action_retry
D/SubscriptionManager(  935): [getPhoneId]- fail
D/DC-1    (  935): DataConnection constructor X
D/DC-1    (  935): Made DC-1
D/DC-1    (  935): DcDefaultState: enter
D/GsmSST  (  935): [GsmSST] notifyDataRegStateRilRadioTechnologyChanged: drs=0 rat=14
D/TelephonyManager(  935): setTelephonyProperty: success phoneId=0 property=gsm.network.type value: LTE propVal=LTE
D/TelephonyManager(  935): getTelephonyProperty: return propVal='null' phoneId=-1 property='gsm.current.phone-type' defaultVal='null' prop=1
D/TelephonyManager(  935): getTelephonyProperty: return propVal='null' phoneId=-1 property='ro.telephony.default_network' defaultVal='null' prop=
D/TelephonyManager(  501): getTelephonyProperty: return propVal='null' phoneId=0 property='gsm.sim.operator.numeric' defaultVal='' prop=
D/GpsLocationProvider(  501): SIM MCC/MNC is still not available
D/DC-1    (  935): DcInactiveState: enter() mTag=1
D/SmsBroadcastUndelivered(  935): finished scanning raw table in 35 ms
D/SubscriptionController(  935): [getSubId]- mSlotIdToSubIdMap.size == 0, return DummySubIds slotIdx=0
D/SubscriptionController(  935): getDummySubIds: slotIdx=0 return 1 DummySubIds with each subId=0
D/CallManager(  935): registerPhone(GSM Handler (com.android.internal.telephony.PhoneProxy) {35955629})
D/Dcc     (  935): removeActiveDcByCid removedDc=null dc={DC-1: State=DcInactiveState mApnSetting=null RefCount=0 mCid=-1 mCreateTime=0 mLastastFailTime=0 mLastFailCause=null mTag=1 mRetryManager=RetryManager: { forever=false maxRetry=0 curMaxRetry=0 retry=0 config={null} retryArray={}} mLinkProperties={LinkAddresses: []  Routes: [] DnsAddresses: [] Domains: null MTU: 0} linkCapabilities=[ Transports: CELLULAR Capabilities: NOT_RESTRICTED&TRUSTED&NOT_VPN LinkUpBandwidth>=51200Kbps LinkDnBandwidth>=102400Kbps Specifier: <0>] mApnContexts=[]}
D/DC-1    (  935): clearSettings
D/DC-1    (  935): DcInactiveState nothandled msg.what=CMD_CHANNEL_FULL_CONNECTION
D/DC-1    (  935): DcDefault msg=CMD_CHANNEL_FULL_CONNECTION RefCount=0
D/DC-1    (  935): DcDefaultState: FULL_CONNECTION reply connected
D/DC-1    (  935): DcInactiveState nothandled msg.what=EVENT_DATA_CONNECTION_DRS_OR_RAT_CHANGED
D/DC-1    (  935): DcDefault msg=EVENT_DATA_CONNECTION_DRS_OR_RAT_CHANGED RefCount=0
D/DC-1    (  935): DcDefaultState: EVENT_DATA_CONNECTION_DRS_OR_RAT_CHANGED drs=0 mRilRat=14
D/DC-1    (  935): DcInactiveState nothandled msg.what=EVENT_DATA_CONNECTION_ROAM_OFF
D/DC-1    (  935): DcDefault msg=EVENT_DATA_CONNECTION_ROAM_OFF RefCount=0
D/SubscriptionController(  935): [getSubId]- mSlotIdToSubIdMap.size == 0, return DummySubIds slotIdx=0
D/SubscriptionController(  935): getDummySubIds: slotIdx=0 return 1 DummySubIds with each subId=0
D/DCT     (  935): [0]createDataConnection() X id=0 dc={DC-1: State=DcInactiveState mApnSetting=null RefCount=0 mCid=-1 mCreateTime=-1 mLastastFailTime=-1 mLastFailCause=NONE mTag=1 mRetryManager=RetryManager: { forever=false maxRetry=0 curMaxRetry=0 retry=0 config={null} retryArray={}} mLinkProperties={LinkAddresses: []  Routes: [] DnsAddresses: [] Domains: null MTU: 0} linkCapabilities=[ Transports: CELLULAR Capabilities: NOT_RESTRICTED&TRUSTED&NOT_VPN LinkUpBandwidth>=51200Kbps LinkDnBandwidth>=102400Kbps Specifier: <0>] mApnContexts=[]}
D/DCT     (  935): [0]setupData: dcac=DC-1 apnSetting=[ApnSettingV3] cmiot, 1443, 46004, cmiot, , , , , , -1, *, IP, IP, true, 0, 0, false, 0, 0, 0, 0, , 
D/DCT     (  935): [ApnContext:default] setApnSetting: apnSetting=[ApnSettingV3] cmiot, 1443, 46004, cmiot, , , , , , -1, *, IP, IP, true, 0, 0, false, 0, 0, 0, 0, , 
D/SubscriptionController(  935): [getSubId]- mSlotIdToSubIdMap.size == 0, return DummySubIds slotIdx=0
D/SubscriptionController(  935): getDummySubIds: slotIdx=0 return 1 DummySubIds with each subId=0
D/DCT     (  935): [0]isDataAllowed getRecordsLoaded=true
D/DCT     (  935): [ApnContext:default] getApnSetting: apnSetting=[ApnSettingV3] cmiot, 1443, 46004, cmiot, , , , , , -1, *, IP, IP, true, 0, 0, false, 0, 0, 0, 0, , 
