D/CameraHal(  183): StartElementHandler(768): zoom(1)! 
D/CameraHal(  183): StartElementHandler(796): Continue_SnapShot(1)! 
D/CameraHal(  183): StartElementHandler(799): InterpolationRes(0)! 
D/CameraHal(  183): StartElementHandler(790): PreviewSize(0x0)! 
D/CameraHal(  183): StartElementHandler(786): face detect config(1),max face num is (1)! 
D/CameraHal(  183): StartElementHandler(776): cproc support 0(contrast:1.100000,saturation:1.000000,hue:0.000000,brightness:0)! 
D/CameraHal(  183): StartElementHandler(781): Gammaout support 0(mGamma:1.000000,mOffSet:0)! 
D/CameraHal(  183): ParserDVConfig(601):  DV_QCIF(qcif) resolution(176x144) fps(10) support(1)
D/CameraHal(  183): ParserDVConfig(613):  DV_QVGA(qvga) resolution(320x240) fps(10) support(1)
D/CameraHal(  183): ParserDVConfig(625):  DV_CIF(cif) resolution(352x288) fps(10) support(1)
D/CameraHal(  183): ParserDVConfig(637):  DV_VGA(480p) resolution(640x480) fps(10) support(0)
D/CameraHal(  183): ParserDVConfig(649):  DV_480P(480p) resolution(720x480) fps(10) support(0)
D/CameraHal(  183): ParserDVConfig(673):  DV_720P(720p) resolution(1280x720) fps(10) support(1)
D/CameraHal(  183): ParserDVConfig(685):  DV_1080P(1080p) resolution(1920x1080) fps(10) support(1)
D/CameraHal(  183): ParserSensorInfo(46): SensorName(TC358749XBG)
D/CameraHal(  183): ParserSensorInfo(51): SensorDevID(CAMSYS_DEVID_SENSOR_1B)
D/CameraHal(  183): ParserSensorInfo(62): SensorDevID(33554432)
D/CameraHal(  183): ParserSensorInfo(64): SensorHostDevID(CAMSYS_DEVID_MARVIN)
D/CameraHal(  183): ParserSensorInfo(79): Sensori2cBusNum(3)
D/CameraHal(  183): ParserSensorInfo(82): SensorI2cAddrByte(2)
D/CameraHal(  183): ParserSensorInfo(85): SensorI2cRate(100000)
D/CameraHal(  183): ParserSensorInfo(88): SensorMclk(27000000)
D/SubscriptionController(  935): [getPhoneId]- no sims, returning default phoneId=0
D/CameraHal(  183): 
D/CameraHal(  183): 
D/CameraHal(  183): 
D/CameraHal(  183):  CamSys_Head.h Version Check:
D/CameraHal(  183):     Kernel camsys_head.h: v0.11.0
D/CameraHal(  183):     Kernel camsys_drv :   v0.32.0
D/CameraHal(  183):     CameraHal camsys_head.h : v0.11.0
D/CameraHal(  183): 
D/CameraHal(  183): 
D/CameraHal(  183): 
D/DCT     (  935): [0]trySetupData: X retValue=true
D/DCT     (  935): [0]setupDataOnConnectableApns: apnContext {mApnType=cbs mState=IDLE mWaitingApns={null} mWaitingApnsPermanentFailureCountDown=0 mApnSetting={null} mReason=SinglePdnArbitration mDataEnabled=false mDependencyMet=true}
W/ResourceType(  967): Attempt to retrieve bag 0x7f0d0008 which is invalid or in a cycle.
D/IccCardProxy(  935): operator=46004 mPhoneId=0
D/IccCardProxy(  935): update icc_operator_numeric=46004
D/TelephonyManager(  935): setTelephonyProperty: success phoneId=0 property=gsm.sim.operator.numeric value: 46004 propVal=46004
D/TelephonyManager(  935): setTelephonyProperty: success phoneId=0 property=gsm.sim.operator.iso-country value: cn propVal=cn
D/IccCardProxy(  935): Sending intent ACTION_INTERNAL_SIM_STATE_CHANGED for mPhoneId : 0
D/DctController(  935): handleMessage msg={ when=-184ms what=100 target=com.android.internal.telephony.dataconnection.DctController }
D/DctController(  935): selectExecPhone requestInfo = [ request=NetworkRequest [ id=1, legacyType=-1, [ Capabilities: INTERNET&NOT_RESTRICTED&TRUSTED&NOT_VPN] ], executed=true, priority=0]
D/SubscriptionController(  935): [getPhoneId]- no sims, returning default phoneId=0
D/SubscriptionController(  935): [getPhoneId]- no sims, returning default phoneId=0
D/DctController(  935): getTopPriorityRequestPhoneId = 0, priority = 0
D/DcSwitchAsyncChannel(  935): [DcSwitchAsyncChannel-0]: rspIsIdle=false
D/DctController(  935): onProcessRequest phoneId=0, activePhoneId=0
D/SubscriptionController(  935): [getPhoneId]- no sims, returning default phoneId=0
D/PhoneProxy(  935): [PhoneProxy] phoneObjectUpdater: newVoiceRadioTech=14
D/PhoneProxy(  935): [PhoneProxy] phoneObjectUpdater: volteReplacementRat=0
D/PhoneProxy(  935): [PhoneProxy] phoneObjectUpdater: No change ignore, newVoiceRadioTech=14 mActivePhone=GSM
D/SubscriptionController(  935): [getPhoneId]- no sims, returning default phoneId=0
D/PhoneFactory(  935): getPhone:- phoneId != DEFAULT_PHONE_ID return sProxyPhones[phoneId] phoneId=0 phone=Handler (com.android.internal.telephony.PhoneProxy) {35955629}
D/SubscriptionController(  935): [getSubId]- mSlotIdToSubIdMap.size == 0, return DummySubIds slotIdx=0
D/SubscriptionController(  935): getDummySubIds: slotIdx=0 return 1 DummySubIds with each subId=0
D/DCT     (  935): [0]getDataOnRoamingEnabled: phoneSubId=0 isDataRoamingEnabled=true
D/SubscriptionController(  935): [getPhoneId]- no sims, returning default phoneId=0
D/DisplayManager(  967): getDisplayInfo: displayId=0, info=DisplayInfo{"内置屏幕", uniqueId "local:0", app 1920 x 1080, real 1920 x 1080, largest app 1920 x 1847, smallest app 1080 x 1007, 71.387 fps, supportedRefreshRates [71.387], rotation 0, density 160 (159.89508 x 160.42105) dpi, layerStack 0, appVsyncOff 0, presDeadline 15008152, type BUILT_IN, state ON, FLAG_SECURE, FLAG_SUPPORTS_PROTECTED_BUFFERS}
D/PhoneFactory(  935): getPhone:- phoneId != DEFAULT_PHONE_ID return sProxyPhones[phoneId] phoneId=0 phone=Handler (com.android.internal.telephony.PhoneProxy) {35955629}
D/SubscriptionController(  935): [getSubId]- mSlotIdToSubIdMap.size == 0, return DummySubIds slotIdx=0
D/DisplayManager(  967): getDisplayInfo: displayId=0, info=DisplayInfo{"内置屏幕", uniqueId "local:0", app 1920 x 1080, real 1920 x 1080, largest app 1920 x 1847, smallest app 1080 x 1007, 71.387 fps, supportedRefreshRates [71.387], rotation 0, density 160 (159.89508 x 160.42105) dpi, layerStack 0, appVsyncOff 0, presDeadline 15008152, type BUILT_IN, state ON, FLAG_SECURE, FLAG_SUPPORTS_PROTECTED_BUFFERS}
D/BluetoothManagerService(  501): Message: 20
D/BluetoothManagerService(  501): Added callback: android.bluetooth.IBluetoothManagerCallback$Stub$Proxy@4b027d7:true
D/BluetoothManagerService(  501): Message: 30
D/BluetoothManagerService(  501): Trying to bind to profile: 1, while Bluetooth was disabled
D/SubscriptionController(  935): getDummySubIds: slotIdx=0 return 1 DummySubIds with each subId=0
D/TelephonyRegistry(  501): listen oscl: hasNotifySubscriptionInfoChangedOccurred==false no callback
D/DCT     (  935): [0]getDataOnRoamingEnabled: phoneSubId=0 isDataRoamingEnabled=true
D/SubscriptionController(  935): [getPhoneId]- no sims, returning default phoneId=0
D/PhoneFactory(  935): getPhone:- phoneId != DEFAULT_PHONE_ID return sProxyPhones[phoneId] phoneId=0 phone=Handler (com.android.internal.telephony.PhoneProxy) {35955629}
D/SubscriptionController(  935): [getSubId]- mSlotIdToSubIdMap.size == 0, return DummySubIds slotIdx=0
D/SubscriptionController(  935): getDummySubIds: slotIdx=0 return 1 DummySubIds with each subId=0
D/DCT     (  935): [0]getDataOnRoamingEnabled: phoneSubId=0 isDataRoamingEnabled=true
D/SubscriptionController(  935): [getPhoneId]- no sims, returning default phoneId=0
D/PhoneFactory(  935): getPhone:- phoneId != DEFAULT_PHONE_ID return sProxyPhones[phoneId] phoneId=0 phone=Handler (com.android.internal.telephony.PhoneProxy) {35955629}
D/SubscriptionController(  935): [getSubId]- mSlotIdToSubIdMap.size == 0, return DummySubIds slotIdx=0
D/SubscriptionController(  935): getDummySubIds: slotIdx=0 return 1 DummySubIds with each subId=0
D/DCT     (  935): [0]getDataOnRoamingEnabled: phoneSubId=0 isDataRoamingEnabled=true
D/SubscriptionController(  935): [getPhoneId]- no sims, returning default phoneId=0
D/PhoneFactory(  935): getPhone:- phoneId != DEFAULT_PHONE_ID return sProxyPhones[phoneId] phoneId=0 phone=Handler (com.android.internal.telephony.PhoneProxy) {35955629}
D/SubscriptionController(  935): [getSubId]- mSlotIdToSubIdMap.size == 0, return DummySubIds slotIdx=0
D/SubscriptionController(  935): getDummySubIds: slotIdx=0 return 1 DummySubIds with each subId=0
D/DCT     (  935): [0]getDataOnRoamingEnabled: phoneSubId=0 isDataRoamingEnabled=true
D/SubscriptionController(  935): [getPhoneId]- no sims, returning default phoneId=0
D/PhoneFactory(  935): getPhone:- phoneId != DEFAULT_PHONE_ID return sProxyPhones[phoneId] phoneId=0 phone=Handler (com.android.internal.telephony.PhoneProxy) {35955629}
D/SubscriptionController(  935): [getSubId]- mSlotIdToSubIdMap.size == 0, return DummySubIds slotIdx=0
D/SubscriptionController(  935): getDummySubIds: slotIdx=0 return 1 DummySubIds with each subId=0
W/CursorWrapperInner(  935): Cursor finalized without prior close()
D/DCT     (  935): [0]getDataOnRoamingEnabled: phoneSubId=0 isDataRoamingEnabled=true
D/SubscriptionController(  935): [getPhoneId]- no sims, returning default phoneId=0
D/PhoneFactory(  935): getPhone:- phoneId != DEFAULT_PHONE_ID return sProxyPhones[phoneId] phoneId=0 phone=Handler (com.android.internal.telephony.PhoneProxy) {35955629}
D/SubscriptionController(  935): [getSubId]- mSlotIdToSubIdMap.size == 0, return DummySubIds slotIdx=0
D/SubscriptionController(  935): getDummySubIds: slotIdx=0 return 1 DummySubIds with each subId=0
D/DCT     (  935): [0]getDataOnRoamingEnabled: phoneSubId=0 isDataRoamingEnabled=true
D/SubscriptionController(  935): [getPhoneId]- no sims, returning default phoneId=0
D/PhoneFactory(  935): getPhone:- phoneId != DEFAULT_PHONE_ID return sProxyPhones[phoneId] phoneId=0 phone=Handler (com.android.internal.telephony.PhoneProxy) {35955629}
D/SubscriptionController(  935): [getSubId]- mSlotIdToSubIdMap.size == 0, return DummySubIds slotIdx=0
D/SubscriptionController(  935): getDummySubIds: slotIdx=0 return 1 DummySubIds with each subId=0
D/DCT     (  935): [0]getDataOnRoamingEnabled: phoneSubId=0 isDataRoamingEnabled=true
D/DCT     (  935): [0]handleMessage msg={ when=-54ms what=270377 obj=android.os.AsyncResult@be05c96 target=com.android.internal.telephony.dataconnection.DcTracker }
D/DCT     (  935): [0]setupDataOnConnectableApns: nwTypeChanged
D/DCT     (  935): [0]setupDataOnConnectableApns: apnContext {mApnType=emergency mState=IDLE mWaitingApns={null} mWaitingApnsPermanentFailureCountDown=0 mApnSetting={null} mReason=SinglePdnArbitration mDataEnabled=false mDependencyMet=true}
D/DCT     (  935): [0]setupDataOnConnectableApns: apnContext {mApnType=hipri mState=IDLE mWaitingApns={null} mWaitingApnsPermanentFailureCountDown=0 mApnSetting={null} mReason=SinglePdnArbitration mDataEnabled=false mDependencyMet=true}
D/DCT     (  935): [0]setupDataOnConnectableApns: apnContext {mApnType=supl mState=IDLE mWaitingApns={null} mWaitingApnsPermanentFailureCountDown=0 mApnSetting={null} mReason=SinglePdnArbitration mDataEnabled=false mDependencyMet=true}
D/DCT     (  935): [0]setupDataOnConnectableApns: apnContext {mApnType=mms mState=IDLE mWaitingApns={null} mWaitingApnsPermanentFailureCountDown=0 mApnSetting={null} mReason=SinglePdnArbitration mDataEnabled=false mDependencyMet=false}
D/DCT     (  935): [0]setupDataOnConnectableApns: apnContext {mApnType=dun mState=IDLE mWaitingApns={null} mWaitingApnsPermanentFailureCountDown=0 mApnSetting={null} mReason=SinglePdnArbitration mDataEnabled=false mDependencyMet=true}
D/DCT     (  935): [0]setupDataOnConnectableApns: apnContext {mApnType=fota mState=IDLE mWaitingApns={null} mWaitingApnsPermanentFailureCountDown=0 mApnSetting={null} mReason=SinglePdnArbitration mDataEnabled=false mDependencyMet=true}
D/DCT     (  935): [0]setupDataOnConnectableApns: apnContext {mApnType=ims mState=IDLE mWaitingApns={null} mWaitingApnsPermanentFailureCountDown=0 mApnSetting={null} mReason=SinglePdnArbitration mDataEnabled=false mDependencyMet=true}
D/DCT     (  935): [0]setupDataOnConnectableApns: apnContext {mApnType=default mState=CONNECTING mWaitingApns={[[ApnSettingV3] cmiot, 1443, 46004, cmiot, , , , , , -1, *, IP, IP, true, 0, 0, false, 0, 0, 0, 0, , ]} mWaitingApnsPermanentFailureCountDown=1 mApnSetting={[ApnSettingV3] cmiot, 1443, 46004, cmiot, , , , , , -1, *, IP, IP, true, 0, 0, false, 0, 0, 0, 0, , } mReason=SinglePdnArbitration mDataEnabled=true mDependencyMet=true}
D/DCT     (  935): [0]setupDataOnConnectableApns: apnContext {mApnType=cbs mState=IDLE mWaitingApns={null} mWaitingApnsPermanentFailureCountDown=0 mApnSetting={null} mReason=SinglePdnArbitration mDataEnabled=false mDependencyMet=true}
D/SubscriptionController(  935): [getPhoneId]- no sims, returning default phoneId=0
D/PhoneFactory(  935): getPhone:- phoneId != DEFAULT_PHONE_ID return sProxyPhones[phoneId] phoneId=0 phone=Handler (com.android.internal.telephony.PhoneProxy) {35955629}
D/SubscriptionController(  935): [getSubId]- mSlotIdToSubIdMap.size == 0, return DummySubIds slotIdx=0
D/SubscriptionController(  935): getDummySubIds: slotIdx=0 return 1 DummySubIds with each subId=0
D/DCT     (  935): [0]getDataOnRoamingEnabled: phoneSubId=0 isDataRoamingEnabled=true
D/RILJ    (  935): [3706]> OPERATOR [SUB0]
E/CameraHal(  183): WARNING: OV8825 soft reset by i2c failed!, please check follow information:
E/CameraHal(  183):     Slave_addr: 0x6c 0x0
E/CameraHal(  183):     Soft reset reg: 0x103  val: 0x1
E/CameraHal(  183):     Power/PowerDown/Reset/Mclk/I2cBus
D/RILJ    (  935): [3707]> DATA_REGISTRATION_STATE [SUB0]
D/RILJ    (  935): [3708]> VOICE_REGISTRATION_STATE [SUB0]
D/RILJ    (  935): [3709]> QUERY_NETWORK_SELECTION_MODE [SUB0]
E/CameraHal(  183): OV8825 device register failed!
D/CameraHal(  183): 
D/CameraHal(  183): 
D/CameraHal(  183): 
D/CameraHal(  183):  CamSys_Head.h Version Check:
D/CameraHal(  183):     Kernel camsys_head.h: v0.11.0
D/CameraHal(  183):     Kernel camsys_drv :   v0.32.0
D/CameraHal(  183):     CameraHal camsys_head.h : v0.11.0
D/CameraHal(  183): 
D/CameraHal(  183): 
D/CameraHal(  183): 
D/SubscriptionController(  935): [getPhoneId]- no sims, returning default phoneId=0
D/PhoneFactory(  935): getPhone:- phoneId != DEFAULT_PHONE_ID return sProxyPhones[phoneId] phoneId=0 phone=Handler (com.android.internal.telephony.PhoneProxy) {35955629}
D/SubscriptionController(  935): [getSubId]- mSlotIdToSubIdMap.size == 0, return DummySubIds slotIdx=0
D/SubscriptionController(  935): getDummySubIds: slotIdx=0 return 1 DummySubIds with each subId=0
D/DCT     (  935): [0]getDataOnRoamingEnabled: phoneSubId=0 isDataRoamingEnabled=true
D/SubscriptionController(  935): [getPhoneId]- no sims, returning default phoneId=0
D/PhoneFactory(  935): getPhone:- phoneId != DEFAULT_PHONE_ID return sProxyPhones[phoneId] phoneId=0 phone=Handler (com.android.internal.telephony.PhoneProxy) {35955629}
D/SubscriptionController(  935): [getSubId]- mSlotIdToSubIdMap.size == 0, return DummySubIds slotIdx=0
D/SubscriptionController(  935): getDummySubIds: slotIdx=0 return 1 DummySubIds with each subId=0
D/DCT     (  935): [0]getDataOnRoamingEnabled: phoneSubId=0 isDataRoamingEnabled=true
D/SubscriptionController(  935): [getPhoneId]- no sims, returning default phoneId=0
D/PhoneFactory(  935): getPhone:- phoneId != DEFAULT_PHONE_ID return sProxyPhones[phoneId] phoneId=0 phone=Handler (com.android.internal.telephony.PhoneProxy) {35955629}
D/SubscriptionController(  935): [getSubId]- mSlotIdToSubIdMap.size == 0, return DummySubIds slotIdx=0
D/SubscriptionController(  935): getDummySubIds: slotIdx=0 return 1 DummySubIds with each subId=0
D/DCT     (  935): [0]getDataOnRoamingEnabled: phoneSubId=0 isDataRoamingEnabled=true
D/SubscriptionController(  935): [getPhoneId]- no sims, returning default phoneId=0
D/PhoneFactory(  935): getPhone:- phoneId != DEFAULT_PHONE_ID return sProxyPhones[phoneId] phoneId=0 phone=Handler (com.android.internal.telephony.PhoneProxy) {35955629}
D/SubscriptionController(  935): [getSubId]- mSlotIdToSubIdMap.size == 0, return DummySubIds slotIdx=0
D/SubscriptionController(  935): getDummySubIds: slotIdx=0 return 1 DummySubIds with each subId=0
D/DCT     (  935): [0]getDataOnRoamingEnabled: phoneSubId=0 isDataRoamingEnabled=true
D/SubscriptionController(  935): [getPhoneId]- no sims, returning default phoneId=0
D/PhoneFactory(  935): getPhone:- phoneId != DEFAULT_PHONE_ID return sProxyPhones[phoneId] phoneId=0 phone=Handler (com.android.internal.telephony.PhoneProxy) {35955629}
D/SubscriptionController(  935): [getSubId]- mSlotIdToSubIdMap.size == 0, return DummySubIds slotIdx=0
D/SubscriptionController(  935): getDummySubIds: slotIdx=0 return 1 DummySubIds with each subId=0
D/DCT     (  935): [0]getDataOnRoamingEnabled: phoneSubId=0 isDataRoamingEnabled=true
D/SubscriptionController(  935): [getPhoneId]- no sims, returning default phoneId=0
D/PhoneFactory(  935): getPhone:- phoneId != DEFAULT_PHONE_ID return sProxyPhones[phoneId] phoneId=0 phone=Handler (com.android.internal.telephony.PhoneProxy) {35955629}
D/SubscriptionController(  935): [getSubId]- mSlotIdToSubIdMap.size == 0, return DummySubIds slotIdx=0
D/SubscriptionController(  935): getDummySubIds: slotIdx=0 return 1 DummySubIds with each subId=0
D/DCT     (  935): [0]getDataOnRoamingEnabled: phoneSubId=0 isDataRoamingEnabled=true
D/SubscriptionController(  935): [getPhoneId]- no sims, returning default phoneId=0
D/PhoneFactory(  935): getPhone:- phoneId != DEFAULT_PHONE_ID return sProxyPhones[phoneId] phoneId=0 phone=Handler (com.android.internal.telephony.PhoneProxy) {35955629}
D/SubscriptionController(  935): [getSubId]- mSlotIdToSubIdMap.size == 0, return DummySubIds slotIdx=0
D/SubscriptionController(  935): getDummySubIds: slotIdx=0 return 1 DummySubIds with each subId=0
D/DCT     (  935): [0]getDataOnRoamingEnabled: phoneSubId=0 isDataRoamingEnabled=true
D/SubscriptionController(  935): [getPhoneId]- no sims, returning default phoneId=0
D/DisplayManager(  678): getDisplayInfo: displayId=0, info=DisplayInfo{"内置屏幕", uniqueId "local:0", app 1920 x 1080, real 1920 x 1080, largest app 1920 x 1847, smallest app 1080 x 1007, 71.387 fps, supportedRefreshRates [71.387], rotation 0, density 160 (159.89508 x 160.42105) dpi, layerStack 0, appVsyncOff 0, presDeadline 15008152, type BUILT_IN, state ON, FLAG_SECURE, FLAG_SUPPORTS_PROTECTED_BUFFERS}
D/PhoneFactory(  935): getPhone:- phoneId != DEFAULT_PHONE_ID return sProxyPhones[phoneId] phoneId=0 phone=Handler (com.android.internal.telephony.PhoneProxy) {35955629}
D/SubscriptionController(  935): [getSubId]- mSlotIdToSubIdMap.size == 0, return DummySubIds slotIdx=0
D/SubscriptionController(  935): getDummySubIds: slotIdx=0 return 1 DummySubIds with each subId=0
D/DCT     (  935): [0]getDataOnRoamingEnabled: phoneSubId=0 isDataRoamingEnabled=true
D/SubscriptionInfoUpdater(  935): [Receiver]+
D/SubscriptionInfoUpdater(  935): Action: android.intent.action.internal_sim_state_changed
D/SubscriptionInfoUpdater(  935): slotId: 0
D/SubscriptionInfoUpdater(  935): simStatus: LOADED
D/SubscriptionInfoUpdater(  935): [Receiver]-
D/SubscriptionInfoUpdater(  935): handleSimStateLoadedInternal: slotId: 0
D/SubscriptionInfoUpdater(  935): All IccIds query complete
D/SubscriptionInfoUpdater(  935): updateSubscriptionInfoByIccId:+ Start
D/SubscriptionController(  935): [clearSubInfo]+
D/SubscriptionController(  935): [clearSubInfo]- no simInfo size=0
D/SubscriptionInfoUpdater(  935): insertedSimCount = 1
D/SubscriptionController(  935): [getSubInfoUsingSlotIdWithCheck]+ slotId:0
D/DisplayManager(  678): getDisplayInfo: displayId=0, info=DisplayInfo{"内置屏幕", uniqueId "local:0", app 1920 x 1080, real 1920 x 1080, largest app 1920 x 1847, smallest app 1080 x 1007, 71.387 fps, supportedRefreshRates [71.387], rotation 0, density 160 (159.89508 x 160.42105) dpi, layerStack 0, appVsyncOff 0, presDeadline 15008152, type BUILT_IN, state ON, FLAG_SECURE, FLAG_SUPPORTS_PROTECTED_BUFFERS}
D/RILJ    (  935): [3655]> RIL_REQUEST_SET_TTY_MODE : 0 [SUB0]
D/use-Rlog/RLOG-RIL RILC(  181): onRequest: SET_TTY_MODE datalen=4
I/Telephony(  935): TtyManager: updateUiTtyMode -1 -> 0
D/RILC    (  181): RequestComplete, RIL_SOCKET_1
E/RILC    (  181): Send Response to RIL_SOCKET_1
D/RILJ    (  935): [3655]< RIL_REQUEST_SET_TTY_MODE  [SUB0]
D/SubscriptionController(  935): [getSubInfoUsingSlotId]- null info return
D/SubscriptionInfoUpdater(  935): updateSubscriptionInfoByIccId: new sim for 3G dongle
D/SubscriptionInfoUpdater(  935): insertedSimCount = 1
D/SubscriptionInfoUpdater(  935): updateSubscriptionInfoByIccId: oldIccId[0] = , sIccId[0] = 89860002091070314495
D/SubscriptionController(  935): [addSubInfoRecord]+ iccId:89860002091070314495 slotId:0
D/SubscriptionController(  935): [getSubId]- mSlotIdToSubIdMap.size == 0, return DummySubIds slotIdx=0
D/SubscriptionController(  935): getDummySubIds: slotIdx=0 return 1 DummySubIds with each subId=0
D/SubscriptionController(  935): [getPhoneId]- no sims, returning default phoneId=0
D/TelephonyManager(  935): getTelephonyProperty: return propVal='null' phoneId=0 property='gsm.sim.operator.alpha' defaultVal='' prop=
D/SubscriptionController(  935): [addSubInfoRecord] sim name = CARD 1
D/SubscriptionController(  935): [addSubInfoRecord] carrier name = 
D/TelephonyRegistry(  501): listen oscl: hasNotifySubscriptionInfoChangedOccurred==false no callback
D/SubscriptionController(  935): [getPhoneId] asked for default subId=-1
D/SubscriptionController(  935): [getPhoneId]- invalid subId return=-1
D/UiccController(  935): EVENT_RADIO_UNAVAILABLE, dispose card
D/UiccController(  935): Received EVENT_ICC_STATUS_CHANGED, calling getIccCardStatus
D/RILJ    (  935): [3656]> GET_SIM_STATUS [SUB0]
E/CameraHal(  183): WARNING: OV8820 soft reset by i2c failed!, please check follow information:
E/CameraHal(  183):     Slave_addr: 0x6c 0x0
E/CameraHal(  183):     Soft reset reg: 0x103  val: 0x1
E/CameraHal(  183):     Power/PowerDown/Reset/Mclk/I2cBus
D/SubscriptionController(  935): [getActiveSubInfoList]+
D/SubscriptionController(  935): sim_state is :READY
D/SubscriptionController(  935): selection:sim_id>=0 null
D/RILJ    (  935): Supported radio access family=261966 [SUB0]
D/use-Rlog/RLOG-RIL RILC(  181): onRequest: GET_SIM_STATUS
D/use-Rlog/RLOG-RIL RILC(  181): requestGetIccCardStatus() start
D/use-Rlog/RLOG-RIL RILC(  181): requestGetIccCardStatus() getIccCardStatus_1_0
D/use-Rlog/RLOG-RIL ATC(  181): AT> AT+CPIN?
D/RILJ    (  935): [3657]> GET_CURRENT_CALLS [SUB0]
D/GsmSST  (  935): [GsmSST] mDeviceShuttingDown = false
D/GsmSST  (  935): [GsmSST] mDesiredPowerState = true
D/GsmSST  (  935): [GsmSST] getRadioState = RADIO_ON
D/GsmSST  (  935): [GsmSST] mPowerOffDelayNeed = true
D/GsmSST  (  935): [GsmSST] mAlarmSwitch = false
D/RILJ    (  935): [3658]> OPERATOR [SUB0]
D/SubscriptionController(  935): [getActiveSubInfoList]- no info return
D/use-Rlog/RLOG-RIL ATC(  181): AT< +CPIN: READY
D/use-Rlog/RLOG-RIL ATC(  181): AT< OK
D/use-Rlog/RLOG-RIL ATC(  181): AT> AT+CIMI
D/RILJ    (  935): [3659]> DATA_REGISTRATION_STATE [SUB0]
E/CameraHal(  183): OV8820 device register failed!
I/StatusBarManagerService(  501): registerStatusBar bar=com.android.internal.statusbar.IStatusBar$Stub$Proxy@18223acf
D/RILJ    (  935): [3660]> VOICE_REGISTRATION_STATE [SUB0]
D/CameraHal(  183): 
D/CameraHal(  183): 
D/CameraHal(  183): 
D/CameraHal(  183):  CamSys_Head.h Version Check:
D/RILJ    (  935): [3661]> QUERY_NETWORK_SELECTION_MODE [SUB0]
D/CameraHal(  183):     Kernel camsys_head.h: v0.11.0
D/CameraHal(  183):     Kernel camsys_drv :   v0.32.0
D/CameraHal(  183):     CameraHal camsys_head.h : v0.11.0
D/CameraHal(  183): 
D/CameraHal(  183): 
D/CameraHal(  183): 
D/DCT     (  935): [0]handleMessage msg={ when=-241ms what=270369 obj=android.os.AsyncResult@36e3d96b target=com.android.internal.telephony.dataconnection.DcTracker }
D/DCT     (  935): [0]onReceive: action=android.net.wifi.WIFI_STATE_CHANGED
D/DCT     (  935): [0]WIFI_STATE_CHANGED_ACTION: enabled=false mIsWifiConnected=false
D/DCT     (  935): [0]handleMessage msg={ when=-231ms what=270337 obj=android.os.AsyncResult@1f045cc8 target=com.android.internal.telephony.dataconnection.DcTracker }
D/DCT     (  935): [0]onRadioAvailable
D/DCT     (  935): [0]overall state is IDLE
D/DCT     (  935): [0]handleMessage msg={ when=-231ms what=270345 obj=android.os.AsyncResult@13d0a161 target=com.android.internal.telephony.dataconnection.DcTracker }
D/use-Rlog/RLOG-RIL ATC(  181): AT< 460049897403965
D/DCT     (  935): [0]onDataConnectionDetached: stop polling and notify detached
D/use-Rlog/RLOG-RIL ATC(  181): AT< OK
D/RILC    (  181): RequestComplete, RIL_SOCKET_1
E/RILC    (  181): Send Response to RIL_SOCKET_1
D/DCT     (  935): [0]stopNetStatPoll
D/use-Rlog/RLOG-RIL ATC(  181): AT> AT+CSQ
D/SubscriptionController(  935): [getSubId]- mSlotIdToSubIdMap.size == 0, return DummySubIds slotIdx=0
D/SubscriptionController(  935): getDummySubIds: slotIdx=0 return 1 DummySubIds with each subId=0
D/SubscriptionController(  935): [getPhoneId]- no sims, returning default phoneId=0
D/RILJ    (  935): [3656]< GET_SIM_STATUS IccCardState {CARDSTATE_PRESENT,PINSTATE_UNKNOWN,num_apps=1,gsm_id=0{APPTYPE_SIM,APPSTATE_READY},cdma_id=-1,ims_id=-1} [SUB0]
D/DCT     (  935): [0]stopDataStallAlarm: current tag=17932 mDataStallAlarmIntent=null
D/DCT     (  935): [0]notifyDataConnection: reason=dataDetached
D/SubscriptionController(  935): [getSubId]- mSlotIdToSubIdMap.size == 0, return DummySubIds slotIdx=0
D/SubscriptionController(  935): getDummySubIds: slotIdx=0 return 1 DummySubIds with each subId=0
D/DCT     (  935): [0]isDataAllowed: not allowed due to - Attached= false - SIM not loaded
D/use-Rlog/RLOG-RIL ATC(  181): AT< +CSQ: 21,99
D/DCT     (  935): [ApnContext:default] getApnSetting: apnSetting=null
D/use-Rlog/RLOG-RIL ATC(  181): AT< OK
I/RILC    (  181): RIL_SOCKET_1 UNSOLICITED: UNSOL_SIGNAL_STRENGTH length:60
E/RILC    (  181): Send Response to RIL_SOCKET_1
D/use-Rlog/RLOG-RIL ATC(  181): AT> AT+CGREG?
D/SubscriptionController(  935): [getPhoneId]- no sims, returning default phoneId=0
D/PhoneFactory(  935): getPhone:- phoneId != DEFAULT_PHONE_ID return sProxyPhones[phoneId] phoneId=0 phone=Handler (com.android.internal.telephony.PhoneProxy) {35955629}
D/SubscriptionController(  935): [getPhoneId]- no sims, returning default phoneId=0
D/SubscriptionController(  935): [addSubInfoRecord] Record already exists
D/SubscriptionController(  935): [getSubId]- mSlotIdToSubIdMap.size == 0, return DummySubIds slotIdx=0
D/DisplayManager(  678): getDisplayInfo: displayId=0, info=DisplayInfo{"内置屏幕", uniqueId "local:0", app 1920 x 1080, real 1920 x 1080, largest app 1920 x 1847, smallest app 1080 x 1007, 71.387 fps, supportedRefreshRates [71.387], rotation 0, density 160 (159.89508 x 160.42105) dpi, layerStack 0, appVsyncOff 0, presDeadline 15008152, type BUILT_IN, state ON, FLAG_SECURE, FLAG_SUPPORTS_PROTECTED_BUFFERS}
D/SubscriptionController(  935): getDummySubIds: slotIdx=0 return 1 DummySubIds with each subId=0
D/use-Rlog/RLOG-RIL ATC(  181): AT< +CGREG: 2,1,"24A4","2C56C0D",7
D/use-Rlog/RLOG-RIL ATC(  181): AT< OK
D/use-Rlog/RLOG-RIL RILC(  181): RIL_UNSOL_RESPONSE_VOICE_NETWORK_STATE_CHANGED pending
D/use-Rlog/RLOG-RIL RILC(  181): requestGetIccCardStatus() end
D/use-Rlog/RLOG-RIL RILC(  181): onRequest: GET_CURRENT_CALLS
D/use-Rlog/RLOG-RIL RILC(  181): requestGetCurrentCalls start
D/use-Rlog/RLOG-RIL RILC(  181): getCurrentCalls start
D/use-Rlog/RLOG-RIL ATC(  181): AT> AT+CLCC
D/DCT     (  935): [0]isDataAllowed: not allowed due to - Attached= false - SIM not loaded
D/DCT     (  935): [ApnContext:mms] getApnSetting: apnSetting=null
D/SubscriptionController(  935): [getPhoneId]- no sims, returning default phoneId=0
D/PhoneFactory(  935): getPhone:- phoneId != DEFAULT_PHONE_ID return sProxyPhones[phoneId] phoneId=0 phone=Handler (com.android.internal.telephony.PhoneProxy) {35955629}
D/SubscriptionController(  935): [getPhoneId]- no sims, returning default phoneId=0
D/SubscriptionController(  935): [getSubId]- mSlotIdToSubIdMap.size == 0, return DummySubIds slotIdx=0
D/SubscriptionController(  935): getDummySubIds: slotIdx=0 return 1 DummySubIds with each subId=0
D/SubscriptionController(  935): [addSubInfoRecord] mSlotIdxToSubId.size=1 slotId=0 subId=2 defaultSubId=-1 simCount=1
D/SubscriptionController(  935): [setDefaultFallbackSubId] subId=2
D/DCT     (  935): [0]isDataAllowed: not allowed due to - Attached= false - SIM not loaded
D/DCT     (  935): [ApnContext:cbs] getApnSetting: apnSetting=null
D/SubscriptionController(  935): [setDefaultFallbackSubId] set mDefaultFallbackSubId=2
D/TelephonyManager(  935): getTelephonyProperty: return propVal='46004' phoneId=0 property='gsm.sim.operator.numeric' defaultVal='' prop=46004
D/SubscriptionController(  935): [getPhoneId]- no sims, returning default phoneId=0
D/MccTable(  935): updateMccMncConfiguration mccmnc='46004' fromServiceState=false
D/PhoneFactory(  935): getPhone:- phoneId != DEFAULT_PHONE_ID return sProxyPhones[phoneId] phoneId=0 phone=Handler (com.android.internal.telephony.PhoneProxy) {35955629}
D/DisplayManager(  678): getDisplayInfo: displayId=0, info=DisplayInfo{"内置屏幕", uniqueId "local:0", app 1920 x 1080, real 1920 x 1080, largest app 1920 x 1847, smallest app 1080 x 1007, 71.387 fps, supportedRefreshRates [71.387], rotation 0, density 160 (159.89508 x 160.42105) dpi, layerStack 0, appVsyncOff 0, presDeadline 15008152, type BUILT_IN, state ON, FLAG_SECURE, FLAG_SUPPORTS_PROTECTED_BUFFERS}
D/TelephonyManager(  935): getSimOperatorNumeric(): default subId=0
D/use-Rlog/RLOG-RIL ATC(  181): AT< +CLCC: 1,1,0,1,0,"",128
D/SubscriptionController(  935): [getPhoneId]- no sims, returning default phoneId=0
D/use-Rlog/RLOG-RIL ATC(  181): AT< OK
I/use-Rlog/RLOG-RIL RILC(  181): Calls=1,Valid=0
D/use-Rlog/RLOG-RIL RILC(  181): getCurrentCalls end
D/RILC    (  181): RequestComplete, RIL_SOCKET_1
E/RILC    (  181): Send Response to RIL_SOCKET_1
D/use-Rlog/RLOG-RIL RILC(  181): ql_destroy_ril_call start
D/use-Rlog/RLOG-RIL RILC(  181): ql_destroy_ril_call end
D/use-Rlog/RLOG-RIL RILC(  181): requestGetCurrentCalls end
D/use-Rlog/RLOG-RIL RILC(  181): onRequest: OPERATOR
D/use-Rlog/RLOG-RIL ATC(  181): AT> AT+COPS=3,0;+COPS?;+COPS=3,1;+COPS?;+COPS=3,2;+COPS?
D/SubscriptionController(  935): [getPhoneId]- subId=0 not found return default phoneId=2147483647
D/TelephonyManager(  935): getTelephonyProperty: return propVal='null' phoneId=2147483647 property='gsm.sim.operator.numeric' defaultVal='' prop=46004
D/RILJ    (  935): [3657]< GET_CURRENT_CALLS   [SUB0]
D/MccTable(  935): updateMccMncConfiguration defaultMccMnc=
D/MccTable(  935): updateMccMncConfiguration: mcc=460, mnc=4
D/MccTable(  935): defaultLanguageForMcc(460): country cn uses zh
D/MccTable(  935): getLocaleFromMcc to zh_cn mcc=460
D/MccTable(  935): getLocaleForLanguageCountry: not permitted to update locale
D/DisplayManager(  678): getDisplayInfo: displayId=0, info=DisplayInfo{"内置屏幕", uniqueId "local:0", app 1920 x 1080, real 1920 x 1080, largest app 1920 x 1847, smallest app 1080 x 1007, 71.387 fps, supportedRefreshRates [71.387], rotation 0, density 160 (159.89508 x 160.42105) dpi, layerStack 0, appVsyncOff 0, presDeadline 15008152, type BUILT_IN, state ON, FLAG_SECURE, FLAG_SUPPORTS_PROTECTED_BUFFERS}
D/MccTable(  935): updateMccMncConfiguration updateConfig config={1.0 460mcc4mnc ?locale ?layoutDir ?swdp ?wdp ?hdp ?density ?lsize ?long ?orien ?uimode ?night ?touch ?keyb/?/? ?nav/?}
D/SubscriptionController(  935): [getSubId]- mSlotIdToSubIdMap.size == 0, return DummySubIds slotIdx=0
D/SubscriptionController(  935): getDummySubIds: slotIdx=0 return 1 DummySubIds with each subId=0
D/DCT     (  935): [0]isDataAllowed: not allowed due to - Attached= false - SIM not loaded
D/DCT     (  935): [ApnContext:fota] getApnSetting: apnSetting=null
D/SubscriptionController(  935): [getPhoneId]- no sims, returning default phoneId=0
D/PhoneFactory(  935): getPhone:- phoneId != DEFAULT_PHONE_ID return sProxyPhones[phoneId] phoneId=0 phone=Handler (com.android.internal.telephony.PhoneProxy) {35955629}
D/SubscriptionController(  935): [setDefaultFallbackSubId] broadcast default subId changed phoneId=0 subId=2
D/SubscriptionController(  935): [getPhoneId]- no sims, returning default phoneId=0
D/SubscriptionController(  935): [getSubId]- mSlotIdToSubIdMap.size == 0, return DummySubIds slotIdx=0
D/SubscriptionController(  935): getDummySubIds: slotIdx=0 return 1 DummySubIds with each subId=0
D/DCT     (  935): [0]isDataAllowed: not allowed due to - Attached= false - SIM not loaded
D/DCT     (  935): [ApnContext:supl] getApnSetting: apnSetting=null
D/SubscriptionManager(  501): [getPhoneId]- fail
D/SubscriptionController(  935): [getPhoneId]- no sims, returning default phoneId=0
D/PhoneFactory(  935): getPhone:- phoneId != DEFAULT_PHONE_ID return sProxyPhones[phoneId] phoneId=0 phone=Handler (com.android.internal.telephony.PhoneProxy) {35955629}
D/SubscriptionController(  935): [getPhoneId]- no sims, returning default phoneId=0
D/use-Rlog/RLOG-RIL ATC(  181): AT< +COPS: 0,0,"CHINA MOBILE",7
D/use-Rlog/RLOG-RIL ATC(  181): AT< +COPS: 0,1,"CMCC",7
D/use-Rlog/RLOG-RIL ATC(  181): AT< +COPS: 0,2,"46000",7
D/use-Rlog/RLOG-RIL ATC(  181): AT< OK
D/RILC    (  181): RequestComplete, RIL_SOCKET_1
E/RILC    (  181): Send Response to RIL_SOCKET_1
D/use-Rlog/RLOG-RIL RILC(  181): onRequest: DATA_REGISTRATION_STATE
D/use-Rlog/RLOG-RIL ATC(  181): AT> AT+CGREG?
D/SubscriptionController(  935): [addSubInfoRecord] one sim set defaults to subId=2
D/SubscriptionController(  935): [getSubId]- mSlotIdToSubIdMap.size == 0, return DummySubIds slotIdx=0
E/CameraHal(  183): WARNING: OV8856 soft reset by i2c failed!, please check follow information:
E/CameraHal(  183):     Slave_addr: 0x6c 0x20
E/CameraHal(  183):     Soft reset reg: 0x103  val: 0x1
E/CameraHal(  183):     Power/PowerDown/Reset/Mclk/I2cBus
D/SubscriptionController(  935): getDummySubIds: slotIdx=0 return 1 DummySubIds with each subId=0
D/RILJ    (  935): [3658]< OPERATOR {CHINA MOBILE, CMCC, 46000} [SUB0]
D/SubscriptionController(  935): [setDefaultDataSubId] subId=2
D/SubscriptionController(  935): [setDefaultDataSubId] num phones=1
D/DCT     (  935): [ApnContext:emergency] getApnSetting: apnSetting=null
D/SubscriptionController(  935): [setDefaultDataSubId] phoneId=0 subId=2 RAF=261966
D/SubscriptionController(  935): [setDefaultDataSubId] reqRAF=261966
D/SubscriptionController(  935): [getPhoneId]- no sims, returning default phoneId=0
D/PhoneFactory(  935): getPhone:- phoneId != DEFAULT_PHONE_ID return sProxyPhones[phoneId] phoneId=0 phone=Handler (com.android.internal.telephony.PhoneProxy) {35955629}
D/PhoneFactory(  935): calculatePreferredNetworkType: phoneSubId = 2 networkType = 9
D/SubscriptionController(  935): [setDefaultDataSubId] networkType=9
D/SubscriptionController(  935): [setDefaultDataSubId] newRAF=118286
D/ProxyController(  935): setRadioCapability: mSetRadioAccessFamilyStatus[0]=0
D/ProxyController(  935): clearTransaction
D/ProxyController(  935): clearTransaction: phoneId=0 status=IDLE
D/SubscriptionController(  935): [getPhoneId]- no sims, returning default phoneId=0
D/ProxyController(  935): setRadioCapability: new request session id=1055154990
D/ProxyController(  935): setRadioCapability: phoneId=0 status=STARTING
D/ProxyController(  935): setRadioCapability: mOldRadioAccessFamily[0]=261966
D/ProxyController(  935): setRadioCapability: mNewRadioAccessFamily[0]=118286
D/RILJ    (  935): [3710]> RIL_REQUEST_SET_RADIO_CAPABILITY {mPhoneId = 0 mVersion=1 mSession=1055154990 mPhase=1 mRadioAccessFamily=261966 mLogicModemId=0 mStatus=0} [SUB0]
D/SubscriptionController(  935): [updateAllDataConnectionTrackers] sProxyPhones.length=1
D/SubscriptionController(  935): [getSubId]- mSlotIdToSubIdMap.size == 0, return DummySubIds slotIdx=0
D/SubscriptionController(  935): getDummySubIds: slotIdx=0 return 1 DummySubIds with each subId=0
D/use-Rlog/RLOG-RIL ATC(  181): AT< +CGREG: 2,1,"24A4","2C56C0D",7
D/SubscriptionController(  935): [updateAllDataConnectionTrackers] phoneId=0
D/use-Rlog/RLOG-RIL ATC(  181): AT< OK
D/PhoneProxy(  935): [PhoneProxy] Updating Data Connection Tracker
D/use-Rlog/RLOG-RIL ATC(  181): AT> AT+QLTS=1
D/DCT     (  935): [0]update sub = 2
D/DCT     (  935): [0]update(): Active DDS, register for all events now!
D/GsmSST  (  935): [GsmSST] notifyDataRegStateRilRadioTechnologyChanged: drs=0 rat=14
D/TelephonyManager(  935): setTelephonyProperty: success phoneId=0 property=gsm.network.type value: LTE propVal=LTE
D/DCT     (  935): [0]getDataEnabled: getIntWithSubId retVal=true
D/DC-1    (  935): DcActivatingState: msg={what=EVENT_DATA_CONNECTION_DRS_OR_RAT_CHANGED when=0 obj=android.os.AsyncResult@1cc15017 target=Handler (com.android.internal.util.StateMachine$SmHandler) {2d804c04} replyTo=null}
D/GSMPhone(  935): [GSMPhone] updateCurrentCarrierInProvider: mSubId = 2 currentDds = 0 operatorNumeric = 46004
E/CameraHal(  183): OV8856 device register failed!
D/CameraHal(  183): 
D/CameraHal(  183): 
D/CameraHal(  183): 
D/CameraHal(  183):  CamSys_Head.h Version Check:
D/CameraHal(  183):     Kernel camsys_head.h: v0.11.0
D/CameraHal(  183):     Kernel camsys_drv :   v0.32.0
D/CameraHal(  183):     CameraHal camsys_head.h : v0.11.0
D/CameraHal(  183): 
D/CameraHal(  183): 
D/CameraHal(  183): 
D/use-Rlog/RLOG-RIL ATC(  181): AT< +QLTS: "2021/11/01,03:53:35+32,0"
D/use-Rlog/RLOG-RIL ATC(  181): AT< OK
I/RILC    (  181): RIL_SOCKET_1 UNSOLICITED: UNSOL_NITZ_TIME_RECEIVED length:68
E/RILC    (  181): Send Response to RIL_SOCKET_1
D/use-Rlog/RLOG-RIL RILC(  181): radio_tech is 14
D/RILC    (  181): RequestComplete, RIL_SOCKET_1
E/RILC    (  181): Send Response to RIL_SOCKET_1
D/use-Rlog/RLOG-RIL RILC(  181): onRequest: VOICE_REGISTRATION_STATE
D/use-Rlog/RLOG-RIL ATC(  181): AT> AT+CREG?
D/RILJ    (  935): [UNSL]< UNSOL_NITZ_TIME_RECEIVED 21/11/01,03:53:35+32,0 [SUB0]
D/RILJ    (  935): [3659]< DATA_REGISTRATION_STATE {1, 24a4, 2c56c0d, 14} [SUB0]
D/SubscriptionController(  935): [broadcastDefaultDataSubIdChanged] subId=2
D/SubscriptionController(  935): [setDefaultSmsSubId] subId=2
D/DCT     (  935): [0]isDataAllowed: not allowed due to - Attached= false - SIM not loaded
D/DCT     (  935): [ApnContext:dun] getApnSetting: apnSetting=null
D/SubscriptionController(  935): [getPhoneId]- no sims, returning default phoneId=0
D/SubscriptionController(  935): [broadcastDefaultSmsSubIdChanged] subId=2
D/PhoneFactory(  935): getPhone:- phoneId != DEFAULT_PHONE_ID return sProxyPhones[phoneId] phoneId=0 phone=Handler (com.android.internal.telephony.PhoneProxy) {35955629}
D/use-Rlog/RLOG-RIL ATC(  181): AT< +CREG: 2,1,"24A4","2C56C0D",7
D/use-Rlog/RLOG-RIL ATC(  181): AT< OK
D/use-Rlog/RLOG-RIL RILC(  181): radio_tech is 14
D/RILC    (  181): RequestComplete, RIL_SOCKET_1
D/SubscriptionController(  935): [setDefaultVoiceSubId] subId=2
E/RILC    (  181): Send Response to RIL_SOCKET_1
D/use-Rlog/RLOG-RIL ATC(  181): AT> AT+CSQ
D/SubscriptionController(  935): [getPhoneId]- no sims, returning default phoneId=0
D/RILJ    (  935): [3660]< VOICE_REGISTRATION_STATE {1, 24a4, 2c56c0d, 14} [SUB0]
D/SubscriptionController(  935): [broadcastDefaultVoiceSubIdChanged] subId=2
D/SubscriptionController(  935): [getSubId]- mSlotIdToSubIdMap.size == 0, return DummySubIds slotIdx=0
D/SubscriptionController(  935): getDummySubIds: slotIdx=0 return 1 DummySubIds with each subId=0
D/DCT     (  935): [0]isDataAllowed: not allowed due to - Attached= false - SIM not loaded
D/DCT     (  935): [ApnContext:hipri] getApnSetting: apnSetting=null
D/SubscriptionController(  935): [getPhoneId]- no sims, returning default phoneId=0
D/PhoneFactory(  935): getPhone:- phoneId != DEFAULT_PHONE_ID return sProxyPhones[phoneId] phoneId=0 phone=Handler (com.android.internal.telephony.PhoneProxy) {35955629}
D/use-Rlog/RLOG-RIL ATC(  181): AT< +CSQ: 21,99
D/use-Rlog/RLOG-RIL ATC(  181): AT< OK
D/SubscriptionController(  935): [getPhoneId]- no sims, returning default phoneId=0
I/RILC    (  181): RIL_SOCKET_1 UNSOLICITED: UNSOL_SIGNAL_STRENGTH length:60
E/RILC    (  181): Send Response to RIL_SOCKET_1
D/use-Rlog/RLOG-RIL ATC(  181): AT> AT+CGREG?
D/SubscriptionController(  935): [addSubInfoRecord] hashmap(0,2)
D/SubscriptionController(  935): [getSubId]- mSlotIdToSubIdMap.size == 0, return DummySubIds slotIdx=0
D/SubscriptionController(  935): getDummySubIds: slotIdx=0 return 1 DummySubIds with each subId=0
D/SubscriptionController(  935): [updateAllDataConnectionTrackers] sProxyPhones.length=1
D/DCT     (  935): [0]isDataAllowed: not allowed due to - Attached= false - SIM not loaded
D/DCT     (  935): [ApnContext:ims] getApnSetting: apnSetting=null
D/SubscriptionController(  935): [updateAllDataConnectionTrackers] phoneId=0
D/PhoneProxy(  935): [PhoneProxy] Updating Data Connection Tracker
D/DCT     (  935): [0]update sub = 2
D/DCT     (  935): [0]update(): Active DDS, register for all events now!
D/SubscriptionController(  935): [getPhoneId]- no sims, returning default phoneId=0
D/GsmSST  (  935): [GsmSST] notifyDataRegStateRilRadioTechnologyChanged: drs=0 rat=14
D/TelephonyManager(  935): setTelephonyProperty: success phoneId=0 property=gsm.network.type value: LTE propVal=LTE
D/PhoneFactory(  935): getPhone:- phoneId != DEFAULT_PHONE_ID return sProxyPhones[phoneId] phoneId=0 phone=Handler (com.android.internal.telephony.PhoneProxy) {35955629}
D/DCT     (  935): [0]getDataEnabled: getIntWithSubId retVal=true
D/DC-1    (  935): DcActivatingState: msg={what=EVENT_DATA_CONNECTION_DRS_OR_RAT_CHANGED when=0 obj=android.os.AsyncResult@5e1c5ed target=Handler (com.android.internal.util.StateMachine$SmHandler) {2d804c04} replyTo=null}
D/SubscriptionController(  935): [getPhoneId]- no sims, returning default phoneId=0
D/GSMPhone(  935): [GSMPhone] updateCurrentCarrierInProvider: mSubId = 2 currentDds = 0 operatorNumeric = 46004
D/use-Rlog/RLOG-RIL ATC(  181): AT< +CGREG: 2,1,"24A4","2C56C0D",7
D/use-Rlog/RLOG-RIL ATC(  181): AT< OK
D/use-Rlog/RLOG-RIL RILC(  181): onRequest: QUERY_NETWORK_SELECTION_MODE
D/use-Rlog/RLOG-RIL ATC(  181): AT> AT+COPS?
D/DCT     (  935): [0]handleMessage msg={ when=-256ms what=270348 obj=android.os.AsyncResult@33067486 target=com.android.internal.telephony.dataconnection.DcTracker }
D/DCT     (  935): [0]onRoamingOff
D/SubscriptionController(  935): [getSubId]- mSlotIdToSubIdMap.size == 0, return DummySubIds slotIdx=0
D/SubscriptionController(  935): getDummySubIds: slotIdx=0 return 1 DummySubIds with each subId=0
D/DCT     (  935): [0]getDataOnRoamingEnabled: phoneSubId=0 isDataRoamingEnabled=true
D/DCT     (  935): [0]notifyDataConnection: reason=roamingOff
D/SubscriptionController(  935): [getSubId]- mSlotIdToSubIdMap.size == 0, return DummySubIds slotIdx=0
D/SubscriptionController(  935): getDummySubIds: slotIdx=0 return 1 DummySubIds with each subId=0
D/DCT     (  935): [0]isDataAllowed: not allowed due to - Attached= false - SIM not loaded
D/DCT     (  935): [ApnContext:default] getApnSetting: apnSetting=null
D/SubscriptionController(  935): [addSubInfoRecord]- info size=1
D/SubscriptionController(  935): [getPhoneId]- no sims, returning default phoneId=0
D/SubscriptionInfoUpdater(  935): newSim = true
D/SubscriptionInfoUpdater(  935): updateSubscriptionInfoByIccId: sInsertSimState[0] = -2
D/PhoneFactory(  935): getPhone:- phoneId != DEFAULT_PHONE_ID return sProxyPhones[phoneId] phoneId=0 phone=Handler (com.android.internal.telephony.PhoneProxy) {35955629}
D/SubscriptionController(  935): [getActiveSubInfoList]+
D/SubscriptionController(  935): sim_state is :READY
D/use-Rlog/RLOG-RIL ATC(  181): AT< +COPS: 0,2,"46000",7
D/SubscriptionController(  935): selection:sim_id>=0 null
D/use-Rlog/RLOG-RIL ATC(  181): AT< OK
D/RILC    (  181): RequestComplete, RIL_SOCKET_1
E/RILC    (  181): Send Response to RIL_SOCKET_1
D/RILJ    (  935): [3661]< QUERY_NETWORK_SELECTION_MODE {0} [SUB0]
D/SubscriptionController(  935): [getPhoneId]- no sims, returning default phoneId=0
D/SubscriptionController(  935): [getSubId]- mSlotIdToSubIdMap.size == 0, return DummySubIds slotIdx=0
D/SubscriptionController(  935): getDummySubIds: slotIdx=0 return 1 DummySubIds with each subId=0
D/DCT     (  935): [0]isDataAllowed: not allowed due to - Attached= false - SIM not loaded
D/DCT     (  935): [ApnContext:mms] getApnSetting: apnSetting=null
D/SubscriptionController(  935): [getPhoneId]- no sims, returning default phoneId=0
D/PhoneFactory(  935): getPhone:- phoneId != DEFAULT_PHONE_ID return sProxyPhones[phoneId] phoneId=0 phone=Handler (com.android.internal.telephony.PhoneProxy) {35955629}
D/TelephonyManager(  935): getTelephonyProperty: return propVal='cn' phoneId=0 property='gsm.sim.operator.iso-country' defaultVal='' prop=cn
D/SubscriptionController(  935): [getSubInfoRecord] id:2 iccid:89860002091070314495 simSlotIndex:0 displayName:CARD 1 nameSource:0 iconTint:-16746133 dataRoaming:0 mcc:460 mnc:4 countIso:cn
D/SubscriptionController(  935): [getPhoneId]- no sims, returning default phoneId=0
D/SubscriptionController(  935): [getSubId]- mSlotIdToSubIdMap.size == 0, return DummySubIds slotIdx=0
D/SubscriptionController(  935): getDummySubIds: slotIdx=0 return 1 DummySubIds with each subId=0
E/CameraHal(  183): WARNING: OV8858 soft reset by i2c failed!, please check follow information:
E/CameraHal(  183):     Slave_addr: 0x6c 0x20
E/CameraHal(  183):     Soft reset reg: 0x103  val: 0x1
E/CameraHal(  183):     Power/PowerDown/Reset/Mclk/I2cBus
D/DCT     (  935): [0]isDataAllowed: not allowed due to - Attached= false - SIM not loaded
D/DCT     (  935): [ApnContext:cbs] getApnSetting: apnSetting=null
D/SubscriptionController(  935): [getActiveSubInfoList]- 1 infos return
D/SubscriptionInfoUpdater(  935): updateSubscriptionInfoByIccId: nSubCount = 1
D/SubscriptionController(  935): [getPhoneId]- no sims, returning default phoneId=0
D/PhoneFactory(  935): getPhone:- phoneId != DEFAULT_PHONE_ID return sProxyPhones[phoneId] phoneId=0 phone=Handler (com.android.internal.telephony.PhoneProxy) {35955629}
D/SubscriptionController(  935): [getPhoneId]- no sims, returning default phoneId=0
D/SubscriptionController(  935): [getSubId]- mSlotIdToSubIdMap.size == 0, return DummySubIds slotIdx=0
D/SubscriptionController(  935): getDummySubIds: slotIdx=0 return 1 DummySubIds with each subId=0
D/DCT     (  935): [0]isDataAllowed: not allowed due to - Attached= false - SIM not loaded
D/DCT     (  935): [ApnContext:fota] getApnSetting: apnSetting=null
D/SubscriptionController(  935): [getPhoneId]- no sims, returning default phoneId=0
D/PhoneFactory(  935): getPhone:- phoneId != DEFAULT_PHONE_ID return sProxyPhones[phoneId] phoneId=0 phone=Handler (com.android.internal.telephony.PhoneProxy) {35955629}
D/SubscriptionController(  935): [getPhoneId]- no sims, returning default phoneId=0
E/CameraHal(  183): OV8858 device register failed!
D/SubscriptionController(  935): [getSubId]- mSlotIdToSubIdMap.size == 0, return DummySubIds slotIdx=0
D/SubscriptionController(  935): getDummySubIds: slotIdx=0 return 1 DummySubIds with each subId=0
D/DCT     (  935): [0]isDataAllowed: not allowed due to - Attached= false - SIM not loaded
D/DCT     (  935): [ApnContext:supl] getApnSetting: apnSetting=null
D/CameraHal(  183): 
D/CameraHal(  183): 
D/CameraHal(  183): 
D/CameraHal(  183):  CamSys_Head.h Version Check:
D/CameraHal(  183):     Kernel camsys_head.h: v0.11.0
D/CameraHal(  183):     Kernel camsys_drv :   v0.32.0
D/CameraHal(  183):     CameraHal camsys_head.h : v0.11.0
D/CameraHal(  183): 
D/CameraHal(  183): 
D/CameraHal(  183): 
D/SubscriptionController(  935): [getPhoneId]- no sims, returning default phoneId=0
D/PhoneFactory(  935): getPhone:- phoneId != DEFAULT_PHONE_ID return sProxyPhones[phoneId] phoneId=0 phone=Handler (com.android.internal.telephony.PhoneProxy) {35955629}
D/SubscriptionController(  935): [getPhoneId]- no sims, returning default phoneId=0
D/SubscriptionController(  935): [getSubId]- mSlotIdToSubIdMap.size == 0, return DummySubIds slotIdx=0
D/SubscriptionController(  935): getDummySubIds: slotIdx=0 return 1 DummySubIds with each subId=0
D/DCT     (  935): [ApnContext:emergency] getApnSetting: apnSetting=null
D/SubscriptionController(  935): [getPhoneId]- no sims, returning default phoneId=0
D/PhoneFactory(  935): getPhone:- phoneId != DEFAULT_PHONE_ID return sProxyPhones[phoneId] phoneId=0 phone=Handler (com.android.internal.telephony.PhoneProxy) {35955629}
D/SubscriptionController(  935): [getPhoneId]- no sims, returning default phoneId=0
D/SubscriptionController(  935): [getSubId]- mSlotIdToSubIdMap.size == 0, return DummySubIds slotIdx=0
D/SubscriptionController(  935): getDummySubIds: slotIdx=0 return 1 DummySubIds with each subId=0
D/SubscriptionController(  935): notifySubscriptionInfoChanged:
D/DCT     (  935): [0]isDataAllowed: not allowed due to - Attached= false - SIM not loaded
D/DCT     (  935): [ApnContext:dun] getApnSetting: apnSetting=null
D/SubscriptionController(  935): [getPhoneId]- no sims, returning default phoneId=0
D/PhoneFactory(  935): getPhone:- phoneId != DEFAULT_PHONE_ID return sProxyPhones[phoneId] phoneId=0 phone=Handler (com.android.internal.telephony.PhoneProxy) {35955629}
D/GpsLocationProvider(  501): received SIM realted action: 
D/SubscriptionController(  935): [getPhoneId]- no sims, returning default phoneId=0
D/TelephonyManager(  501): getSimOperatorNumeric(): default subId=0
D/SubscriptionController(  935): [getPhoneId]- subId=0 not found return default phoneId=2147483647
D/SubscriptionInfoUpdater(  935): updateSubscriptionInfoByIccId:- SsubscriptionInfo update complete
D/MccTable(  935): updateMccMncConfiguration mccmnc='46004' fromServiceState=false
