01-01 08:00:03.263     1     1 I auditd  : type=1107 audit(0.0:3): uid=0 auid=4294967295 ses=4294967295 subj=u:r:init:s0 msg='avc: denied { read } for property=persist.sys.adb_enable pid=0 uid=0 gid=0 scontext=u:r:vendor_init:s0 tcontext=u:object_r:system_prop:s0 tclass=file permissive=1'
01-01 08:00:03.263     1     1 I auditd  : type=1107 audit(0.0:4): uid=0 auid=4294967295 ses=4294967295 subj=u:r:init:s0 msg='avc: denied { read } for property=flash.success pid=0 uid=0 gid=0 scontext=u:r:vendor_init:s0 tcontext=u:object_r:default_prop:s0 tclass=file permissive=1'
01-01 08:00:04.260     1     1 I auditd  : type=1107 audit(0.0:5): uid=0 auid=4294967295 ses=4294967295 subj=u:r:init:s0 msg='avc: denied { set } for property=persist.vendor.rknn.log.level pid=151 uid=0 gid=0 scontext=u:r:rknn_server:s0 tcontext=u:object_r:vendor_default_prop:s0 tclass=property_service permissive=1'
01-01 08:00:04.590    31    31 I auditd  : type=1400 audit(0.0:6): avc: denied { create } for comm="kdevtmpfs" name="dm-6" scontext=u:r:kernel:s0 tcontext=u:object_r:device:s0 tclass=blk_file permissive=1
01-01 08:00:04.590    31    31 I auditd  : type=1400 audit(0.0:7): avc: denied { setattr } for comm="kdevtmpfs" name="dm-6" dev="devtmpfs" ino=20864 scontext=u:r:kernel:s0 tcontext=u:object_r:device:s0 tclass=blk_file permissive=1
01-01 08:00:05.160   235   235 I auditd  : type=1400 audit(0.0:8): avc: denied { read } for comm="android.hardwar" name="resolution_white.xml" dev="dm-0" ino=3917 scontext=u:r:hal_graphics_composer_default:s0 tcontext=u:object_r:system_file:s0 tclass=file permissive=1
01-01 08:00:05.160   235   235 I auditd  : type=1400 audit(0.0:9): avc: denied { open } for comm="android.hardwar" path="/system/usr/share/resolution_white.xml" dev="overlay" ino=19052 scontext=u:r:hal_graphics_composer_default:s0 tcontext=u:object_r:system_file:s0 tclass=file permissive=1
01-01 08:00:05.160   235   235 I auditd  : type=1400 audit(0.0:10): avc: denied { getattr } for comm="android.hardwar" path="/system/usr/share/resolution_white.xml" dev="overlay" ino=19052 scontext=u:r:hal_graphics_composer_default:s0 tcontext=u:object_r:system_file:s0 tclass=file permissive=1
01-01 08:00:05.236   235   235 I auditd  : type=1400 audit(0.0:11): avc: denied { read } for comm="android.hardwar" name="u:object_r:default_prop:s0" dev="tmpfs" ino=11109 scontext=u:r:hal_graphics_composer_default:s0 tcontext=u:object_r:default_prop:s0 tclass=file permissive=1
01-01 08:00:05.236   235   235 I auditd  : type=1400 audit(0.0:12): avc: denied { open } for comm="android.hardwar" path="/dev/__properties__/u:object_r:default_prop:s0" dev="tmpfs" ino=11109 scontext=u:r:hal_graphics_composer_default:s0 tcontext=u:object_r:default_prop:s0 tclass=file permissive=1
01-01 08:00:05.236   235   235 I auditd  : type=1400 audit(0.0:13): avc: denied { getattr } for comm="android.hardwar" path="/dev/__properties__/u:object_r:default_prop:s0" dev="tmpfs" ino=11109 scontext=u:r:hal_graphics_composer_default:s0 tcontext=u:object_r:default_prop:s0 tclass=file permissive=1
01-01 08:00:05.236   235   235 I auditd  : type=1400 audit(0.0:14): avc: denied { map } for comm="android.hardwar" path="/dev/__properties__/u:object_r:default_prop:s0" dev="tmpfs" ino=11109 scontext=u:r:hal_graphics_composer_default:s0 tcontext=u:object_r:default_prop:s0 tclass=file permissive=1
01-01 08:00:05.336   127   127 I auditd  : type=1400 audit(0.0:15): avc: denied { setattr } for comm="init" name="nfc" dev="dm-6" ino=100 scontext=u:r:vendor_init:s0 tcontext=u:object_r:system_data_file:s0 tclass=dir permissive=1
01-01 08:00:05.340   127   127 I auditd  : type=1400 audit(0.0:16): avc: denied { read } for comm="init" name="nfc" dev="dm-6" ino=100 scontext=u:r:vendor_init:s0 tcontext=u:object_r:system_data_file:s0 tclass=dir permissive=1
01-01 08:00:05.340   127   127 I auditd  : type=1400 audit(0.0:17): avc: denied { open } for comm="init" path="/data/nfc" dev="dm-6" ino=100 scontext=u:r:vendor_init:s0 tcontext=u:object_r:system_data_file:s0 tclass=dir permissive=1
01-01 08:00:05.340   127   127 I auditd  : type=1400 audit(0.0:18): avc: denied { ioctl } for comm="init" path="/data/nfc" dev="dm-6" ino=100 ioctlcmd=0x6615 scontext=u:r:vendor_init:s0 tcontext=u:object_r:system_data_file:s0 tclass=dir permissive=1
01-01 08:00:05.813   287   287 I auditd  : type=1400 audit(0.0:19): avc: denied { write } for comm="android.hardwar" name="vndbinder" dev="binder" ino=6 scontext=u:r:gnss_service_ql:s0 tcontext=u:object_r:vndbinder_device:s0 tclass=chr_file permissive=1
01-01 08:00:05.813   287   287 I auditd  : type=1400 audit(0.0:20): avc: denied { open } for comm="android.hardwar" path="/dev/binderfs/vndbinder" dev="binder" ino=6 scontext=u:r:gnss_service_ql:s0 tcontext=u:object_r:vndbinder_device:s0 tclass=chr_file permissive=1
01-01 08:00:05.813   287   287 I auditd  : type=1400 audit(0.0:21): avc: denied { ioctl } for comm="android.hardwar" path="/dev/binderfs/vndbinder" dev="binder" ino=6 ioctlcmd=0x6209 scontext=u:r:gnss_service_ql:s0 tcontext=u:object_r:vndbinder_device:s0 tclass=chr_file permissive=1
01-01 08:00:05.813   287   287 I auditd  : type=1400 audit(0.0:22): avc: denied { map } for comm="android.hardwar" path="/dev/binderfs/vndbinder" dev="binder" ino=6 scontext=u:r:gnss_service_ql:s0 tcontext=u:object_r:vndbinder_device:s0 tclass=chr_file permissive=1
01-01 08:00:05.817   148   148 I auditd  : avc:  denied  { find } for interface=android.hardware.gnss::IGnss sid=u:r:gnss_service_ql:s0 pid=287 scontext=u:r:gnss_service_ql:s0 tcontext=u:object_r:hal_gnss_hwservice:s0 tclass=hwservice_manager permissive=1
01-01 08:00:05.920   327   327 I auditd  : type=1400 audit(0.0:23): avc: denied { getattr } for comm="sh" path="/system/bin/toolbox" dev="overlay" ino=23619 scontext=u:r:gnss_service_ql:s0 tcontext=u:object_r:toolbox_exec:s0 tclass=file permissive=1
01-01 08:00:05.920   327   327 I auditd  : type=1400 audit(0.0:24): avc: denied { execute } for comm="sh" name="toolbox" dev="dm-0" ino=1703 scontext=u:r:gnss_service_ql:s0 tcontext=u:object_r:toolbox_exec:s0 tclass=file permissive=1
01-01 08:00:05.920   327   327 I auditd  : type=1400 audit(0.0:25): avc: denied { read open } for comm="sh" path="/system/bin/toolbox" dev="overlay" ino=23619 scontext=u:r:gnss_service_ql:s0 tcontext=u:object_r:toolbox_exec:s0 tclass=file permissive=1
01-01 08:00:05.920   327   327 I auditd  : type=1400 audit(0.0:26): avc: denied { execute_no_trans } for comm="sh" path="/system/bin/toolbox" dev="overlay" ino=23619 scontext=u:r:gnss_service_ql:s0 tcontext=u:object_r:toolbox_exec:s0 tclass=file permissive=1
01-01 08:00:05.940   327   327 I auditd  : type=1400 audit(0.0:27): avc: denied { map } for comm="setprop" path="/system/bin/toolbox" dev="overlay" ino=23619 scontext=u:r:gnss_service_ql:s0 tcontext=u:object_r:toolbox_exec:s0 tclass=file permissive=1
01-01 08:00:05.976   327   327 I auditd  : type=1400 audit(0.0:28): avc: denied { write } for comm="setprop" name="property_service" dev="tmpfs" ino=11252 scontext=u:r:gnss_service_ql:s0 tcontext=u:object_r:property_socket:s0 tclass=sock_file permissive=1
01-01 08:00:05.976   327   327 I auditd  : type=1400 audit(0.0:29): avc: denied { connectto } for comm="setprop" path="/dev/socket/property_service" scontext=u:r:gnss_service_ql:s0 tcontext=u:r:init:s0 tclass=unix_stream_socket permissive=1
01-01 08:00:05.976     1     1 I auditd  : type=1107 audit(0.0:30): uid=0 auid=4294967295 ses=4294967295 subj=u:r:init:s0 msg='avc: denied { set } for property=sys.ubx.dr.align.auto pid=327 uid=1000 gid=1000 scontext=u:r:gnss_service_ql:s0 tcontext=u:object_r:system_prop:s0 tclass=property_service permissive=1'
01-01 08:00:06.160   341   341 I auditd  : type=1400 audit(0.0:31): avc: denied { write } for comm="setprop" name="property_service" dev="tmpfs" ino=11252 scontext=u:r:gnss_service_ql:s0 tcontext=u:object_r:property_socket:s0 tclass=sock_file permissive=1
01-01 08:00:06.160   341   341 I auditd  : type=1400 audit(0.0:32): avc: denied { connectto } for comm="setprop" path="/dev/socket/property_service" scontext=u:r:gnss_service_ql:s0 tcontext=u:r:init:s0 tclass=unix_stream_socket permissive=1
01-01 08:00:06.240   287   287 I auditd  : type=1400 audit(0.0:33): avc: denied { transfer } for comm="android.hardwar" scontext=u:r:gnss_service_ql:s0 tcontext=u:r:hwservicemanager:s0 tclass=binder permissive=1
01-01 08:00:06.243   148   148 I auditd  : avc:  denied  { add } for interface=android.hardware.gnss::IGnss sid=u:r:gnss_service_ql:s0 pid=287 scontext=u:r:gnss_service_ql:s0 tcontext=u:object_r:hal_gnss_hwservice:s0 tclass=hwservice_manager permissive=1
01-01 08:00:06.243   148   148 I auditd  : avc:  denied  { add } for interface=android.hidl.base::IBase sid=u:r:gnss_service_ql:s0 pid=287 scontext=u:r:gnss_service_ql:s0 tcontext=u:object_r:hidl_base_hwservice:s0 tclass=hwservice_manager permissive=1
01-01 08:00:06.800   377   377 I auditd  : type=1400 audit(0.0:34): avc: denied { open } for comm="android.hardwar" path="/dev/input" dev="tmpfs" ino=19466 scontext=u:r:sensors_service_ql:s0 tcontext=u:object_r:input_device:s0 tclass=dir permissive=1
01-01 08:00:06.803   377   377 I auditd  : type=1400 audit(0.0:35): avc: denied { search } for comm="android.hardwar" name="input" dev="tmpfs" ino=19466 scontext=u:r:sensors_service_ql:s0 tcontext=u:object_r:input_device:s0 tclass=dir permissive=1
01-01 08:00:06.803   377   377 I auditd  : type=1400 audit(0.0:36): avc: denied { read } for comm="android.hardwar" name="event1" dev="tmpfs" ino=3958 scontext=u:r:sensors_service_ql:s0 tcontext=u:object_r:input_device:s0 tclass=chr_file permissive=1
01-01 08:00:06.803   377   377 I auditd  : type=1400 audit(0.0:37): avc: denied { open } for comm="android.hardwar" path="/dev/input/event1" dev="tmpfs" ino=3958 scontext=u:r:sensors_service_ql:s0 tcontext=u:object_r:input_device:s0 tclass=chr_file permissive=1
01-01 08:00:06.803   377   377 I auditd  : type=1400 audit(0.0:38): avc: denied { ioctl } for comm="android.hardwar" path="/dev/input/event1" dev="tmpfs" ino=3958 ioctlcmd=0x4506 scontext=u:r:sensors_service_ql:s0 tcontext=u:object_r:input_device:s0 tclass=chr_file permissive=1
01-01 08:00:06.803   377   377 I auditd  : type=1400 audit(0.0:39): avc: denied { call } for comm="android.hardwar" scontext=u:r:sensors_service_ql:s0 tcontext=u:r:hwservicemanager:s0 tclass=binder permissive=1
01-01 08:00:06.805   148   148 I auditd  : avc:  denied  { find } for interface=android.hardware.sensors::ISensors sid=u:r:sensors_service_ql:s0 pid=377 scontext=u:r:sensors_service_ql:s0 tcontext=u:object_r:hal_sensors_hwservice:s0 tclass=hwservice_manager permissive=1
01-01 08:00:06.810   377   377 I auditd  : type=1400 audit(0.0:40): avc: denied { transfer } for comm="android.hardwar" scontext=u:r:sensors_service_ql:s0 tcontext=u:r:hwservicemanager:s0 tclass=binder permissive=1
01-01 08:00:06.812   148   148 I auditd  : avc:  denied  { add } for interface=android.hardware.sensors::ISensors sid=u:r:sensors_service_ql:s0 pid=377 scontext=u:r:sensors_service_ql:s0 tcontext=u:object_r:hal_sensors_hwservice:s0 tclass=hwservice_manager permissive=1
01-01 08:00:06.812   148   148 I auditd  : avc:  denied  { add } for interface=android.hidl.base::IBase sid=u:r:sensors_service_ql:s0 pid=377 scontext=u:r:sensors_service_ql:s0 tcontext=u:object_r:hidl_base_hwservice:s0 tclass=hwservice_manager permissive=1
01-01 08:00:10.786   178   178 I auditd  : type=1400 audit(0.0:41): avc: denied { read } for comm="Binder:178_2" name="wakeup9" dev="sysfs" ino=25476 scontext=u:r:system_suspend:s0 tcontext=u:object_r:sysfs_power:s0 tclass=dir permissive=1
01-01 08:00:10.786   178   178 I auditd  : type=1400 audit(0.0:42): avc: denied { open } for comm="Binder:178_2" path="/sys/devices/virtual/power_supply/test_battery/wakeup9" dev="sysfs" ino=25476 scontext=u:r:system_suspend:s0 tcontext=u:object_r:sysfs_power:s0 tclass=dir permissive=1
01-01 08:00:10.786   178   178 I auditd  : type=1400 audit(0.0:43): avc: denied { read } for comm="Binder:178_2" name="wakeup3" dev="sysfs" ino=16270 scontext=u:r:system_suspend:s0 tcontext=u:object_r:sysfs:s0 tclass=dir permissive=1
01-01 08:00:10.786   178   178 I auditd  : type=1400 audit(0.0:44): avc: denied { open } for comm="Binder:178_2" path="/sys/devices/platform/fdef0000.iep/wakeup/wakeup3" dev="sysfs" ino=16270 scontext=u:r:system_suspend:s0 tcontext=u:object_r:sysfs:s0 tclass=dir permissive=1
01-01 08:00:10.786   178   178 I auditd  : type=1400 audit(0.0:45): avc: denied { read } for comm="Binder:178_2" name="event_count" dev="sysfs" ino=16277 scontext=u:r:system_suspend:s0 tcontext=u:object_r:sysfs:s0 tclass=file permissive=1
01-01 08:00:10.786   178   178 I auditd  : type=1400 audit(0.0:46): avc: denied { open } for comm="Binder:178_2" path="/sys/devices/platform/fdef0000.iep/wakeup/wakeup3/event_count" dev="sysfs" ino=16277 scontext=u:r:system_suspend:s0 tcontext=u:object_r:sysfs:s0 tclass=file permissive=1
01-01 08:00:10.786   178   178 I auditd  : type=1400 audit(0.0:47): avc: denied { getattr } for comm="Binder:178_2" path="/sys/devices/platform/fdef0000.iep/wakeup/wakeup3/event_count" dev="sysfs" ino=16277 scontext=u:r:system_suspend:s0 tcontext=u:object_r:sysfs:s0 tclass=file permissive=1
01-01 08:00:12.623   523   523 I auditd  : type=1400 audit(0.0:48): avc: denied { call } for comm="system-server-i" scontext=u:r:system_server:s0 tcontext=u:r:sensors_service_ql:s0 tclass=binder permissive=1
01-01 08:00:12.623   523   523 I auditd  : type=1400 audit(0.0:49): avc: denied { use } for comm="system-server-i" path="/dev/ashmeme7f287b8-b87e-4820-a025-2e8e41bca10b" dev="tmpfs" ino=19507 scontext=u:r:sensors_service_ql:s0 tcontext=u:r:system_server:s0 tclass=fd permissive=1
01-01 08:00:12.623   523   523 I auditd  : type=1400 audit(0.0:50): avc: denied { transfer } for comm="system-server-i" scontext=u:r:system_server:s0 tcontext=u:r:sensors_service_ql:s0 tclass=binder permissive=1
01-01 08:00:12.673   178   178 I auditd  : type=1400 audit(0.0:51): avc: denied { read } for comm="Binder:178_2" name="wakeup9" dev="sysfs" ino=25476 scontext=u:r:system_suspend:s0 tcontext=u:object_r:sysfs_power:s0 tclass=dir permissive=1
01-01 08:00:12.673   178   178 I auditd  : type=1400 audit(0.0:52): avc: denied { open } for comm="Binder:178_2" path="/sys/devices/virtual/power_supply/test_battery/wakeup9" dev="sysfs" ino=25476 scontext=u:r:system_suspend:s0 tcontext=u:object_r:sysfs_power:s0 tclass=dir permissive=1
01-01 08:00:12.673   178   178 I auditd  : type=1400 audit(0.0:53): avc: denied { read } for comm="Binder:178_2" name="wakeup3" dev="sysfs" ino=16270 scontext=u:r:system_suspend:s0 tcontext=u:object_r:sysfs:s0 tclass=dir permissive=1
01-01 08:00:12.673   178   178 I auditd  : type=1400 audit(0.0:54): avc: denied { open } for comm="Binder:178_2" path="/sys/devices/platform/fdef0000.iep/wakeup/wakeup3" dev="sysfs" ino=16270 scontext=u:r:system_suspend:s0 tcontext=u:object_r:sysfs:s0 tclass=dir permissive=1
01-01 08:00:12.673   178   178 I auditd  : type=1400 audit(0.0:55): avc: denied { read } for comm="Binder:178_2" name="event_count" dev="sysfs" ino=16277 scontext=u:r:system_suspend:s0 tcontext=u:object_r:sysfs:s0 tclass=file permissive=1
01-01 08:00:12.673   178   178 I auditd  : type=1400 audit(0.0:56): avc: denied { open } for comm="Binder:178_2" path="/sys/devices/platform/fdef0000.iep/wakeup/wakeup3/event_count" dev="sysfs" ino=16277 scontext=u:r:system_suspend:s0 tcontext=u:object_r:sysfs:s0 tclass=file permissive=1
01-01 08:00:12.673   178   178 I auditd  : type=1400 audit(0.0:57): avc: denied { getattr } for comm="Binder:178_2" path="/sys/devices/platform/fdef0000.iep/wakeup/wakeup3/event_count" dev="sysfs" ino=16277 scontext=u:r:system_suspend:s0 tcontext=u:object_r:sysfs:s0 tclass=file permissive=1
01-01 08:00:12.920   523   523 I auditd  : type=1400 audit(0.0:58): avc: denied { read } for comm="Binder:523_3" name="hctosys" dev="sysfs" ino=25099 scontext=u:r:system_server:s0 tcontext=u:object_r:sysfs:s0 tclass=file permissive=1
01-01 08:00:12.920   523   523 I auditd  : type=1400 audit(0.0:59): avc: denied { open } for comm="Binder:523_3" path="/sys/devices/platform/fe5c0000.i2c/i2c-3/3-0051/rtc/rtc0/hctosys" dev="sysfs" ino=25099 scontext=u:r:system_server:s0 tcontext=u:object_r:sysfs:s0 tclass=file permissive=1
01-01 08:00:12.920   523   523 I auditd  : type=1400 audit(0.0:60): avc: denied { getattr } for comm="Binder:523_3" path="/sys/devices/platform/fe5c0000.i2c/i2c-3/3-0051/rtc/rtc0/hctosys" dev="sysfs" ino=25099 scontext=u:r:system_server:s0 tcontext=u:object_r:sysfs:s0 tclass=file permissive=1
09-07 19:47:09.080   376   376 I OMXMaster: makeComponentInstance(OMX.rk.video_decoder.avc) in android.hardwar process
09-07 19:47:09.084   376   376 E OMXNodeInstance: getExtensionIndex(0xeea40e80:rk._decoder.avc, OMX.google.android.index.configureVideoTunnelMode) ERROR: BadParameter(0x80001005)
09-07 19:47:09.084   376   422 W OMXNodeInstance: [0xeea40e80:rk._decoder.avc] component does not support metadata mode; using fallback
09-07 19:47:09.160   376   723 I OMXMaster: makeComponentInstance(OMX.rk.video_encoder.avc) in android.hardwar process
09-07 19:47:09.163   376   376 E OMXNodeInstance: getConfig(0xeea40e80:rk._encoder.avc, ConfigAndroidIntraRefresh(0x6f60000a)) ERROR: UnsupportedIndex(0x8000101a)
09-07 19:47:09.463   366   421 I Codec2InfoBuilder: adding type 'video/avc'
09-07 19:47:09.468   366   421 I Codec2InfoBuilder: adding type 'video/avc'
09-07 19:47:09.573   645   679 I StdOutDevice: OMX.rk.video_encoder.avc
09-07 19:47:09.620   645   679 I StdOutDevice: c2.android.avc.encoder
09-07 19:47:12.503   178   178 I auditd  : type=1400 audit(0.0:61): avc: denied { read } for comm="Binder:178_2" name="wakeup9" dev="sysfs" ino=25476 scontext=u:r:system_suspend:s0 tcontext=u:object_r:sysfs_power:s0 tclass=dir permissive=1
09-07 19:47:12.503   178   178 I Binder:178_2: type=1400 audit(0.0:61): avc: denied { read } for name="wakeup9" dev="sysfs" ino=25476 scontext=u:r:system_suspend:s0 tcontext=u:object_r:sysfs_power:s0 tclass=dir permissive=1
09-07 19:47:12.503   178   178 I auditd  : type=1400 audit(0.0:62): avc: denied { open } for comm="Binder:178_2" path="/sys/devices/virtual/power_supply/test_battery/wakeup9" dev="sysfs" ino=25476 scontext=u:r:system_suspend:s0 tcontext=u:object_r:sysfs_power:s0 tclass=dir permissive=1
09-07 19:47:12.503   178   178 I Binder:178_2: type=1400 audit(0.0:62): avc: denied { open } for path="/sys/devices/virtual/power_supply/test_battery/wakeup9" dev="sysfs" ino=25476 scontext=u:r:system_suspend:s0 tcontext=u:object_r:sysfs_power:s0 tclass=dir permissive=1
09-07 19:47:12.503   178   178 I auditd  : type=1400 audit(0.0:63): avc: denied { read } for comm="Binder:178_2" name="wakeup3" dev="sysfs" ino=16270 scontext=u:r:system_suspend:s0 tcontext=u:object_r:sysfs:s0 tclass=dir permissive=1
09-07 19:47:12.503   178   178 I Binder:178_2: type=1400 audit(0.0:63): avc: denied { read } for name="wakeup3" dev="sysfs" ino=16270 scontext=u:r:system_suspend:s0 tcontext=u:object_r:sysfs:s0 tclass=dir permissive=1
09-07 19:47:12.503   178   178 I auditd  : type=1400 audit(0.0:64): avc: denied { open } for comm="Binder:178_2" path="/sys/devices/platform/fdef0000.iep/wakeup/wakeup3" dev="sysfs" ino=16270 scontext=u:r:system_suspend:s0 tcontext=u:object_r:sysfs:s0 tclass=dir permissive=1
09-07 19:47:12.503   178   178 I Binder:178_2: type=1400 audit(0.0:64): avc: denied { open } for path="/sys/devices/platform/fdef0000.iep/wakeup/wakeup3" dev="sysfs" ino=16270 scontext=u:r:system_suspend:s0 tcontext=u:object_r:sysfs:s0 tclass=dir permissive=1
09-07 19:47:12.503   178   178 I auditd  : type=1400 audit(0.0:65): avc: denied { read } for comm="Binder:178_2" name="event_count" dev="sysfs" ino=16277 scontext=u:r:system_suspend:s0 tcontext=u:object_r:sysfs:s0 tclass=file permissive=1
09-07 19:47:12.503   178   178 I Binder:178_2: type=1400 audit(0.0:65): avc: denied { read } for name="event_count" dev="sysfs" ino=16277 scontext=u:r:system_suspend:s0 tcontext=u:object_r:sysfs:s0 tclass=file permissive=1
09-07 19:47:12.503   178   178 I auditd  : type=1400 audit(0.0:66): avc: denied { open } for comm="Binder:178_2" path="/sys/devices/platform/fdef0000.iep/wakeup/wakeup3/event_count" dev="sysfs" ino=16277 scontext=u:r:system_suspend:s0 tcontext=u:object_r:sysfs:s0 tclass=file permissive=1
09-07 19:47:12.503   178   178 I Binder:178_2: type=1400 audit(0.0:66): avc: denied { open } for path="/sys/devices/platform/fdef0000.iep/wakeup/wakeup3/event_count" dev="sysfs" ino=16277 scontext=u:r:system_suspend:s0 tcontext=u:object_r:sysfs:s0 tclass=file permissive=1
09-07 19:47:12.503   178   178 I auditd  : type=1400 audit(0.0:67): avc: denied { getattr } for comm="Binder:178_2" path="/sys/devices/platform/fdef0000.iep/wakeup/wakeup3/event_count" dev="sysfs" ino=16277 scontext=u:r:system_suspend:s0 tcontext=u:object_r:sysfs:s0 tclass=file permissive=1
09-07 19:47:12.503   178   178 I Binder:178_2: type=1400 audit(0.0:67): avc: denied { getattr } for path="/sys/devices/platform/fdef0000.iep/wakeup/wakeup3/event_count" dev="sysfs" ino=16277 scontext=u:r:system_suspend:s0 tcontext=u:object_r:sysfs:s0 tclass=file permissive=1
09-07 19:47:16.483   841   841 I auditd  : type=1400 audit(0.0:68): avc: denied { call } for comm="system-server-i" scontext=u:r:system_server:s0 tcontext=u:r:sensors_service_ql:s0 tclass=binder permissive=1
09-07 19:47:16.486   841   841 I auditd  : type=1400 audit(0.0:69): avc: denied { use } for comm="system-server-i" path="/dev/ashmeme7f287b8-b87e-4820-a025-2e8e41bca10b" dev="tmpfs" ino=19507 scontext=u:r:sensors_service_ql:s0 tcontext=u:r:system_server:s0 tclass=fd permissive=1
09-07 19:47:16.486   841   841 I auditd  : type=1400 audit(0.0:70): avc: denied { transfer } for comm="system-server-i" scontext=u:r:system_server:s0 tcontext=u:r:sensors_service_ql:s0 tclass=binder permissive=1
09-07 19:47:16.506   178   178 I auditd  : type=1400 audit(0.0:71): avc: denied { read } for comm="Binder:178_2" name="wakeup3" dev="sysfs" ino=16270 scontext=u:r:system_suspend:s0 tcontext=u:object_r:sysfs:s0 tclass=dir permissive=1
09-07 19:47:16.506   178   178 I Binder:178_2: type=1400 audit(0.0:71): avc: denied { read } for name="wakeup3" dev="sysfs" ino=16270 scontext=u:r:system_suspend:s0 tcontext=u:object_r:sysfs:s0 tclass=dir permissive=1
09-07 19:47:16.506   178   178 I auditd  : type=1400 audit(0.0:72): avc: denied { open } for comm="Binder:178_2" path="/sys/devices/platform/fdef0000.iep/wakeup/wakeup3" dev="sysfs" ino=16270 scontext=u:r:system_suspend:s0 tcontext=u:object_r:sysfs:s0 tclass=dir permissive=1
09-07 19:47:16.506   178   178 I Binder:178_2: type=1400 audit(0.0:72): avc: denied { open } for path="/sys/devices/platform/fdef0000.iep/wakeup/wakeup3" dev="sysfs" ino=16270 scontext=u:r:system_suspend:s0 tcontext=u:object_r:sysfs:s0 tclass=dir permissive=1
09-07 19:47:16.506   178   178 I auditd  : type=1400 audit(0.0:73): avc: denied { read } for comm="Binder:178_2" name="event_count" dev="sysfs" ino=16277 scontext=u:r:system_suspend:s0 tcontext=u:object_r:sysfs:s0 tclass=file permissive=1
09-07 19:47:16.506   178   178 I Binder:178_2: type=1400 audit(0.0:73): avc: denied { read } for name="event_count" dev="sysfs" ino=16277 scontext=u:r:system_suspend:s0 tcontext=u:object_r:sysfs:s0 tclass=file permissive=1
09-07 19:47:16.506   178   178 I auditd  : type=1400 audit(0.0:74): avc: denied { open } for comm="Binder:178_2" path="/sys/devices/platform/fdef0000.iep/wakeup/wakeup3/event_count" dev="sysfs" ino=16277 scontext=u:r:system_suspend:s0 tcontext=u:object_r:sysfs:s0 tclass=file permissive=1
09-07 19:47:16.506   178   178 I Binder:178_2: type=1400 audit(0.0:74): avc: denied { open } for path="/sys/devices/platform/fdef0000.iep/wakeup/wakeup3/event_count" dev="sysfs" ino=16277 scontext=u:r:system_suspend:s0 tcontext=u:object_r:sysfs:s0 tclass=file permissive=1
09-07 19:47:16.506   178   178 I auditd  : type=1400 audit(0.0:75): avc: denied { getattr } for comm="Binder:178_2" path="/sys/devices/platform/fdef0000.iep/wakeup/wakeup3/event_count" dev="sysfs" ino=16277 scontext=u:r:system_suspend:s0 tcontext=u:object_r:sysfs:s0 tclass=file permissive=1
09-07 19:47:16.506   178   178 I Binder:178_2: type=1400 audit(0.0:75): avc: denied { getattr } for path="/sys/devices/platform/fdef0000.iep/wakeup/wakeup3/event_count" dev="sysfs" ino=16277 scontext=u:r:system_suspend:s0 tcontext=u:object_r:sysfs:s0 tclass=file permissive=1
09-07 19:47:16.640   376   916 I OMXMaster: makeComponentInstance(OMX.rk.video_decoder.avc) in android.hardwar process
09-07 19:47:16.645   376   916 E OMXNodeInstance: getExtensionIndex(0xeea40470:rk._decoder.avc, OMX.google.android.index.configureVideoTunnelMode) ERROR: BadParameter(0x80001005)
09-07 19:47:16.645   376   420 W OMXNodeInstance: [0xeea40470:rk._decoder.avc] component does not support metadata mode; using fallback
09-07 19:47:16.713   841   841 I auditd  : type=1400 audit(0.0:76): avc: denied { read } for comm="Binder:841_3" name="hctosys" dev="sysfs" ino=25099 scontext=u:r:system_server:s0 tcontext=u:object_r:sysfs:s0 tclass=file permissive=1
09-07 19:47:16.713   841   841 I auditd  : type=1400 audit(0.0:77): avc: denied { open } for comm="Binder:841_3" path="/sys/devices/platform/fe5c0000.i2c/i2c-3/3-0051/rtc/rtc0/hctosys" dev="sysfs" ino=25099 scontext=u:r:system_server:s0 tcontext=u:object_r:sysfs:s0 tclass=file permissive=1
09-07 19:47:16.713   841   841 I auditd  : type=1400 audit(0.0:78): avc: denied { getattr } for comm="Binder:841_3" path="/sys/devices/platform/fe5c0000.i2c/i2c-3/3-0051/rtc/rtc0/hctosys" dev="sysfs" ino=25099 scontext=u:r:system_server:s0 tcontext=u:object_r:sysfs:s0 tclass=file permissive=1
09-07 19:47:16.748   376   420 I OMXMaster: makeComponentInstance(OMX.rk.video_encoder.avc) in android.hardwar process
09-07 19:47:16.760   376   420 E OMXNodeInstance: getConfig(0xeea412e0:rk._encoder.avc, ConfigAndroidIntraRefresh(0x6f60000a)) ERROR: UnsupportedIndex(0x8000101a)
09-07 19:47:16.889   783   830 I Codec2InfoBuilder: adding type 'video/avc'
09-07 19:47:16.895   783   830 I Codec2InfoBuilder: adding type 'video/avc'
09-07 19:47:17.020   376   420 I OMXMaster: makeComponentInstance(OMX.rk.video_encoder.avc) in android.hardwar process
09-07 19:47:17.025   645   679 I StdOutDevice: Created encoder: OMX.rk.video_encoder.avc
09-07 19:47:17.030   645   981 I ACodec  : [OMX.rk.video_encoder.avc] cannot encode HDR static metadata. Ignoring.
09-07 19:47:17.030   376   916 E OMXNodeInstance: getConfig(0xeea40cc0:rk._encoder.avc, ConfigLatency(0x6f800005)) ERROR: UnsupportedIndex(0x8000101a)
09-07 19:47:17.030   376   916 E OMXNodeInstance: getConfig(0xeea40cc0:rk._encoder.avc, ConfigAndroidVendorExtension(0x6f100004)) ERROR: UnsupportedIndex(0x8000101a)
09-07 19:47:17.030   376   916 E OMXNodeInstance: getConfig(0xeea40cc0:rk._encoder.avc, ConfigAndroidIntraRefresh(0x6f60000a)) ERROR: UnsupportedIndex(0x8000101a)
09-07 19:47:17.032   376   916 E OMXNodeInstance: getParameter(0xeea40cc0:rk._encoder.avc, ParamConsumerUsageBits(0x6f800004)) ERROR: UnsupportedIndex(0x8000101a)
09-07 19:47:17.033   376   916 E OMXNodeInstance: getParameter(0xeea40cc0:rk._encoder.avc, ParamConsumerUsageBits(0x6f800004)) ERROR: UnsupportedIndex(0x8000101a)
09-07 19:47:17.056   376   376 I auditd  : type=1400 audit(0.0:79): avc: denied { read } for comm="omx_msg_hdl" name="version" dev="proc" ino=4026532060 scontext=u:r:mediacodec:s0 tcontext=u:object_r:proc_version:s0 tclass=file permissive=1
09-07 19:47:17.056   376   376 I omx_msg_hdl: type=1400 audit(0.0:79): avc: denied { read } for name="version" dev="proc" ino=4026532060 scontext=u:r:mediacodec:s0 tcontext=u:object_r:proc_version:s0 tclass=file permissive=1
09-07 19:47:17.056   376   376 I auditd  : type=1400 audit(0.0:80): avc: denied { open } for comm="omx_msg_hdl" path="/proc/version" dev="proc" ino=4026532060 scontext=u:r:mediacodec:s0 tcontext=u:object_r:proc_version:s0 tclass=file permissive=1
09-07 19:47:17.056   376   376 I omx_msg_hdl: type=1400 audit(0.0:80): avc: denied { open } for path="/proc/version" dev="proc" ino=4026532060 scontext=u:r:mediacodec:s0 tcontext=u:object_r:proc_version:s0 tclass=file permissive=1
09-07 19:47:17.060   376   376 I auditd  : type=1400 audit(0.0:81): avc: denied { getattr } for comm="omx_msg_hdl" path="/proc/version" dev="proc" ino=4026532060 scontext=u:r:mediacodec:s0 tcontext=u:object_r:proc_version:s0 tclass=file permissive=1
09-07 19:47:17.060   376   376 I omx_msg_hdl: type=1400 audit(0.0:81): avc: denied { getattr } for path="/proc/version" dev="proc" ino=4026532060 scontext=u:r:mediacodec:s0 tcontext=u:object_r:proc_version:s0 tclass=file permissive=1
09-07 19:47:17.063     1     1 I auditd  : type=1107 audit(0.0:82): uid=0 auid=4294967295 ses=4294967295 subj=u:r:init:s0 msg='avc: denied { set } for property=vendor.rga_api.version pid=376 uid=1046 gid=1006 scontext=u:r:mediacodec:s0 tcontext=u:object_r:vendor_default_prop:s0 tclass=property_service permissive=1'
09-07 19:47:17.063     1     1 I /system/bin/init: type=1107 audit(0.0:82): uid=0 auid=4294967295 ses=4294967295 subj=u:r:init:s0 msg='avc: denied { set } for property=vendor.rga_api.version pid=376 uid=1046 gid=1006 scontext=u:r:mediacodec:s0 tcontext=u:object_r:vendor_default_prop:s0 tclass=property_service permissive=1'
09-07 19:47:17.072   376   422 E OMXNodeInstance: getConfig(0xeea40cc0:rk._encoder.avc, ConfigAndroidIntraRefresh(0x6f60000a)) ERROR: UnsupportedIndex(0x8000101a)
09-07 19:47:18.403   178   178 I auditd  : type=1400 audit(0.0:83): avc: denied { read } for comm="Binder:178_2" name="wakeup9" dev="sysfs" ino=25476 scontext=u:r:system_suspend:s0 tcontext=u:object_r:sysfs_power:s0 tclass=dir permissive=1
09-07 19:47:18.403   178   178 I Binder:178_2: type=1400 audit(0.0:83): avc: denied { read } for name="wakeup9" dev="sysfs" ino=25476 scontext=u:r:system_suspend:s0 tcontext=u:object_r:sysfs_power:s0 tclass=dir permissive=1
09-07 19:47:18.403   178   178 I auditd  : type=1400 audit(0.0:84): avc: denied { open } for comm="Binder:178_2" path="/sys/devices/virtual/power_supply/test_battery/wakeup9" dev="sysfs" ino=25476 scontext=u:r:system_suspend:s0 tcontext=u:object_r:sysfs_power:s0 tclass=dir permissive=1
09-07 19:47:18.403   178   178 I Binder:178_2: type=1400 audit(0.0:84): avc: denied { open } for path="/sys/devices/virtual/power_supply/test_battery/wakeup9" dev="sysfs" ino=25476 scontext=u:r:system_suspend:s0 tcontext=u:object_r:sysfs_power:s0 tclass=dir permissive=1
09-07 19:47:18.413   178   178 I auditd  : type=1400 audit(0.0:85): avc: denied { read } for comm="Binder:178_2" name="wakeup3" dev="sysfs" ino=16270 scontext=u:r:system_suspend:s0 tcontext=u:object_r:sysfs:s0 tclass=dir permissive=1
09-07 19:47:18.413   178   178 I Binder:178_2: type=1400 audit(0.0:85): avc: denied { read } for name="wakeup3" dev="sysfs" ino=16270 scontext=u:r:system_suspend:s0 tcontext=u:object_r:sysfs:s0 tclass=dir permissive=1
09-07 19:47:18.413   178   178 I auditd  : type=1400 audit(0.0:86): avc: denied { open } for comm="Binder:178_2" path="/sys/devices/platform/fdef0000.iep/wakeup/wakeup3" dev="sysfs" ino=16270 scontext=u:r:system_suspend:s0 tcontext=u:object_r:sysfs:s0 tclass=dir permissive=1
09-07 19:47:18.413   178   178 I Binder:178_2: type=1400 audit(0.0:86): avc: denied { open } for path="/sys/devices/platform/fdef0000.iep/wakeup/wakeup3" dev="sysfs" ino=16270 scontext=u:r:system_suspend:s0 tcontext=u:object_r:sysfs:s0 tclass=dir permissive=1
09-07 19:47:18.413   178   178 I auditd  : type=1400 audit(0.0:87): avc: denied { read } for comm="Binder:178_2" name="event_count" dev="sysfs" ino=16277 scontext=u:r:system_suspend:s0 tcontext=u:object_r:sysfs:s0 tclass=file permissive=1
09-07 19:47:18.413   178   178 I Binder:178_2: type=1400 audit(0.0:87): avc: denied { read } for name="event_count" dev="sysfs" ino=16277 scontext=u:r:system_suspend:s0 tcontext=u:object_r:sysfs:s0 tclass=file permissive=1
09-07 19:47:18.413   178   178 I auditd  : type=1400 audit(0.0:88): avc: denied { open } for comm="Binder:178_2" path="/sys/devices/platform/fdef0000.iep/wakeup/wakeup3/event_count" dev="sysfs" ino=16277 scontext=u:r:system_suspend:s0 tcontext=u:object_r:sysfs:s0 tclass=file permissive=1
09-07 19:47:18.413   178   178 I Binder:178_2: type=1400 audit(0.0:88): avc: denied { open } for path="/sys/devices/platform/fdef0000.iep/wakeup/wakeup3/event_count" dev="sysfs" ino=16277 scontext=u:r:system_suspend:s0 tcontext=u:object_r:sysfs:s0 tclass=file permissive=1
09-07 19:47:18.413   178   178 I auditd  : type=1400 audit(0.0:89): avc: denied { getattr } for comm="Binder:178_2" path="/sys/devices/platform/fdef0000.iep/wakeup/wakeup3/event_count" dev="sysfs" ino=16277 scontext=u:r:system_suspend:s0 tcontext=u:object_r:sysfs:s0 tclass=file permissive=1
09-07 19:47:18.413   178   178 I Binder:178_2: type=1400 audit(0.0:89): avc: denied { getattr } for path="/sys/devices/platform/fdef0000.iep/wakeup/wakeup3/event_count" dev="sysfs" ino=16277 scontext=u:r:system_suspend:s0 tcontext=u:object_r:sysfs:s0 tclass=file permissive=1
09-07 19:47:19.046   784   784 I auditd  : type=1400 audit(0.0:90): avc: denied { associate } for comm="Binder:784_3" name="globalAlert" scontext=u:object_r:proc_net:s0 tcontext=u:object_r:proc:s0 tclass=filesystem permissive=1
09-07 19:47:19.046   784   784 I Binder:784_3: type=1400 audit(0.0:90): avc: denied { associate } for name="globalAlert" scontext=u:object_r:proc_net:s0 tcontext=u:object_r:proc:s0 tclass=filesystem permissive=1
09-07 19:47:19.216   841   841 I auditd  : type=1400 audit(0.0:91): avc: denied { call } for comm="Binder:841_3" scontext=u:r:system_server:s0 tcontext=u:r:gnss_service_ql:s0 tclass=binder permissive=1
09-07 19:47:19.236   287   287 I auditd  : type=1400 audit(0.0:92): avc: denied { transfer } for comm="gnss@2.0-servic" scontext=u:r:gnss_service_ql:s0 tcontext=u:r:system_server:s0 tclass=binder permissive=1
09-07 19:47:19.236   287   287 I gnss@2.0-servic: type=1400 audit(0.0:92): avc: denied { transfer } for scontext=u:r:gnss_service_ql:s0 tcontext=u:r:system_server:s0 tclass=binder permissive=1
09-07 19:47:19.240   841   841 I auditd  : type=1400 audit(0.0:93): avc: denied { transfer } for comm="android.fg" scontext=u:r:system_server:s0 tcontext=u:r:gnss_service_ql:s0 tclass=binder permissive=1
09-07 19:47:19.240   287   287 I auditd  : type=1400 audit(0.0:94): avc: denied { call } for comm="gnss@2.0-servic" scontext=u:r:gnss_service_ql:s0 tcontext=u:r:system_server:s0 tclass=binder permissive=1
09-07 19:47:19.240   287   287 I gnss@2.0-servic: type=1400 audit(0.0:94): avc: denied { call } for scontext=u:r:gnss_service_ql:s0 tcontext=u:r:system_server:s0 tclass=binder permissive=1
09-07 19:47:19.250   287   287 I auditd  : type=1400 audit(0.0:95): avc: denied { connectto } for comm="gnss@2.0-servic" path=0072696C642D6E6D6561 scontext=u:r:gnss_service_ql:s0 tcontext=u:r:l26_service:s0 tclass=unix_stream_socket permissive=1
09-07 19:47:19.250   287   287 I gnss@2.0-servic: type=1400 audit(0.0:95): avc: denied { connectto } for path=0072696C642D6E6D6561 scontext=u:r:gnss_service_ql:s0 tcontext=u:r:l26_service:s0 tclass=unix_stream_socket permissive=1
09-07 19:47:20.150   841   841 I auditd  : type=1400 audit(0.0:96): avc: denied { read } for comm="Binder:841_3" name="state" dev="sysfs" ino=15716 scontext=u:r:system_server:s0 tcontext=u:object_r:sysfs:s0 tclass=file permissive=1
09-07 19:47:20.150   841   841 I auditd  : type=1400 audit(0.0:97): avc: denied { open } for comm="Binder:841_3" path="/sys/devices/platform/fe8b0000.usb2-phy/extcon/extcon1/state" dev="sysfs" ino=15716 scontext=u:r:system_server:s0 tcontext=u:object_r:sysfs:s0 tclass=file permissive=1
09-07 19:47:20.150   841   841 I auditd  : type=1400 audit(0.0:98): avc: denied { getattr } for comm="Binder:841_3" path="/sys/devices/platform/fe8b0000.usb2-phy/extcon/extcon1/state" dev="sysfs" ino=15716 scontext=u:r:system_server:s0 tcontext=u:object_r:sysfs:s0 tclass=file permissive=1
09-07 19:47:20.870   384   384 I auditd  : type=1400 audit(0.0:99): avc: denied { read write } for comm="l26_service" name="ttyUSB0" dev="tmpfs" ino=408 scontext=u:r:l26_service:s0 tcontext=u:object_r:radio_device:s0 tclass=chr_file permissive=1
09-07 19:47:20.870   384   384 I l26_service: type=1400 audit(0.0:99): avc: denied { read write } for name="ttyUSB0" dev="tmpfs" ino=408 scontext=u:r:l26_service:s0 tcontext=u:object_r:radio_device:s0 tclass=chr_file permissive=1
09-07 19:47:20.870   384   384 I auditd  : type=1400 audit(0.0:100): avc: denied { open } for comm="l26_service" path="/dev/ttyUSB0" dev="tmpfs" ino=408 scontext=u:r:l26_service:s0 tcontext=u:object_r:radio_device:s0 tclass=chr_file permissive=1
09-07 19:47:20.870   384   384 I l26_service: type=1400 audit(0.0:100): avc: denied { open } for path="/dev/ttyUSB0" dev="tmpfs" ino=408 scontext=u:r:l26_service:s0 tcontext=u:object_r:radio_device:s0 tclass=chr_file permissive=1
09-07 19:47:20.883   384   384 I auditd  : type=1400 audit(0.0:101): avc: denied { ioctl } for comm="l26_service" path="/dev/ttyUSB0" dev="tmpfs" ino=408 ioctlcmd=0x5401 scontext=u:r:l26_service:s0 tcontext=u:object_r:radio_device:s0 tclass=chr_file permissive=1
09-07 19:47:20.883   384   384 I l26_service: type=1400 audit(0.0:101): avc: denied { ioctl } for path="/dev/ttyUSB0" dev="tmpfs" ino=408 ioctlcmd=0x5401 scontext=u:r:l26_service:s0 tcontext=u:object_r:radio_device:s0 tclass=chr_file permissive=1
09-07 19:47:21.023   384   384 I auditd  : type=1400 audit(0.0:102): avc: denied { write } for comm="l26_service" name="/" dev="dm-6" ino=3 scontext=u:r:l26_service:s0 tcontext=u:object_r:system_data_root_file:s0 tclass=dir permissive=1
09-07 19:47:21.023   384   384 I l26_service: type=1400 audit(0.0:102): avc: denied { write } for name="/" dev="dm-6" ino=3 scontext=u:r:l26_service:s0 tcontext=u:object_r:system_data_root_file:s0 tclass=dir permissive=1
09-07 19:47:21.023   384   384 I auditd  : type=1400 audit(0.0:103): avc: denied { add_name } for comm="l26_service" name="0907_194721_sensor_logfile.txt" scontext=u:r:l26_service:s0 tcontext=u:object_r:system_data_root_file:s0 tclass=dir permissive=1
09-07 19:47:21.023   384   384 I l26_service: type=1400 audit(0.0:103): avc: denied { add_name } for name="0907_194721_sensor_logfile.txt" scontext=u:r:l26_service:s0 tcontext=u:object_r:system_data_root_file:s0 tclass=dir permissive=1
09-07 19:47:21.023   384   384 I auditd  : type=1400 audit(0.0:104): avc: denied { create } for comm="l26_service" name="0907_194721_sensor_logfile.txt" scontext=u:r:l26_service:s0 tcontext=u:object_r:system_data_root_file:s0 tclass=file permissive=1
09-07 19:47:21.023   384   384 I l26_service: type=1400 audit(0.0:104): avc: denied { create } for name="0907_194721_sensor_logfile.txt" scontext=u:r:l26_service:s0 tcontext=u:object_r:system_data_root_file:s0 tclass=file permissive=1
09-07 19:47:21.030   384   384 I auditd  : type=1400 audit(0.0:105): avc: denied { read write open } for comm="l26_service" path="/data/0907_194721_sensor_logfile.txt" dev="dm-6" ino=3467 scontext=u:r:l26_service:s0 tcontext=u:object_r:system_data_root_file:s0 tclass=file permissive=1
09-07 19:47:21.030   384   384 I l26_service: type=1400 audit(0.0:105): avc: denied { read write open } for path="/data/0907_194721_sensor_logfile.txt" dev="dm-6" ino=3467 scontext=u:r:l26_service:s0 tcontext=u:object_r:system_data_root_file:s0 tclass=file permissive=1
09-07 19:47:21.030   384   384 I auditd  : type=1400 audit(0.0:106): avc: denied { getattr } for comm="l26_service" path="/data/0907_194721_sensor_logfile.txt" dev="dm-6" ino=3467 scontext=u:r:l26_service:s0 tcontext=u:object_r:system_data_root_file:s0 tclass=file permissive=1
09-07 19:47:21.030   384   384 I l26_service: type=1400 audit(0.0:106): avc: denied { getattr } for path="/data/0907_194721_sensor_logfile.txt" dev="dm-6" ino=3467 scontext=u:r:l26_service:s0 tcontext=u:object_r:system_data_root_file:s0 tclass=file permissive=1
09-07 19:47:21.623   384   384 I l26_service: type=1400 audit(0.0:107): avc: denied { getattr } for path="/data/0907_194721_sensor_logfile.txt" dev="dm-6" ino=3467 scontext=u:r:l26_service:s0 tcontext=u:object_r:system_data_root_file:s0 tclass=file permissive=1
09-07 19:47:21.623   384   384 I auditd  : type=1400 audit(0.0:107): avc: denied { getattr } for comm="l26_service" path="/data/0907_194721_sensor_logfile.txt" dev="dm-6" ino=3467 scontext=u:r:l26_service:s0 tcontext=u:object_r:system_data_root_file:s0 tclass=file permissive=1
09-07 19:47:21.923     1     1 I auditd  : type=1107 audit(0.0:108): uid=0 auid=4294967295 ses=4294967295 subj=u:r:init:s0 msg='avc: denied { set } for property=sys.gmali.version pid=1060 uid=10114 gid=10114 scontext=u:r:platform_app:s0:c512,c768 tcontext=u:object_r:system_prop:s0 tclass=property_service permissive=1'
09-07 19:47:21.923     1     1 I /system/bin/init: type=1107 audit(0.0:108): uid=0 auid=4294967295 ses=4294967295 subj=u:r:init:s0 msg='avc: denied { set } for property=sys.gmali.version pid=1060 uid=10114 gid=10114 scontext=u:r:platform_app:s0:c512,c768 tcontext=u:object_r:system_prop:s0 tclass=property_service permissive=1'
09-07 19:47:22.966   841   841 I auditd  : type=1400 audit(0.0:109): avc: denied { call } for comm="android.ui" scontext=u:r:system_server:s0 tcontext=u:r:sensors_service_ql:s0 tclass=binder permissive=1
09-07 19:47:23.106   178   178 I auditd  : type=1400 audit(0.0:110): avc: denied { read } for comm="Binder:178_2" name="wakeup9" dev="sysfs" ino=25476 scontext=u:r:system_suspend:s0 tcontext=u:object_r:sysfs_power:s0 tclass=dir permissive=1
09-07 19:47:23.106   178   178 I Binder:178_2: type=1400 audit(0.0:110): avc: denied { read } for name="wakeup9" dev="sysfs" ino=25476 scontext=u:r:system_suspend:s0 tcontext=u:object_r:sysfs_power:s0 tclass=dir permissive=1
09-07 19:47:23.106   178   178 I auditd  : type=1400 audit(0.0:111): avc: denied { open } for comm="Binder:178_2" path="/sys/devices/virtual/power_supply/test_battery/wakeup9" dev="sysfs" ino=25476 scontext=u:r:system_suspend:s0 tcontext=u:object_r:sysfs_power:s0 tclass=dir permissive=1
09-07 19:47:23.106   178   178 I Binder:178_2: type=1400 audit(0.0:111): avc: denied { open } for path="/sys/devices/virtual/power_supply/test_battery/wakeup9" dev="sysfs" ino=25476 scontext=u:r:system_suspend:s0 tcontext=u:object_r:sysfs_power:s0 tclass=dir permissive=1
09-07 19:47:23.126   178   178 I auditd  : type=1400 audit(0.0:112): avc: denied { read } for comm="Binder:178_2" name="wakeup3" dev="sysfs" ino=16270 scontext=u:r:system_suspend:s0 tcontext=u:object_r:sysfs:s0 tclass=dir permissive=1
09-07 19:47:23.126   178   178 I Binder:178_2: type=1400 audit(0.0:112): avc: denied { read } for name="wakeup3" dev="sysfs" ino=16270 scontext=u:r:system_suspend:s0 tcontext=u:object_r:sysfs:s0 tclass=dir permissive=1
09-07 19:47:23.126   178   178 I auditd  : type=1400 audit(0.0:113): avc: denied { open } for comm="Binder:178_2" path="/sys/devices/platform/fdef0000.iep/wakeup/wakeup3" dev="sysfs" ino=16270 scontext=u:r:system_suspend:s0 tcontext=u:object_r:sysfs:s0 tclass=dir permissive=1
09-07 19:47:23.126   178   178 I Binder:178_2: type=1400 audit(0.0:113): avc: denied { open } for path="/sys/devices/platform/fdef0000.iep/wakeup/wakeup3" dev="sysfs" ino=16270 scontext=u:r:system_suspend:s0 tcontext=u:object_r:sysfs:s0 tclass=dir permissive=1
09-07 19:47:23.126   178   178 I auditd  : type=1400 audit(0.0:114): avc: denied { read } for comm="Binder:178_2" name="event_count" dev="sysfs" ino=16277 scontext=u:r:system_suspend:s0 tcontext=u:object_r:sysfs:s0 tclass=file permissive=1
09-07 19:47:23.126   178   178 I Binder:178_2: type=1400 audit(0.0:114): avc: denied { read } for name="event_count" dev="sysfs" ino=16277 scontext=u:r:system_suspend:s0 tcontext=u:object_r:sysfs:s0 tclass=file permissive=1
09-07 19:47:23.126   178   178 I auditd  : type=1400 audit(0.0:115): avc: denied { open } for comm="Binder:178_2" path="/sys/devices/platform/fdef0000.iep/wakeup/wakeup3/event_count" dev="sysfs" ino=16277 scontext=u:r:system_suspend:s0 tcontext=u:object_r:sysfs:s0 tclass=file permissive=1
09-07 19:47:23.126   178   178 I Binder:178_2: type=1400 audit(0.0:115): avc: denied { open } for path="/sys/devices/platform/fdef0000.iep/wakeup/wakeup3/event_count" dev="sysfs" ino=16277 scontext=u:r:system_suspend:s0 tcontext=u:object_r:sysfs:s0 tclass=file permissive=1
09-07 19:47:23.126   178   178 I auditd  : type=1400 audit(0.0:116): avc: denied { getattr } for comm="Binder:178_2" path="/sys/devices/platform/fdef0000.iep/wakeup/wakeup3/event_count" dev="sysfs" ino=16277 scontext=u:r:system_suspend:s0 tcontext=u:object_r:sysfs:s0 tclass=file permissive=1
09-07 19:47:23.126   178   178 I Binder:178_2: type=1400 audit(0.0:116): avc: denied { getattr } for path="/sys/devices/platform/fdef0000.iep/wakeup/wakeup3/event_count" dev="sysfs" ino=16277 scontext=u:r:system_suspend:s0 tcontext=u:object_r:sysfs:s0 tclass=file permissive=1
09-07 19:47:23.623   384   384 I auditd  : type=1400 audit(0.0:117): avc: denied { getattr } for comm="l26_service" path="/data/0907_194721_sensor_logfile.txt" dev="dm-6" ino=3467 scontext=u:r:l26_service:s0 tcontext=u:object_r:system_data_root_file:s0 tclass=file permissive=1
09-07 19:47:23.623   384   384 I l26_service: type=1400 audit(0.0:117): avc: denied { getattr } for path="/data/0907_194721_sensor_logfile.txt" dev="dm-6" ino=3467 scontext=u:r:l26_service:s0 tcontext=u:object_r:system_data_root_file:s0 tclass=file permissive=1
09-07 19:47:24.436   384   384 I auditd  : type=1400 audit(0.0:118): avc: denied { getattr } for comm="l26_service" path="/data/0907_194721_sensor_logfile.txt" dev="dm-6" ino=3467 scontext=u:r:l26_service:s0 tcontext=u:object_r:system_data_root_file:s0 tclass=file permissive=1
09-07 19:47:24.436   384   384 I l26_service: type=1400 audit(0.0:118): avc: denied { getattr } for path="/data/0907_194721_sensor_logfile.txt" dev="dm-6" ino=3467 scontext=u:r:l26_service:s0 tcontext=u:object_r:system_data_root_file:s0 tclass=file permissive=1
09-07 19:47:26.430   384   384 I auditd  : type=1400 audit(0.0:119): avc: denied { getattr } for comm="l26_service" path="/data/0907_194721_sensor_logfile.txt" dev="dm-6" ino=3467 scontext=u:r:l26_service:s0 tcontext=u:object_r:system_data_root_file:s0 tclass=file permissive=1
09-07 19:47:26.430   384   384 I l26_service: type=1400 audit(0.0:119): avc: denied { getattr } for path="/data/0907_194721_sensor_logfile.txt" dev="dm-6" ino=3467 scontext=u:r:l26_service:s0 tcontext=u:object_r:system_data_root_file:s0 tclass=file permissive=1
09-07 19:47:26.826   384   384 I auditd  : type=1400 audit(0.0:120): avc: denied { getattr } for comm="l26_service" path="/data/0907_194721_sensor_logfile.txt" dev="dm-6" ino=3467 scontext=u:r:l26_service:s0 tcontext=u:object_r:system_data_root_file:s0 tclass=file permissive=1
09-07 19:47:26.826   384   384 I l26_service: type=1400 audit(0.0:120): avc: denied { getattr } for path="/data/0907_194721_sensor_logfile.txt" dev="dm-6" ino=3467 scontext=u:r:l26_service:s0 tcontext=u:object_r:system_data_root_file:s0 tclass=file permissive=1
09-07 19:47:27.223   384   384 I auditd  : type=1400 audit(0.0:121): avc: denied { getattr } for comm="l26_service" path="/data/0907_194721_sensor_logfile.txt" dev="dm-6" ino=3467 scontext=u:r:l26_service:s0 tcontext=u:object_r:system_data_root_file:s0 tclass=file permissive=1
09-07 19:47:27.223   384   384 I l26_service: type=1400 audit(0.0:121): avc: denied { getattr } for path="/data/0907_194721_sensor_logfile.txt" dev="dm-6" ino=3467 scontext=u:r:l26_service:s0 tcontext=u:object_r:system_data_root_file:s0 tclass=file permissive=1
09-07 19:47:27.573  1384  1384 I auditd  : type=1400 audit(0.0:122): avc: denied { write } for comm="RenderThread" name="property_service" dev="tmpfs" ino=11252 scontext=u:r:priv_app:s0:c512,c768 tcontext=u:object_r:property_socket:s0 tclass=sock_file permissive=1 app=com.android.launcher3
09-07 19:47:27.573  1384  1384 I RenderThread: type=1400 audit(0.0:122): avc: denied { write } for name="property_service" dev="tmpfs" ino=11252 scontext=u:r:priv_app:s0:c512,c768 tcontext=u:object_r:property_socket:s0 tclass=sock_file permissive=1 app=com.android.launcher3
09-07 19:47:27.573  1384  1384 I auditd  : type=1400 audit(0.0:123): avc: denied { connectto } for comm="RenderThread" path="/dev/socket/property_service" scontext=u:r:priv_app:s0:c512,c768 tcontext=u:r:init:s0 tclass=unix_stream_socket permissive=1 app=com.android.launcher3
09-07 19:47:27.573  1384  1384 I RenderThread: type=1400 audit(0.0:123): avc: denied { connectto } for path="/dev/socket/property_service" scontext=u:r:priv_app:s0:c512,c768 tcontext=u:r:init:s0 tclass=unix_stream_socket permissive=1 app=com.android.launcher3
09-07 19:47:27.573     1     1 I auditd  : type=1107 audit(0.0:124): uid=0 auid=4294967295 ses=4294967295 subj=u:r:init:s0 msg='avc: denied { set } for property=sys.gmali.version pid=1384 uid=10112 gid=10112 scontext=u:r:priv_app:s0:c512,c768 tcontext=u:object_r:system_prop:s0 tclass=property_service permissive=1'
09-07 19:47:27.573     1     1 I /system/bin/init: type=1107 audit(0.0:124): uid=0 auid=4294967295 ses=4294967295 subj=u:r:init:s0 msg='avc: denied { set } for property=sys.gmali.version pid=1384 uid=10112 gid=10112 scontext=u:r:priv_app:s0:c512,c768 tcontext=u:object_r:system_prop:s0 tclass=property_service permissive=1'
09-07 19:47:28.473   384   384 I auditd  : type=1400 audit(0.0:125): avc: denied { getattr } for comm="l26_service" path="/data/0907_194721_sensor_logfile.txt" dev="dm-6" ino=3467 scontext=u:r:l26_service:s0 tcontext=u:object_r:system_data_root_file:s0 tclass=file permissive=1
